---
source: blackbox-log/tests/snapshots.rs
expression: logs
input_file: blackbox-log/tests/logs/.fc-blackbox/src/test-data/LOG00004.TXT
---
[
  Ok(LogSnapshot(
    headers: Headers(
      version: V2,
      firmware_revision: "INAV 3.0.1 (753c4479) MATEKF405SE",
      firmware_kind: Betaflight,
      board_info: None,
      craft_name: Some(":WDTE"),
      vbat: Some(VbatConfig(
        reference: 1646,
        scale: 110,
      )),
      current_meter: Some(CurrentMeterConfig(
        offset: 0,
        scale: 317,
      )),
      acceleration_1g: Some(2048),
      gyro_scale: Some(0.017453292),
      min_throttle: Some(1042),
      motor_output_range: Some(MotorOutputRange(1042, 1850)),
    ),
    stats: Stats(
      counts: FrameCounts(
        main: 199851,
        slow: 698,
        gps: 4170,
        gps_home: 137,
      ),
    ),
    events: [
      SyncBeep(110912419),
      FlightMode(
        flags: 1,
        last_flags: 16387,
      ),
      FlightMode(
        flags: 1025,
        last_flags: 1,
      ),
      FlightMode(
        flags: 1,
        last_flags: 1025,
      ),
      FlightMode(
        flags: 2305,
        last_flags: 1,
      ),
      FlightMode(
        flags: 1,
        last_flags: 2305,
      ),
      FlightMode(
        flags: 16387,
        last_flags: 1,
      ),
      FlightMode(
        flags: 1,
        last_flags: 16387,
      ),
      FlightMode(
        flags: 268435457,
        last_flags: 1,
      ),
      InflightAdjustment(
        function: 17,
        new_value: Int(36),
      ),
      InflightAdjustment(
        function: 24,
        new_value: Int(350),
      ),
      InflightAdjustment(
        function: 17,
        new_value: Int(38),
      ),
      InflightAdjustment(
        function: 24,
        new_value: Int(340),
      ),
      InflightAdjustment(
        function: 17,
        new_value: Int(39),
      ),
      InflightAdjustment(
        function: 24,
        new_value: Int(330),
      ),
      InflightAdjustment(
        function: 17,
        new_value: Int(41),
      ),
      InflightAdjustment(
        function: 24,
        new_value: Int(320),
      ),
      InflightAdjustment(
        function: 17,
        new_value: Int(42),
      ),
      InflightAdjustment(
        function: 24,
        new_value: Int(310),
      ),
      InflightAdjustment(
        function: 17,
        new_value: Int(43),
      ),
      InflightAdjustment(
        function: 24,
        new_value: Int(300),
      ),
      InflightAdjustment(
        function: 17,
        new_value: Int(45),
      ),
      InflightAdjustment(
        function: 24,
        new_value: Int(290),
      ),
      InflightAdjustment(
        function: 17,
        new_value: Int(46),
      ),
      InflightAdjustment(
        function: 24,
        new_value: Int(280),
      ),
      InflightAdjustment(
        function: 19,
        new_value: Int(6),
      ),
      InflightAdjustment(
        function: 8,
        new_value: Int(7),
      ),
      SyncBeep(137),
      FlightMode(
        flags: 76,
        last_flags: 80,
      ),
      Resume(
        log_iteration: 1546,
        time: 1426,
      ),
    ],
    fields: Fields([
      FieldSnapshot(
        name: "loopIteration",
        unit: Unitless,
        history: FieldSnapshot(
          min: 0,
          max: 399682,
          unique: 199845,
          histogram: (12492, 12492, 12491, 12490, 12490, 12490, 12490, 12490, 12491, 12490, 12490, 12490, 12491, 12492, 12492, 12490),
        ),
      ),
      FieldSnapshot(
        name: "time",
        unit: FrameTime,
        history: FieldSnapshot(
          min: 0,
          max: 513485143,
          unique: 199851,
          histogram: (12504, 12513, 12614, 12393, 12500, 12451, 12730, 12351, 12408, 12465, 12354, 12478, 12463, 12573, 12713, 12341),
        ),
      ),
      FieldSnapshot(
        name: "axisRate[0]",
        unit: Unitless,
        history: FieldSnapshot(
          min: -5760,
          max: 2361,
          unique: 453,
          histogram: (64407, 10264, 14131, 8745, 10915, 11473, 7169, 12046, 8110, 7034, 10207, 6804, 9565, 6543, 5535, 6903),
        ),
      ),
      FieldSnapshot(
        name: "axisRate[1]",
        unit: Unitless,
        history: FieldSnapshot(
          min: -93220666,
          max: 138,
          unique: 298,
          histogram: (102269, 17744, 13747, 11054, 9488, 7622, 7113, 6540, 5341, 3267, 2770, 4862, 2323, 1883, 1984, 1844),
        ),
      ),
      FieldSnapshot(
        name: "axisRate[2]",
        unit: Unitless,
        history: FieldSnapshot(
          min: -1163,
          max: 4794,
          unique: 16,
          histogram: (187159, 4155, 6163, 1302, 1064, 2, 1, 1, 0, 0, 1, 1, 0, 1, 0, 1),
        ),
      ),
      FieldSnapshot(
        name: "axisP[0]",
        unit: Unitless,
        history: FieldSnapshot(
          min: -133090235,
          max: 8178,
          unique: 108,
          histogram: (57685, 47591, 34420, 23127, 13784, 8568, 5468, 2837, 1745, 1238, 877, 647, 487, 499, 528, 350),
        ),
      ),
      FieldSnapshot(
        name: "axisP[1]",
        unit: Unitless,
        history: FieldSnapshot(
          min: -841,
          max: 34556220,
          unique: 201,
          histogram: (46066, 41062, 31553, 22771, 15901, 11348, 8336, 5556, 4188, 3160, 2375, 1822, 1501, 2727, 769, 716),
        ),
      ),
      FieldSnapshot(
        name: "axisP[2]",
        unit: Unitless,
        history: FieldSnapshot(
          min: -48234111,
          max: 340,
          unique: 94,
          histogram: (30152, 26456, 24681, 20786, 18203, 15820, 14065, 12368, 9109, 7856, 6098, 4287, 3365, 2980, 2147, 1478),
        ),
      ),
      FieldSnapshot(
        name: "axisI[0]",
        unit: Unitless,
        history: FieldSnapshot(
          min: -107,
          max: 165,
          unique: 273,
          histogram: (24088, 13406, 12782, 13638, 12533, 13779, 11895, 11280, 11535, 11093, 12935, 10960, 10185, 11090, 9551, 9101),
        ),
      ),
      FieldSnapshot(
        name: "axisI[1]",
        unit: Unitless,
        history: FieldSnapshot(
          min: -397,
          max: 1402,
          unique: 216,
          histogram: (25841, 15905, 13788, 13172, 12293, 12703, 12281, 12234, 11723, 11992, 11285, 10926, 9929, 9200, 8325, 8254),
        ),
      ),
      FieldSnapshot(
        name: "axisI[2]",
        unit: Unitless,
        history: FieldSnapshot(
          min: -1422,
          max: 2525,
          unique: 178,
          histogram: (20271, 10519, 14942, 17050, 24144, 35379, 5906, 6164, 5880, 6160, 7092, 8382, 10936, 8974, 8649, 9403),
        ),
      ),
      FieldSnapshot(
        name: "axisD[0]",
        unit: Unitless,
        history: FieldSnapshot(
          min: -1083,
          max: 40,
          unique: 9,
          histogram: (199843, 0, 0, 1, 0, 1, 0, 1, 1, 0, 0, 1, 1, 1, 1, 0),
        ),
      ),
      FieldSnapshot(
        name: "axisD[1]",
        unit: Unitless,
        history: FieldSnapshot(
          min: -3700,
          max: 940,
          unique: 8,
          histogram: (199844, 1, 0, 0, 1, 0, 0, 2, 1, 0, 0, 0, 2, 0, 0, 0),
        ),
      ),
      FieldSnapshot(
        name: "axisD[2]",
        unit: Unitless,
        history: FieldSnapshot(
          min: -2947,
          max: 46,
          unique: 8,
          histogram: (199843, 0, 2, 1, 0, 0, 0, 0, 0, 2, 0, 0, 0, 2, 1, 0),
        ),
      ),
      FieldSnapshot(
        name: "fwAltP",
        unit: Unitless,
        history: FieldSnapshot(
          min: -9,
          max: 1275,
          unique: 15,
          histogram: (199577, 11, 10, 10, 27, 30, 31, 40, 41, 70, 0, 3, 0, 0, 1, 0),
        ),
      ),
      FieldSnapshot(
        name: "fwAltI",
        unit: Unitless,
        history: FieldSnapshot(
          min: -878,
          max: 3307,
          unique: 10,
          histogram: (199717, 127, 0, 0, 0, 0, 0, 0, 0, 2, 1, 1, 1, 0, 2, 0),
        ),
      ),
      FieldSnapshot(
        name: "fwAltD",
        unit: Unitless,
        history: FieldSnapshot(
          min: -3886,
          max: 3316,
          unique: 27,
          histogram: (199597, 1, 20, 0, 21, 21, 0, 20, 31, 21, 31, 20, 40, 27, 1, 0),
        ),
      ),
      FieldSnapshot(
        name: "fwAltOut",
        unit: Unitless,
        history: FieldSnapshot(
          min: -1072,
          max: 24,
          unique: 25,
          histogram: (199597, 80, 41, 10, 20, 2, 20, 0, 19, 11, 10, 0, 10, 10, 0, 21),
        ),
      ),
      FieldSnapshot(
        name: "fwPosP",
        unit: Unitless,
        history: FieldSnapshot(
          min: -51,
          max: 1128,
          unique: 14,
          histogram: (199576, 1, 1, 1, 40, 50, 31, 37, 43, 70, 0, 1, 0, 0, 0, 0),
        ),
      ),
      FieldSnapshot(
        name: "fwPosI",
        unit: Unitless,
        history: FieldSnapshot(
          min: -1203,
          max: 3417,
          unique: 9,
          histogram: (199706, 137, 0, 2, 0, 0, 0, 0, 1, 4, 1, 0, 0, 0, 0, 0),
        ),
      ),
      FieldSnapshot(
        name: "fwPosD",
        unit: Unitless,
        history: FieldSnapshot(
          min: -1122,
          max: 63,
          unique: 16,
          histogram: (199646, 20, 22, 40, 117, 0, 0, 0, 0, 0, 2, 1, 0, 0, 0, 3),
        ),
      ),
      FieldSnapshot(
        name: "fwPosOut",
        unit: Unitless,
        history: FieldSnapshot(
          min: -814,
          max: 1217,
          unique: 18,
          histogram: (199597, 22, 0, 1, 17, 20, 30, 20, 10, 10, 62, 21, 20, 20, 1, 0),
        ),
      ),
      FieldSnapshot(
        name: "rcData[0]",
        unit: Unitless,
        history: FieldSnapshot(
          min: -3593,
          max: 2011,
          unique: 462,
          histogram: (7083, 6129, 9728, 9051, 6116, 9216, 8618, 5172, 10036, 11232, 5302, 22723, 55641, 17306, 5707, 10791),
        ),
      ),
      FieldSnapshot(
        name: "rcData[1]",
        unit: Unitless,
        history: FieldSnapshot(
          min: -4994,
          max: 1646,
          unique: 358,
          histogram: (6560, 5533, 7770, 7543, 5458, 8060, 7334, 3944, 10884, 33021, 4800, 52313, 24530, 7652, 4256, 10193),
        ),
      ),
      FieldSnapshot(
        name: "rcData[2]",
        unit: Unitless,
        history: FieldSnapshot(
          min: -1712,
          max: 1591,
          unique: 99,
          histogram: (1724, 1149, 3173, 954, 2388, 3348, 1559, 1278, 2959, 4947, 783, 7919, 115573, 48131, 625, 3341),
        ),
      ),
      FieldSnapshot(
        name: "rcData[3]",
        unit: Unitless,
        history: FieldSnapshot(
          min: -1290,
          max: 2011,
          unique: 483,
          histogram: (18433, 11942, 6269, 5551, 9281, 12862, 7482, 7387, 16459, 22229, 15299, 9842, 16221, 18433, 9677, 12484),
        ),
      ),
      FieldSnapshot(
        name: "rcCommand[0]",
        unit: Unitless,
        history: FieldSnapshot(
          min: -465,
          max: 5108,
          unique: 584,
          histogram: (84441, 9186, 8565, 9335, 11627, 8164, 6714, 7524, 7256, 6271, 7573, 7668, 7269, 5524, 6697, 6037),
        ),
      ),
      FieldSnapshot(
        name: "rcCommand[1]",
        unit: Unitless,
        history: FieldSnapshot(
          min: -502,
          max: 51,
          unique: 340,
          histogram: (92001, 9200, 9164, 7506, 8937, 7544, 6193, 6414, 6200, 4792, 18645, 5145, 5333, 4637, 4388, 3752),
        ),
      ),
      FieldSnapshot(
        name: "rcCommand[2]",
        unit: Unitless,
        history: FieldSnapshot(
          min: -41,
          max: 34,
          unique: 51,
          histogram: (177431, 3116, 3446, 1564, 2713, 1676, 758, 713, 1113, 715, 1373, 2603, 1197, 522, 533, 378),
        ),
      ),
      FieldSnapshot(
        name: "rcCommand[3]",
        unit: Unitless,
        history: FieldSnapshot(
          min: 0,
          max: 12200,
          unique: 642,
          histogram: (12332, 15721, 21340, 28334, 6388, 8728, 9994, 16374, 16669, 7329, 8921, 14111, 6854, 8811, 6288, 11657),
        ),
      ),
      FieldSnapshot(
        name: "vbat",
        unit: Unitless,
        history: FieldSnapshot(
          min: 0,
          max: 4294965541,
          unique: 291,
          histogram: (10286, 11976, 9303, 9979, 8883, 9279, 11351, 16706, 14178, 14453, 15776, 15117, 16095, 12820, 13175, 10474),
        ),
      ),
      FieldSnapshot(
        name: "amperage",
        unit: Unitless,
        history: FieldSnapshot(
          min: -2459,
          max: 4738,
          unique: 3164,
          histogram: (12254, 11803, 11413, 11413, 11942, 17796, 12621, 11700, 11645, 12583, 13220, 12192, 12690, 12145, 12268, 12166),
        ),
      ),
      FieldSnapshot(
        name: "BaroAlt",
        unit: Unitless,
        history: FieldSnapshot(
          min: -1265,
          max: 26493,
          unique: 2433,
          histogram: (12131, 11766, 11924, 13079, 14950, 11413, 10711, 12530, 12432, 13161, 12185, 11496, 14119, 13311, 12131, 12512),
        ),
      ),
      FieldSnapshot(
        name: "rssi",
        unit: Unitless,
        history: FieldSnapshot(
          min: 0,
          max: 9687,
          unique: 180,
          histogram: (9340, 6403, 4602, 4312, 16403, 4216, 9926, 5241, 6407, 4265, 11312, 8972, 5562, 6426, 3815, 92649),
        ),
      ),
      FieldSnapshot(
        name: "gyroADC[0]",
        unit: Rotation,
        history: FieldSnapshot(
          min: -4961,
          max: 1191,
          unique: 584,
          histogram: (14076, 17898, 16097, 15428, 14292, 14196, 13683, 13203, 12763, 11829, 10957, 10373, 9389, 9028, 8406, 8233),
        ),
      ),
      FieldSnapshot(
        name: "gyroADC[1]",
        unit: Rotation,
        history: FieldSnapshot(
          min: -1861,
          max: 134,
          unique: 298,
          histogram: (16475, 22119, 20754, 19654, 17624, 16120, 14677, 12597, 11297, 10021, 8659, 7554, 6511, 5911, 5202, 4676),
        ),
      ),
      FieldSnapshot(
        name: "gyroADC[2]",
        unit: Rotation,
        history: FieldSnapshot(
          min: -44,
          max: 99,
          unique: 142,
          histogram: (15764, 22284, 20176, 18618, 17511, 15236, 13343, 12679, 10565, 10105, 9485, 9562, 7735, 6438, 5695, 4655),
        ),
      ),
      FieldSnapshot(
        name: "accSmooth[0]",
        unit: Acceleration,
        history: FieldSnapshot(
          min: -2374,
          max: 4364,
          unique: 2137,
          histogram: (12317, 12343, 12874, 12737, 13104, 12503, 12931, 12863, 12608, 12311, 12164, 12433, 11983, 12228, 12239, 12213),
        ),
      ),
      FieldSnapshot(
        name: "accSmooth[1]",
        unit: Acceleration,
        history: FieldSnapshot(
          min: -934,
          max: 481,
          unique: 654,
          histogram: (11916, 12564, 13655, 12465, 13111, 12375, 12245, 12911, 12206, 13273, 11881, 12599, 11655, 12995, 11752, 12248),
        ),
      ),
      FieldSnapshot(
        name: "accSmooth[2]",
        unit: Acceleration,
        history: FieldSnapshot(
          min: -1805,
          max: 5846,
          unique: 4210,
          histogram: (12215, 12388, 12363, 12640, 12789, 12902, 12921, 12590, 12525, 12320, 12374, 12297, 12269, 12405, 12356, 12497),
        ),
      ),
      FieldSnapshot(
        name: "attitude[0]",
        unit: Unitless,
        history: FieldSnapshot(
          min: -1799,
          max: 1800,
          unique: 2811,
          histogram: (13449, 13156, 13148, 12261, 12576, 12586, 12631, 12448, 11812, 12271, 12190, 11980, 12022, 11941, 12783, 12597),
        ),
      ),
      FieldSnapshot(
        name: "attitude[1]",
        unit: Unitless,
        history: FieldSnapshot(
          min: -873,
          max: 476,
          unique: 1226,
          histogram: (13210, 13568, 13368, 13199, 15358, 12159, 12223, 12258, 12297, 12375, 12065, 11532, 11543, 11320, 11677, 11699),
        ),
      ),
      FieldSnapshot(
        name: "attitude[2]",
        unit: Unitless,
        history: FieldSnapshot(
          min: -250,
          max: 4793,
          unique: 3603,
          histogram: (12674, 12933, 13053, 12520, 12185, 12567, 13104, 12232, 12144, 12498, 12521, 12479, 12279, 12109, 12233, 12320),
        ),
      ),
      FieldSnapshot(
        name: "motor[0]",
        unit: Unitless,
        history: FieldSnapshot(
          min: 0,
          max: 9635,
          unique: 637,
          histogram: (7122, 7091, 6820, 9537, 14444, 19189, 14216, 16703, 21126, 17528, 9665, 9986, 12421, 11892, 12913, 9198),
        ),
      ),
      FieldSnapshot(
        name: "servo[0]",
        unit: Unitless,
        history: FieldSnapshot(
          min: 0,
          max: 4294966653,
          unique: 8,
          histogram: (0, 0, 0, 1, 0, 1, 0, 0, 0, 0, 0, 0, 199846, 2, 1, 0),
        ),
      ),
      FieldSnapshot(
        name: "servo[1]",
        unit: Unitless,
        history: FieldSnapshot(
          min: 0,
          max: 4294967024,
          unique: 9,
          histogram: (2, 0, 1, 1, 0, 0, 0, 2, 0, 0, 0, 0, 199844, 1, 0, 0),
        ),
      ),
      FieldSnapshot(
        name: "servo[2]",
        unit: Unitless,
        history: FieldSnapshot(
          min: 0,
          max: 4294964522,
          unique: 8,
          histogram: (0, 0, 0, 2, 0, 0, 0, 0, 0, 1, 1, 1, 199845, 0, 1, 0),
        ),
      ),
      FieldSnapshot(
        name: "servo[3]",
        unit: Unitless,
        history: FieldSnapshot(
          min: 0,
          max: 4294964903,
          unique: 487,
          histogram: (11653, 12810, 12510, 12745, 12641, 13592, 13562, 13140, 12924, 12963, 12261, 12022, 12014, 11783, 11426, 11805),
        ),
      ),
      FieldSnapshot(
        name: "servo[4]",
        unit: Unitless,
        history: FieldSnapshot(
          min: 0,
          max: 4294967164,
          unique: 549,
          histogram: (12291, 12189, 11837, 12986, 13162, 13112, 13654, 14402, 12230, 11466, 11859, 12531, 12197, 11444, 12361, 12130),
        ),
      ),
      FieldSnapshot(
        name: "servo[5]",
        unit: Unitless,
        history: FieldSnapshot(
          min: 0,
          max: 5032,
          unique: 9,
          histogram: (0, 0, 0, 0, 2, 0, 0, 1, 1, 0, 0, 1, 199843, 2, 1, 0),
        ),
      ),
      FieldSnapshot(
        name: "servo[6]",
        unit: Unitless,
        history: FieldSnapshot(
          min: 0,
          max: 1518,
          unique: 8,
          histogram: (1, 0, 1, 0, 1, 1, 0, 0, 0, 0, 0, 0, 199845, 0, 2, 0),
        ),
      ),
      FieldSnapshot(
        name: "servo[7]",
        unit: Unitless,
        history: FieldSnapshot(
          min: 0,
          max: 1528,
          unique: 8,
          histogram: (1, 0, 0, 0, 0, 0, 0, 1, 2, 0, 2, 1, 199843, 0, 0, 1),
        ),
      ),
      FieldSnapshot(
        name: "servo[8]",
        unit: Unitless,
        history: FieldSnapshot(
          min: 0,
          max: 3559,
          unique: 8,
          histogram: (0, 0, 0, 0, 0, 1, 1, 1, 0, 0, 1, 1, 199844, 0, 1, 1),
        ),
      ),
      FieldSnapshot(
        name: "servo[9]",
        unit: Unitless,
        history: FieldSnapshot(
          min: 0,
          max: 3539,
          unique: 9,
          histogram: (1, 0, 0, 2, 1, 1, 0, 1, 0, 1, 0, 0, 199843, 0, 0, 1),
        ),
      ),
      FieldSnapshot(
        name: "servo[10]",
        unit: Unitless,
        history: FieldSnapshot(
          min: 0,
          max: 2015,
          unique: 8,
          histogram: (0, 0, 0, 0, 0, 1, 0, 0, 1, 1, 0, 1, 199844, 1, 1, 1),
        ),
      ),
      FieldSnapshot(
        name: "servo[11]",
        unit: Unitless,
        history: FieldSnapshot(
          min: 0,
          max: 3314,
          unique: 9,
          histogram: (1, 1, 1, 0, 1, 0, 0, 0, 0, 0, 0, 0, 199845, 2, 0, 0),
        ),
      ),
      FieldSnapshot(
        name: "servo[12]",
        unit: Unitless,
        history: FieldSnapshot(
          min: 0,
          max: 4294966849,
          unique: 8,
          histogram: (0, 1, 0, 0, 0, 0, 2, 0, 0, 1, 0, 0, 199844, 1, 2, 0),
        ),
      ),
      FieldSnapshot(
        name: "servo[13]",
        unit: Unitless,
        history: FieldSnapshot(
          min: 0,
          max: 2020,
          unique: 9,
          histogram: (0, 1, 1, 0, 1, 0, 2, 1, 0, 0, 1, 0, 199843, 0, 0, 1),
        ),
      ),
      FieldSnapshot(
        name: "servo[14]",
        unit: Unitless,
        history: FieldSnapshot(
          min: 0,
          max: 4294966163,
          unique: 8,
          histogram: (0, 2, 0, 1, 0, 0, 0, 1, 0, 1, 0, 1, 199844, 0, 0, 1),
        ),
      ),
      FieldSnapshot(
        name: "servo[15]",
        unit: Unitless,
        history: FieldSnapshot(
          min: 0,
          max: 4294967071,
          unique: 9,
          histogram: (1, 0, 0, 0, 0, 0, 0, 0, 1, 1, 1, 1, 199843, 0, 1, 2),
        ),
      ),
      FieldSnapshot(
        name: "navState",
        unit: Unitless,
        history: FieldSnapshot(
          min: -201,
          max: 508,
          unique: 12,
          histogram: (1, 184330, 0, 0, 0, 1, 0, 1, 0, 1, 8043, 0, 7471, 0, 2, 1),
        ),
      ),
      FieldSnapshot(
        name: "navFlags",
        unit: Unitless,
        history: FieldSnapshot(
          min: 0,
          max: 4294967281,
          unique: 10,
          histogram: (1, 1, 1, 0, 0, 199843, 1, 0, 0, 0, 0, 1, 1, 2, 0, 0),
        ),
      ),
      FieldSnapshot(
        name: "navEPH",
        unit: Unitless,
        history: FieldSnapshot(
          min: -206,
          max: 207,
          unique: 112,
          histogram: (14922, 11060, 8659, 12970, 12101, 11941, 10190, 14111, 12171, 13010, 13480, 11430, 10245, 13360, 13811, 16390),
        ),
      ),
      FieldSnapshot(
        name: "navEPV",
        unit: Unitless,
        history: FieldSnapshot(
          min: -11,
          max: 553,
          unique: 8,
          histogram: (0, 0, 0, 0, 199843, 0, 0, 1, 0, 2, 0, 1, 0, 1, 2, 1),
        ),
      ),
      FieldSnapshot(
        name: "navPos[0]",
        unit: Unitless,
        history: FieldSnapshot(
          min: -90469,
          max: 32605,
          unique: 17845,
          histogram: (12451, 12530, 12629, 12183, 12710, 12441, 12880, 12401, 12334, 12790, 12481, 11700, 12260, 12760, 12570, 12731),
        ),
      ),
      FieldSnapshot(
        name: "navPos[1]",
        unit: Unitless,
        history: FieldSnapshot(
          min: -49461,
          max: 104926,
          unique: 18092,
          histogram: (12180, 12373, 12980, 12750, 12030, 12870, 12520, 12830, 12430, 13001, 12001, 12201, 12750, 12140, 12275, 12520),
        ),
      ),
      FieldSnapshot(
        name: "navPos[2]",
        unit: Unitless,
        history: FieldSnapshot(
          min: -1659,
          max: 26627,
          unique: 11878,
          histogram: (12221, 12700, 12410, 12480, 12390, 13175, 13390, 13061, 12590, 12510, 11560, 12612, 12790, 12091, 12000, 11871),
        ),
      ),
      FieldSnapshot(
        name: "navVel[0]",
        unit: Unitless,
        history: FieldSnapshot(
          min: -3364,
          max: 3854,
          unique: 6081,
          histogram: (13040, 12321, 12830, 12521, 12685, 12909, 12611, 12672, 12850, 12610, 11910, 12220, 12091, 12560, 12201, 11820),
        ),
      ),
      FieldSnapshot(
        name: "navVel[1]",
        unit: Unitless,
        history: FieldSnapshot(
          min: -4258,
          max: 4352,
          unique: 6325,
          histogram: (12571, 12620, 12859, 13480, 13320, 11771, 12071, 12124, 12450, 12290, 12431, 12561, 12171, 12362, 12700, 12070),
        ),
      ),
      FieldSnapshot(
        name: "navVel[2]",
        unit: Unitless,
        history: FieldSnapshot(
          min: -3132,
          max: 2795,
          unique: 2898,
          histogram: (12710, 14929, 12531, 12541, 12641, 12370, 12121, 11950, 12362, 12250, 12440, 12160, 12526, 12180, 12120, 12020),
        ),
      ),
      FieldSnapshot(
        name: "navAcc[0]",
        unit: Unitless,
        history: FieldSnapshot(
          min: -2075,
          max: 4659,
          unique: 2994,
          histogram: (13122, 13145, 12980, 13065, 12728, 12435, 12435, 12391, 12510, 12488, 12359, 12344, 12153, 11690, 11853, 12153),
        ),
      ),
      FieldSnapshot(
        name: "navAcc[1]",
        unit: Unitless,
        history: FieldSnapshot(
          min: -4359,
          max: 4094,
          unique: 3439,
          histogram: (13234, 13191, 13199, 12815, 12722, 12550, 12368, 12324, 12484, 12500, 12266, 12063, 12216, 12172, 11984, 11763),
        ),
      ),
      FieldSnapshot(
        name: "navAcc[2]",
        unit: Unitless,
        history: FieldSnapshot(
          min: -2929,
          max: 3604,
          unique: 4245,
          histogram: (13220, 13325, 13100, 12634, 12717, 12224, 12247, 12380, 12305, 12339, 12475, 12271, 12260, 12303, 12146, 11905),
        ),
      ),
      FieldSnapshot(
        name: "navTgtVel[0]",
        unit: Unitless,
        history: FieldSnapshot(
          min: -2055,
          max: 249,
          unique: 8,
          histogram: (199843, 0, 0, 1, 0, 2, 0, 1, 1, 1, 1, 1, 0, 0, 0, 0),
        ),
      ),
      FieldSnapshot(
        name: "navTgtVel[1]",
        unit: Unitless,
        history: FieldSnapshot(
          min: -1175,
          max: 1285,
          unique: 8,
          histogram: (199846, 0, 0, 0, 0, 1, 0, 1, 1, 0, 2, 0, 0, 0, 0, 0),
        ),
      ),
      FieldSnapshot(
        name: "navTgtVel[2]",
        unit: Unitless,
        history: FieldSnapshot(
          min: -1234,
          max: 16,
          unique: 7,
          histogram: (199844, 0, 4, 1, 1, 0, 0, 0, 0, 0, 0, 1, 0, 0, 0, 0),
        ),
      ),
      FieldSnapshot(
        name: "navTgtPos[0]",
        unit: Unitless,
        history: FieldSnapshot(
          min: -53,
          max: 1189,
          unique: 9,
          histogram: (64474, 1, 0, 0, 0, 135373, 0, 1, 0, 1, 0, 0, 0, 0, 1, 0),
        ),
      ),
      FieldSnapshot(
        name: "navTgtPos[1]",
        unit: Unitless,
        history: FieldSnapshot(
          min: -1152,
          max: 2,
          unique: 9,
          histogram: (64476, 2, 2, 1, 0, 0, 0, 135370, 0, 0, 0, 0, 0, 0, 0, 0),
        ),
      ),
      FieldSnapshot(
        name: "navTgtPos[2]",
        unit: Unitless,
        history: FieldSnapshot(
          min: -2247,
          max: 26596,
          unique: 10,
          histogram: (64474, 1, 1, 0, 135369, 0, 0, 1, 1, 2, 1, 0, 0, 1, 0, 0),
        ),
      ),
      FieldSnapshot(
        name: "navSurf[0]",
        unit: Unitless,
        history: FieldSnapshot(
          min: -251,
          max: 2313,
          unique: 8,
          histogram: (199844, 0, 2, 2, 0, 0, 0, 0, 0, 2, 0, 1, 0, 0, 0, 0),
        ),
      ),
      FieldSnapshot(
        name: "flightModeFlags",
        unit: FlightMode,
        history: {
          "Airmode": 1,
          "Angle": 30125,
          "Antigravity": 272,
          "Arm": 199848,
          "BeeperOn": 274,
          "Blackbox": 1,
          "BlackboxErase": 1,
          "Calib": 1,
          "CamStab": 2393,
          "Camera1": 1,
          "Camera2": 1,
          "Failsafe": 3,
          "FpvAngleMix": 1,
          "HeadFree": 3,
          "Horizon": 4,
          "LedLow": 1,
          "Mag": 3,
          "Osd": 30123,
          "Passthru": 3,
          "Prearm": 5640,
          "Servo1": 1,
          "Servo3": 1,
          "Telemetry": 1,
          "Turtle": 1,
        },
      ),
      FieldSnapshot(
        name: "stateFlags",
        unit: State,
        history: {
          "GpsFix": 199845,
          "GpsFixEver": 5,
          "GpsFixHome": 199846,
        },
      ),
      FieldSnapshot(
        name: "failsafePhase",
        unit: FailsafePhase,
        history: {
          "GpsRescue": 3,
          "Idle": 5,
          "Landed": 3,
          "Landing": 3,
          "RxLossDetected": 2,
          "RxLossMonitoring": 2,
          "RxLossRecovered": 2,
        },
      ),
      FieldSnapshot(
        name: "rxSignalReceived",
        unit: Boolean,
        history: History(
          yes: 199849,
          no: 2,
        ),
      ),
      FieldSnapshot(
        name: "rxFlightChannelsValid",
        unit: Boolean,
        history: History(
          yes: 199848,
          no: 3,
        ),
      ),
      FieldSnapshot(
        name: "hwHealthStatus",
        unit: Unitless,
        history: FieldSnapshot(
          min: 0,
          max: 5754,
          unique: 9,
          histogram: (1, 0, 0, 1, 1, 199843, 1, 0, 0, 1, 1, 0, 2, 0, 0, 0),
        ),
      ),
      FieldSnapshot(
        name: "powerSupplyImpedance",
        unit: Unitless,
        history: FieldSnapshot(
          min: 0,
          max: 199216254,
          unique: 22,
          histogram: (26220, 119, 21, 0, 5027, 12693, 1942, 23778, 24742, 45675, 14999, 598, 25525, 8289, 10113, 110),
        ),
      ),
      FieldSnapshot(
        name: "sagCompensatedVBat",
        unit: Unitless,
        history: FieldSnapshot(
          min: 0,
          max: 1646,
          unique: 162,
          histogram: (10999, 10878, 10952, 10626, 10825, 10295, 9795, 9706, 10176, 16696, 12902, 12172, 14757, 16583, 20790, 11699),
        ),
      ),
      FieldSnapshot(
        name: "wind[0]",
        unit: Unitless,
        history: FieldSnapshot(
          min: -75,
          max: 4177,
          unique: 9,
          histogram: (8704, 1, 69699, 1, 1, 0, 0, 0, 1, 1, 0, 121442, 0, 0, 1, 0),
        ),
      ),
      FieldSnapshot(
        name: "wind[1]",
        unit: Unitless,
        history: FieldSnapshot(
          min: -151,
          max: 4170,
          unique: 11,
          histogram: (8702, 0, 69700, 0, 0, 1, 1, 2, 0, 1, 2, 121442, 0, 0, 0, 0),
        ),
      ),
      FieldSnapshot(
        name: "wind[2]",
        unit: Unitless,
        history: FieldSnapshot(
          min: -50,
          max: 5029819,
          unique: 9,
          histogram: (8704, 0, 121442, 0, 1, 0, 1, 1, 69700, 1, 0, 1, 0, 0, 0, 0),
        ),
      ),
      FieldSnapshot(
        name: "IMUTemperature",
        unit: Unitless,
        history: FieldSnapshot(
          min: -958,
          max: 421,
          unique: 144,
          histogram: (17261, 37455, 13727, 11511, 7939, 8677, 11363, 13068, 12006, 13992, 11417, 8213, 6109, 5924, 5703, 15486),
        ),
      ),
      FieldSnapshot(
        name: "baroTemperature",
        unit: Unitless,
        history: FieldSnapshot(
          min: -38,
          max: 3852,
          unique: 145,
          histogram: (4253, 4171, 7933, 41708, 16774, 18707, 12826, 8688, 5537, 15599, 7893, 22673, 9772, 9827, 7369, 6121),
        ),
      ),
      FieldSnapshot(
        name: "sens0Temp",
        unit: Unitless,
        history: FieldSnapshot(
          min: -4562,
          max: 435,
          unique: 9,
          histogram: (0, 0, 199844, 3, 0, 1, 0, 0, 1, 1, 0, 0, 1, 0, 0, 0),
        ),
      ),
      FieldSnapshot(
        name: "sens1Temp",
        unit: Unitless,
        history: FieldSnapshot(
          min: -4383,
          max: 40,
          unique: 8,
          histogram: (2, 0, 199843, 0, 1, 0, 0, 0, 2, 0, 1, 0, 0, 1, 0, 1),
        ),
      ),
      FieldSnapshot(
        name: "sens2Temp",
        unit: Unitless,
        history: FieldSnapshot(
          min: -3787,
          max: 4592,
          unique: 9,
          histogram: (1, 0, 199843, 1, 0, 0, 1, 2, 0, 0, 1, 1, 0, 0, 0, 1),
        ),
      ),
      FieldSnapshot(
        name: "sens3Temp",
        unit: Unitless,
        history: FieldSnapshot(
          min: -1250,
          max: 2109,
          unique: 8,
          histogram: (2, 0, 199843, 0, 1, 0, 0, 1, 0, 1, 1, 0, 1, 1, 0, 0),
        ),
      ),
      FieldSnapshot(
        name: "sens4Temp",
        unit: Unitless,
        history: FieldSnapshot(
          min: -1250,
          max: 5183,
          unique: 9,
          histogram: (0, 0, 199845, 0, 0, 0, 2, 1, 1, 0, 0, 0, 1, 0, 0, 1),
        ),
      ),
      FieldSnapshot(
        name: "sens5Temp",
        unit: Unitless,
        history: FieldSnapshot(
          min: -1250,
          max: 0,
          unique: 7,
          histogram: (3, 0, 199843, 0, 1, 0, 0, 0, 0, 0, 0, 0, 1, 0, 1, 2),
        ),
      ),
      FieldSnapshot(
        name: "sens6Temp",
        unit: Unitless,
        history: FieldSnapshot(
          min: -1250,
          max: 515919,
          unique: 8,
          histogram: (0, 0, 199843, 0, 1, 2, 1, 1, 1, 0, 0, 0, 0, 0, 1, 1),
        ),
      ),
      FieldSnapshot(
        name: "sens7Temp",
        unit: Unitless,
        history: FieldSnapshot(
          min: -1250,
          max: 1918,
          unique: 8,
          histogram: (2, 0, 199844, 0, 0, 0, 1, 0, 0, 1, 0, 2, 0, 0, 1, 0),
        ),
      ),
      FieldSnapshot(
        name: "escRPM",
        unit: Unitless,
        history: FieldSnapshot(
          min: 0,
          max: 134599721,
          unique: 9,
          histogram: (0, 0, 0, 0, 2, 0, 1, 0, 2, 199843, 1, 0, 1, 0, 0, 1),
        ),
      ),
      FieldSnapshot(
        name: "escTemperature",
        unit: Unitless,
        history: FieldSnapshot(
          min: -26,
          max: 7,
          unique: 7,
          histogram: (199845, 1, 0, 1, 1, 0, 0, 1, 0, 0, 1, 0, 0, 0, 0, 1),
        ),
      ),
      FieldSnapshot(
        name: "time",
        unit: FrameTime,
        history: FieldSnapshot(
          min: 0,
          max: 513471046,
          unique: 4141,
          histogram: (11835, 11876, 12986, 12468, 13274, 13211, 13085, 12572, 11184, 14015, 13241, 11400, 11750, 12901, 11863, 12189),
        ),
      ),
      FieldSnapshot(
        name: "GPS_fixType",
        unit: Unitless,
        history: FieldSnapshot(
          min: 0,
          max: 1973410172,
          unique: 7,
          histogram: (0, 0, 199844, 0, 0, 0, 1, 0, 1, 2, 0, 0, 1, 1, 0, 0),
        ),
      ),
      FieldSnapshot(
        name: "GPS_numSat",
        unit: Unitless,
        history: FieldSnapshot(
          min: 0,
          max: 6474,
          unique: 17,
          histogram: (20124, 69498, 0, 0, 0, 0, 4, 1743, 14429, 2832, 2962, 15324, 26748, 6967, 20979, 18240),
        ),
      ),
      FieldSnapshot(
        name: "GPS_coord[0]",
        unit: Unitless,
        history: FieldSnapshot(
          min: -81178,
          max: 29274,
          unique: 3852,
          histogram: (12298, 13086, 13305, 12186, 11772, 14335, 12310, 12461, 13160, 13118, 12950, 11222, 12014, 12279, 11608, 11746),
        ),
      ),
      FieldSnapshot(
        name: "GPS_coord[1]",
        unit: Unitless,
        history: FieldSnapshot(
          min: -72719,
          max: 155109,
          unique: 3940,
          histogram: (11424, 13813, 14004, 11126, 11504, 12614, 12466, 11649, 12927, 12903, 12059, 11821, 13235, 12355, 12905, 13045),
        ),
      ),
      FieldSnapshot(
        name: "GPS_altitude",
        unit: Unitless,
        history: FieldSnapshot(
          min: -2000117058,
          max: 4649,
          unique: 268,
          histogram: (12439, 16075, 15434, 11851, 10104, 12609, 14779, 13592, 13696, 12602, 9967, 9360, 9847, 9546, 14657, 13292),
        ),
      ),
      FieldSnapshot(
        name: "GPS_speed",
        unit: Unitless,
        history: FieldSnapshot(
          min: 0,
          max: 9210,
          unique: 1687,
          histogram: (12342, 11993, 13460, 11507, 12579, 12200, 11420, 13180, 12618, 12269, 12914, 12320, 12209, 13929, 12583, 12327),
        ),
      ),
      FieldSnapshot(
        name: "GPS_ground_course",
        unit: Unitless,
        history: FieldSnapshot(
          min: 0,
          max: 4698,
          unique: 2021,
          histogram: (10835, 13914, 13317, 12056, 12651, 12006, 12284, 12961, 13140, 13264, 13350, 12414, 11719, 10507, 12647, 12785),
        ),
      ),
      FieldSnapshot(
        name: "GPS_hdop",
        unit: Unitless,
        history: FieldSnapshot(
          min: 0,
          max: 8242,
          unique: 29,
          histogram: (0, 4523, 39865, 43145, 3531, 17033, 10051, 31611, 1898, 26350, 2831, 1942, 0, 1, 7172, 9897),
        ),
      ),
      FieldSnapshot(
        name: "GPS_eph",
        unit: Unitless,
        history: FieldSnapshot(
          min: 0,
          max: 7972,
          unique: 61,
          histogram: (20016, 12234, 13340, 8558, 11451, 15968, 34081, 11988, 4723, 4536, 10395, 12135, 10668, 10089, 11636, 8032),
        ),
      ),
      FieldSnapshot(
        name: "GPS_epv",
        unit: Unitless,
        history: FieldSnapshot(
          min: 0,
          max: 9051,
          unique: 77,
          histogram: (12779, 12775, 8521, 8226, 7512, 16975, 12064, 12324, 18324, 13710, 7876, 11700, 12164, 13994, 12600, 18306),
        ),
      ),
      FieldSnapshot(
        name: "GPS_velned[0]",
        unit: Unitless,
        history: FieldSnapshot(
          min: -3360,
          max: 3872,
          unique: 2813,
          histogram: (11857, 10458, 12529, 12637, 12746, 13484, 12260, 13162, 11817, 13356, 12125, 13758, 11063, 12052, 12621, 13925),
        ),
      ),
      FieldSnapshot(
        name: "GPS_velned[1]",
        unit: Unitless,
        history: FieldSnapshot(
          min: -4312,
          max: 4355,
          unique: 2801,
          histogram: (13995, 12234, 13271, 12540, 11086, 12016, 13293, 11991, 12943, 12429, 12282, 12558, 13260, 11862, 12897, 11193),
        ),
      ),
      FieldSnapshot(
        name: "GPS_velned[2]",
        unit: Unitless,
        history: FieldSnapshot(
          min: -2126,
          max: 2664,
          unique: 1689,
          histogram: (12282, 13121, 13414, 13495, 12483, 11727, 12706, 11595, 12193, 14098, 11657, 12542, 11819, 13977, 11636, 11105),
        ),
      ),
    ]),
  )),
]
