---
source: blackbox-log/tests/snapshots.rs
expression: logs
input_file: blackbox-log/tests/logs/crashing-LOG00002.BFL
---
[
  Err(Corrupted),
]
