---
source: blackbox-log/tests/snapshots.rs
expression: logs
input_file: blackbox-log/tests/logs/gimbal-ghost/btfl_001.bbl
---
[
  Ok(LogSnapshot(
    headers: Headers(
      version: V2,
      firmware_revision: "Betaflight 4.2.9 (e097f4ab7) STM32F7X2",
      firmware_kind: Betaflight,
      board_info: " MAMBA F722 I2C",
      craft_name: "DIATONE ROMA F5",
      vbat_reference: 2487,
      vbat_scale: 110,
      current_meter: CurrentMeterConfig(
        offset: 0,
        scale: 115,
      ),
      acceleration_1g: 2048,
      gyro_scale: 1.0,
      min_throttle: 1070,
      motor_output_range: MotorOutputRange(158, 2047),
    ),
    stats: Stats(
      counts: FrameCounts(
        main: 16420,
        slow: 11,
      ),
    ),
    events: [
      SyncBeep(220009490),
      FlightMode(
        flags: 0,
        last_flags: 1,
      ),
      Disarm(4),
      End,
    ],
    fields: Fields([
      FieldSnapshot(
        name: "loopIteration",
        min: 0,
        max: 262659,
        unique: 16420,
        histogram: (2053, 2053, 2053, 2053, 2052, 2052, 2052, 2052, 0, 0, 0, 0, 0, 0, 0, 0),
      ),
      FieldSnapshot(
        name: "time",
        min: 0,
        max: 286062259,
        unique: 16420,
        histogram: (1219, 373, 1584, 1063, 914, 961, 859, 990, 1110, 378, 1717, 1171, 1110, 1009, 873, 1089),
      ),
      FieldSnapshot(
        name: "axisP[0]",
        min: -3005,
        max: 423,
        unique: 149,
        histogram: (6318, 4242, 2267, 1279, 711, 427, 294, 237, 157, 132, 115, 64, 50, 52, 39, 36),
      ),
      FieldSnapshot(
        name: "axisP[1]",
        min: -3136,
        max: 3136,
        unique: 163,
        histogram: (5545, 3957, 2331, 1300, 830, 547, 424, 314, 285, 208, 180, 135, 112, 105, 92, 55),
      ),
      FieldSnapshot(
        name: "axisP[2]",
        min: -2050,
        max: 2055,
        unique: 165,
        histogram: (7257, 4198, 1792, 934, 808, 548, 269, 193, 130, 80, 68, 36, 44, 24, 22, 17),
      ),
      FieldSnapshot(
        name: "axisI[0]",
        min: -400,
        max: 24,
        unique: 91,
        histogram: (3484, 2027, 2234, 1467, 837, 1024, 705, 718, 716, 643, 495, 362, 342, 255, 516, 595),
      ),
      FieldSnapshot(
        name: "axisI[1]",
        min: -400,
        max: 400,
        unique: 198,
        histogram: (1511, 774, 728, 738, 921, 1269, 968, 1268, 1196, 1417, 1169, 1235, 1330, 745, 699, 452),
      ),
      FieldSnapshot(
        name: "axisI[2]",
        min: -367,
        max: 400,
        unique: 144,
        histogram: (1774, 908, 838, 850, 914, 1080, 1300, 1290, 1174, 1147, 1139, 1036, 929, 807, 638, 596),
      ),
      FieldSnapshot(
        name: "axisD[0]",
        min: -226,
        max: 971,
        unique: 147,
        histogram: (5294, 4074, 2684, 1632, 928, 545, 344, 240, 175, 129, 86, 71, 75, 52, 50, 41),
      ),
      FieldSnapshot(
        name: "axisD[1]",
        min: -858,
        max: 789,
        unique: 119,
        histogram: (5787, 4168, 2602, 1544, 856, 534, 310, 214, 128, 76, 65, 37, 40, 25, 22, 12),
      ),
      FieldSnapshot(
        name: "axisF[0]",
        min: -34,
        max: 22,
        unique: 53,
        histogram: (13396, 1254, 587, 368, 202, 185, 112, 80, 54, 60, 29, 24, 22, 19, 20, 8),
      ),
      FieldSnapshot(
        name: "axisF[1]",
        min: -17,
        max: 26,
        unique: 34,
        histogram: (14107, 1341, 437, 278, 121, 44, 38, 15, 13, 6, 11, 1, 0, 1, 3, 4),
      ),
      FieldSnapshot(
        name: "axisF[2]",
        min: -9,
        max: 10,
        unique: 20,
        histogram: (15672, 478, 116, 35, 29, 21, 15, 25, 7, 11, 11, 0, 0, 0, 0, 0),
      ),
      FieldSnapshot(
        name: "rcCommand[0]",
        min: -339,
        max: 222,
        unique: 519,
        histogram: (5416, 956, 912, 778, 798, 1033, 713, 500, 769, 502, 608, 755, 637, 689, 771, 583),
      ),
      FieldSnapshot(
        name: "rcCommand[1]",
        min: -216,
        max: 324,
        unique: 424,
        histogram: (4930, 1858, 1138, 864, 610, 870, 510, 472, 905, 474, 750, 793, 666, 409, 690, 481),
      ),
      FieldSnapshot(
        name: "rcCommand[2]",
        min: -222,
        max: 83,
        unique: 257,
        histogram: (4288, 1770, 1419, 944, 591, 760, 448, 354, 539, 285, 566, 2015, 734, 889, 437, 381),
      ),
      FieldSnapshot(
        name: "rcCommand[3]",
        min: 0,
        max: 2000,
        unique: 741,
        histogram: (865, 1060, 717, 833, 1059, 612, 838, 916, 3406, 728, 1047, 675, 978, 1315, 686, 685),
      ),
      FieldSnapshot(
        name: "setpoint[0]",
        min: -260,
        max: 130,
        unique: 360,
        histogram: (5656, 999, 870, 906, 1008, 1126, 1099, 881, 520, 424, 782, 479, 353, 436, 437, 444),
      ),
      FieldSnapshot(
        name: "setpoint[1]",
        min: -125,
        max: 239,
        unique: 302,
        histogram: (6156, 1519, 950, 805, 1184, 915, 853, 704, 634, 425, 486, 470, 385, 444, 252, 238),
      ),
      FieldSnapshot(
        name: "setpoint[2]",
        min: -130,
        max: 38,
        unique: 156,
        histogram: (5187, 1965, 821, 506, 1848, 1775, 381, 463, 425, 346, 345, 357, 364, 924, 403, 310),
      ),
      FieldSnapshot(
        name: "setpoint[3]",
        min: 0,
        max: 1000,
        unique: 729,
        histogram: (3453, 701, 1050, 708, 1016, 1332, 680, 644, 874, 1023, 704, 843, 1087, 603, 809, 893),
      ),
      FieldSnapshot(
        name: "vbatLatest",
        min: 0,
        max: 2540,
        unique: 337,
        histogram: (1273, 1007, 935, 1075, 1075, 885, 970, 1229, 970, 987, 1007, 1057, 1089, 885, 889, 1087),
      ),
      FieldSnapshot(
        name: "amperageLatest",
        min: 0,
        max: 14156,
        unique: 434,
        histogram: (2524, 944, 1055, 1030, 844, 970, 999, 619, 1018, 964, 973, 1100, 989, 977, 839, 575),
      ),
      FieldSnapshot(
        name: "rssi",
        min: 0,
        max: 457,
        unique: 238,
        histogram: (1097, 1136, 1350, 1264, 1090, 1265, 822, 1110, 971, 1075, 769, 949, 1001, 917, 757, 847),
      ),
      FieldSnapshot(
        name: "gyroADC[0]",
        min: -264,
        max: 1997,
        unique: 421,
        histogram: (2457, 2889, 1627, 1286, 1249, 1127, 910, 797, 626, 606, 545, 526, 488, 396, 423, 468),
      ),
      FieldSnapshot(
        name: "gyroADC[1]",
        min: -1999,
        max: 2094,
        unique: 430,
        histogram: (2511, 3353, 1772, 1241, 1124, 1095, 893, 750, 610, 554, 508, 465, 464, 396, 345, 339),
      ),
      FieldSnapshot(
        name: "gyroADC[2]",
        min: -2000,
        max: 1996,
        unique: 268,
        histogram: (2111, 3172, 1977, 1368, 1268, 1136, 920, 634, 469, 432, 449, 514, 610, 574, 474, 312),
      ),
      FieldSnapshot(
        name: "accSmooth[0]",
        min: -18148,
        max: 16254,
        unique: 2755,
        histogram: (1060, 1017, 1027, 1092, 1033, 1091, 1085, 1035, 1019, 986, 957, 1013, 1020, 995, 962, 1028),
      ),
      FieldSnapshot(
        name: "accSmooth[1]",
        min: -11890,
        max: 7496,
        unique: 2273,
        histogram: (1063, 1126, 1144, 1143, 994, 1047, 1049, 1032, 980, 998, 1021, 920, 962, 930, 1010, 1001),
      ),
      FieldSnapshot(
        name: "accSmooth[2]",
        min: -33176,
        max: 32477,
        unique: 5771,
        histogram: (1028, 1027, 1008, 1048, 975, 1060, 1037, 991, 1046, 1014, 1039, 1011, 1085, 987, 1050, 1014),
      ),
      FieldSnapshot(
        name: "debug[0]",
        min: -299,
        max: 1997,
        unique: 457,
        histogram: (1174, 1534, 1316, 1198, 1104, 1035, 1036, 995, 935, 899, 924, 862, 971, 863, 811, 763),
      ),
      FieldSnapshot(
        name: "debug[1]",
        min: -1999,
        max: 1997,
        unique: 495,
        histogram: (1107, 1529, 1378, 1229, 1201, 1128, 1033, 1005, 1002, 987, 917, 853, 779, 787, 775, 710),
      ),
      FieldSnapshot(
        name: "debug[2]",
        min: -1998,
        max: 1998,
        unique: 334,
        histogram: (1199, 1610, 1359, 1281, 1253, 1182, 1183, 1016, 953, 885, 933, 808, 763, 701, 674, 620),
      ),
      FieldSnapshot(
        name: "debug[3]",
        min: 0,
        max: 0,
        unique: 1,
      ),
      FieldSnapshot(
        name: "motor[0]",
        min: 0,
        max: 2085,
        unique: 1364,
        histogram: (1021, 991, 1036, 953, 963, 1008, 993, 999, 1057, 1037, 989, 1041, 1026, 1029, 1226, 1051),
      ),
      FieldSnapshot(
        name: "motor[1]",
        min: 0,
        max: 2048,
        unique: 1295,
        histogram: (994, 962, 941, 1027, 983, 989, 956, 896, 995, 990, 989, 1026, 1189, 1597, 896, 990),
      ),
      FieldSnapshot(
        name: "motor[2]",
        min: 0,
        max: 2278,
        unique: 1369,
        histogram: (979, 1059, 970, 958, 978, 932, 945, 987, 984, 1021, 1020, 1016, 1047, 1472, 1017, 1035),
      ),
      FieldSnapshot(
        name: "motor[3]",
        min: 0,
        max: 4294967235,
        unique: 1299,
        histogram: (1012, 967, 1046, 1020, 1029, 1061, 1034, 1007, 1012, 1054, 989, 964, 997, 1208, 1014, 1006),
      ),
      FieldSnapshot(
        name: "flightModeFlags",
        min: 0,
        max: 1,
        unique: 2,
        histogram: (20, 16400, 0, 0, 0, 0, 0, 0, 0, 0, 0, 0, 0, 0, 0, 0),
      ),
      FieldSnapshot(
        name: "stateFlags",
        min: 0,
        max: 3,
        unique: 2,
        histogram: (1, 0, 0, 16419, 0, 0, 0, 0, 0, 0, 0, 0, 0, 0, 0, 0),
      ),
      FieldSnapshot(
        name: "failsafePhase",
        min: 0,
        max: 0,
        unique: 1,
      ),
      FieldSnapshot(
        name: "rxSignalReceived",
        min: 0,
        max: 1,
        unique: 2,
        histogram: (1, 16419, 0, 0, 0, 0, 0, 0, 0, 0, 0, 0, 0, 0, 0, 0),
      ),
      FieldSnapshot(
        name: "rxFlightChannelsValid",
        min: 0,
        max: 1,
        unique: 2,
        histogram: (1, 16419, 0, 0, 0, 0, 0, 0, 0, 0, 0, 0, 0, 0, 0, 0),
      ),
    ]),
  )),
  Ok(LogSnapshot(
    headers: Headers(
      version: V2,
      firmware_revision: "Betaflight 4.2.9 (e097f4ab7) STM32F7X2",
      firmware_kind: Betaflight,
      board_info: " MAMBA F722 I2C",
      craft_name: "DIATONE ROMA F5",
      vbat_reference: 2367,
      vbat_scale: 110,
      current_meter: CurrentMeterConfig(
        offset: 0,
        scale: 115,
      ),
      acceleration_1g: 2048,
      gyro_scale: 1.0,
      min_throttle: 1070,
      motor_output_range: MotorOutputRange(158, 2047),
    ),
    stats: Stats(
      counts: FrameCounts(
        main: 22168,
        slow: 13,
      ),
    ),
    events: [
      SyncBeep(292862454),
      FlightMode(
        flags: 0,
        last_flags: 1,
      ),
      Disarm(4),
      End,
    ],
    fields: Fields([
      FieldSnapshot(
        name: "loopIteration",
        min: 0,
        max: 354567,
        unique: 22168,
        histogram: (2771, 2771, 2771, 2771, 2771, 2771, 2771, 2771, 0, 0, 0, 0, 0, 0, 0, 0),
      ),
      FieldSnapshot(
        name: "time",
        min: 0,
        max: 381993134,
        unique: 22168,
        histogram: (1462, 527, 2193, 1437, 1459, 1257, 1222, 1473, 1502, 525, 2243, 1365, 1408, 1483, 1290, 1322),
      ),
      FieldSnapshot(
        name: "axisP[0]",
        min: -1768,
        max: 788,
        unique: 207,
        histogram: (8089, 5512, 3136, 1664, 1020, 707, 483, 339, 262, 213, 159, 151, 128, 119, 99, 87),
      ),
      FieldSnapshot(
        name: "axisP[1]",
        min: -3181,
        max: 3145,
        unique: 575,
        histogram: (6758, 4898, 3089, 1868, 1222, 858, 615, 529, 452, 381, 323, 284, 241, 249, 218, 183),
      ),
      FieldSnapshot(
        name: "axisP[2]",
        min: -249,
        max: 2052,
        unique: 181,
        histogram: (8934, 5901, 3013, 1516, 840, 541, 365, 245, 192, 151, 133, 92, 70, 68, 57, 50),
      ),
      FieldSnapshot(
        name: "axisI[0]",
        min: -400,
        max: 400,
        unique: 143,
        histogram: (3453, 3723, 4066, 2801, 1950, 1370, 962, 816, 559, 444, 421, 353, 329, 305, 333, 283),
      ),
      FieldSnapshot(
        name: "axisI[1]",
        min: -400,
        max: 400,
        unique: 264,
        histogram: (1650, 1190, 1458, 1689, 1332, 1071, 1442, 1311, 1701, 1634, 1592, 1551, 1431, 1069, 1078, 969),
      ),
      FieldSnapshot(
        name: "axisI[2]",
        min: -60,
        max: 400,
        unique: 159,
        histogram: (2042, 1549, 1294, 1403, 1660, 2080, 1921, 1896, 1737, 1447, 1455, 1093, 818, 737, 566, 470),
      ),
      FieldSnapshot(
        name: "axisD[0]",
        min: -638,
        max: 1177,
        unique: 179,
        histogram: (7140, 5425, 3448, 2102, 1346, 816, 527, 346, 248, 185, 125, 111, 103, 101, 92, 53),
      ),
      FieldSnapshot(
        name: "axisD[1]",
        min: -3183,
        max: 521,
        unique: 472,
        histogram: (7539, 5393, 3330, 1926, 1218, 713, 478, 357, 246, 211, 184, 144, 127, 100, 101, 101),
      ),
      FieldSnapshot(
        name: "axisF[0]",
        min: -19,
        max: 19,
        unique: 36,
        histogram: (17267, 2637, 1049, 460, 238, 135, 135, 79, 33, 46, 34, 11, 17, 16, 6, 5),
      ),
      FieldSnapshot(
        name: "axisF[1]",
        min: -213,
        max: 171,
        unique: 266,
        histogram: (16932, 2443, 1002, 460, 269, 190, 135, 110, 128, 100, 89, 87, 64, 50, 59, 50),
      ),
      FieldSnapshot(
        name: "axisF[2]",
        min: -19,
        max: 28,
        unique: 42,
        histogram: (19853, 1422, 453, 182, 67, 78, 29, 15, 16, 11, 6, 6, 11, 10, 7, 2),
      ),
      FieldSnapshot(
        name: "rcCommand[0]",
        min: -323,
        max: 138,
        unique: 432,
        histogram: (8472, 1852, 1194, 1026, 898, 901, 714, 911, 797, 686, 904, 964, 736, 704, 752, 657),
      ),
      FieldSnapshot(
        name: "rcCommand[1]",
        min: -279,
        max: 504,
        unique: 728,
        histogram: (4975, 3262, 2381, 963, 864, 1112, 869, 875, 964, 831, 797, 1008, 789, 746, 936, 796),
      ),
      FieldSnapshot(
        name: "rcCommand[2]",
        min: -131,
        max: 355,
        unique: 393,
        histogram: (6229, 2227, 2575, 899, 608, 646, 584, 527, 1027, 452, 725, 3268, 649, 748, 612, 392),
      ),
      FieldSnapshot(
        name: "rcCommand[3]",
        min: 0,
        max: 2007,
        unique: 876,
        histogram: (1198, 1288, 813, 1140, 1395, 995, 1069, 1492, 4359, 1084, 1424, 951, 953, 1507, 1301, 1199),
      ),
      FieldSnapshot(
        name: "setpoint[0]",
        min: -238,
        max: 69,
        unique: 278,
        histogram: (9383, 1755, 1007, 912, 945, 922, 907, 683, 815, 697, 837, 909, 668, 697, 577, 454),
      ),
      FieldSnapshot(
        name: "setpoint[1]",
        min: -185,
        max: 692,
        unique: 649,
        histogram: (7393, 2696, 1276, 1034, 1056, 940, 972, 911, 748, 648, 985, 1227, 592, 689, 489, 512),
      ),
      FieldSnapshot(
        name: "setpoint[2]",
        min: -65,
        max: 285,
        unique: 250,
        histogram: (7898, 3358, 778, 1061, 3459, 1307, 675, 531, 420, 475, 442, 455, 255, 330, 354, 370),
      ),
      FieldSnapshot(
        name: "setpoint[3]",
        min: 0,
        max: 1000,
        unique: 851,
        histogram: (4447, 1153, 1399, 959, 1004, 1446, 1337, 1166, 1237, 1261, 786, 1118, 1303, 1053, 1034, 1465),
      ),
      FieldSnapshot(
        name: "vbatLatest",
        min: 0,
        max: 2398,
        unique: 374,
        histogram: (1513, 1371, 1429, 1559, 1401, 1247, 1376, 1355, 1381, 1416, 1244, 1322, 1351, 1313, 1458, 1432),
      ),
      FieldSnapshot(
        name: "amperageLatest",
        min: 0,
        max: 14765,
        unique: 547,
        histogram: (2953, 1199, 1413, 1358, 1309, 1294, 1412, 696, 1342, 1541, 1528, 1363, 1312, 1349, 1167, 932),
      ),
      FieldSnapshot(
        name: "rssi",
        min: 0,
        max: 469,
        unique: 290,
        histogram: (1299, 1461, 1493, 1491, 1764, 1275, 1319, 1289, 1602, 1279, 1000, 1298, 1319, 1380, 1395, 1504),
      ),
      FieldSnapshot(
        name: "gyroADC[0]",
        min: -464,
        max: 2000,
        unique: 379,
        histogram: (3824, 4704, 2293, 1522, 1220, 1085, 962, 839, 788, 799, 829, 766, 710, 619, 637, 571),
      ),
      FieldSnapshot(
        name: "gyroADC[1]",
        min: -2014,
        max: 1997,
        unique: 819,
        histogram: (3395, 4028, 2230, 1548, 1297, 1199, 1056, 932, 908, 875, 957, 930, 816, 736, 625, 636),
      ),
      FieldSnapshot(
        name: "gyroADC[2]",
        min: -1993,
        max: 313,
        unique: 342,
        histogram: (2731, 4422, 3236, 2423, 1960, 1527, 1166, 878, 678, 612, 496, 467, 423, 430, 360, 359),
      ),
      FieldSnapshot(
        name: "accSmooth[0]",
        min: -17061,
        max: 17455,
        unique: 3095,
        histogram: (1441, 1357, 1369, 1346, 1389, 1354, 1399, 1383, 1450, 1418, 1331, 1452, 1374, 1392, 1407, 1306),
      ),
      FieldSnapshot(
        name: "accSmooth[1]",
        min: -10289,
        max: 6668,
        unique: 2255,
        histogram: (1392, 1388, 1429, 1391, 1415, 1328, 1376, 1360, 1401, 1448, 1362, 1321, 1368, 1393, 1358, 1438),
      ),
      FieldSnapshot(
        name: "accSmooth[2]",
        min: -2222,
        max: 29352,
        unique: 6523,
        histogram: (1384, 1373, 1397, 1321, 1362, 1351, 1392, 1374, 1433, 1402, 1396, 1471, 1422, 1402, 1372, 1316),
      ),
      FieldSnapshot(
        name: "debug[0]",
        min: -488,
        max: 1997,
        unique: 478,
        histogram: (1532, 2029, 1900, 1634, 1630, 1460, 1410, 1455, 1286, 1223, 1234, 1120, 1110, 1103, 1048, 994),
      ),
      FieldSnapshot(
        name: "debug[1]",
        min: -1999,
        max: 1997,
        unique: 850,
        histogram: (1482, 1860, 1700, 1673, 1617, 1516, 1472, 1358, 1291, 1291, 1243, 1247, 1166, 1086, 1113, 1053),
      ),
      FieldSnapshot(
        name: "debug[2]",
        min: -1998,
        max: 322,
        unique: 388,
        histogram: (1417, 1875, 1906, 1931, 1791, 1716, 1568, 1439, 1321, 1184, 1172, 1097, 1025, 937, 949, 840),
      ),
      FieldSnapshot(
        name: "debug[3]",
        min: 0,
        max: 0,
        unique: 1,
      ),
      FieldSnapshot(
        name: "motor[0]",
        min: 0,
        max: 4294967269,
        unique: 1656,
        histogram: (1404, 1278, 1380, 1376, 1403, 1320, 1347, 1326, 1396, 1330, 1375, 1435, 1357, 1385, 1686, 1370),
      ),
      FieldSnapshot(
        name: "motor[1]",
        min: 0,
        max: 4294967293,
        unique: 1571,
        histogram: (1468, 1362, 1329, 1380, 1282, 1382, 1338, 1344, 1396, 1284, 1404, 1337, 1401, 1750, 1314, 1397),
      ),
      FieldSnapshot(
        name: "motor[2]",
        min: 0,
        max: 4294967295,
        unique: 1700,
        histogram: (1377, 1349, 1264, 1292, 1388, 1331, 1357, 1431, 1349, 1389, 1349, 1276, 1608, 1577, 1418, 1413),
      ),
      FieldSnapshot(
        name: "motor[3]",
        min: 0,
        max: 4294967284,
        unique: 1568,
        histogram: (1328, 1362, 1344, 1293, 1364, 1305, 1413, 1328, 1318, 1389, 1395, 1398, 1456, 1772, 1374, 1329),
      ),
      FieldSnapshot(
        name: "flightModeFlags",
        min: 0,
        max: 1,
        unique: 2,
        histogram: (21, 22147, 0, 0, 0, 0, 0, 0, 0, 0, 0, 0, 0, 0, 0, 0),
      ),
      FieldSnapshot(
        name: "stateFlags",
        min: 0,
        max: 3,
        unique: 2,
        histogram: (1, 0, 0, 22167, 0, 0, 0, 0, 0, 0, 0, 0, 0, 0, 0, 0),
      ),
      FieldSnapshot(
        name: "failsafePhase",
        min: 0,
        max: 0,
        unique: 1,
      ),
      FieldSnapshot(
        name: "rxSignalReceived",
        min: 0,
        max: 1,
        unique: 2,
        histogram: (1, 22167, 0, 0, 0, 0, 0, 0, 0, 0, 0, 0, 0, 0, 0, 0),
      ),
      FieldSnapshot(
        name: "rxFlightChannelsValid",
        min: 0,
        max: 1,
        unique: 2,
        histogram: (1, 22167, 0, 0, 0, 0, 0, 0, 0, 0, 0, 0, 0, 0, 0, 0),
      ),
    ]),
  )),
  Ok(LogSnapshot(
    headers: Headers(
      version: V2,
      firmware_revision: "Betaflight 4.2.9 (e097f4ab7) STM32F7X2",
      firmware_kind: Betaflight,
      board_info: " MAMBA F722 I2C",
      craft_name: "DIATONE ROMA F5",
      vbat_reference: 2259,
      vbat_scale: 110,
      current_meter: CurrentMeterConfig(
        offset: 0,
        scale: 115,
      ),
      acceleration_1g: 2048,
      gyro_scale: 1.0,
      min_throttle: 1070,
      motor_output_range: MotorOutputRange(158, 2047),
    ),
    stats: Stats(
      counts: FrameCounts(
        main: 32387,
        slow: 18,
      ),
    ),
    events: [
      SyncBeep(385995457),
      FlightMode(
        flags: 0,
        last_flags: 1,
      ),
      Disarm(4),
      End,
    ],
    fields: Fields([
      FieldSnapshot(
        name: "loopIteration",
        min: 0,
        max: 518146,
        unique: 32387,
        histogram: (4049, 4049, 4049, 4048, 4048, 4048, 4048, 4048, 0, 0, 0, 0, 0, 0, 0, 0),
      ),
      FieldSnapshot(
        name: "time",
        min: 0,
        max: 516162512,
        unique: 32387,
        histogram: (2066, 780, 2996, 2042, 1888, 2082, 1835, 2211, 2135, 784, 3242, 2126, 1947, 2141, 1978, 2134),
      ),
      FieldSnapshot(
        name: "axisP[0]",
        min: -81,
        max: 119,
        unique: 116,
        histogram: (10389, 7787, 5034, 3143, 1919, 1287, 842, 536, 322, 250, 232, 195, 140, 134, 102, 75),
      ),
      FieldSnapshot(
        name: "axisP[1]",
        min: -943,
        max: 450,
        unique: 341,
        histogram: (8774, 6830, 4708, 3196, 2182, 1575, 1203, 910, 724, 596, 477, 352, 275, 229, 198, 158),
      ),
      FieldSnapshot(
        name: "axisP[2]",
        min: -61,
        max: 61,
        unique: 67,
        histogram: (10969, 8142, 4799, 2727, 1752, 1081, 710, 523, 436, 354, 244, 192, 178, 114, 81, 85),
      ),
      FieldSnapshot(
        name: "axisI[0]",
        min: -59,
        max: 58,
        unique: 118,
        histogram: (5556, 5618, 4186, 3491, 2337, 1959, 1459, 1149, 1176, 1046, 1048, 975, 635, 624, 553, 575),
      ),
      FieldSnapshot(
        name: "axisI[1]",
        min: -142,
        max: 101,
        unique: 209,
        histogram: (2216, 2103, 1926, 1911, 2064, 2203, 2510, 2457, 2296, 2156, 2113, 2013, 1742, 1600, 1617, 1460),
      ),
      FieldSnapshot(
        name: "axisI[2]",
        min: -121,
        max: 64,
        unique: 178,
        histogram: (3642, 3144, 3097, 3008, 2870, 2424, 2117, 2156, 1881, 1623, 1389, 1255, 1074, 986, 927, 794),
      ),
      FieldSnapshot(
        name: "axisD[0]",
        min: -241,
        max: 266,
        unique: 114,
        histogram: (10257, 7736, 5374, 3338, 1952, 1184, 793, 519, 332, 246, 200, 134, 110, 87, 74, 51),
      ),
      FieldSnapshot(
        name: "axisD[1]",
        min: -1683,
        max: 2432,
        unique: 294,
        histogram: (11175, 8307, 5194, 3093, 1674, 989, 547, 344, 252, 213, 156, 126, 95, 84, 79, 59),
      ),
      FieldSnapshot(
        name: "axisF[0]",
        min: -29,
        max: 33,
        unique: 61,
        histogram: (22919, 4422, 2009, 1120, 638, 373, 215, 182, 148, 91, 64, 70, 47, 31, 38, 20),
      ),
      FieldSnapshot(
        name: "axisF[1]",
        min: -190,
        max: 183,
        unique: 176,
        histogram: (24873, 4217, 1508, 649, 273, 176, 115, 95, 92, 80, 55, 48, 69, 35, 60, 42),
      ),
      FieldSnapshot(
        name: "axisF[2]",
        min: -31,
        max: 18,
        unique: 43,
        histogram: (26353, 3391, 1345, 528, 223, 128, 98, 91, 71, 30, 40, 22, 13, 19, 16, 19),
      ),
      FieldSnapshot(
        name: "rcCommand[0]",
        min: -403,
        max: 358,
        unique: 750,
        histogram: (8673, 3058, 1971, 1617, 1658, 1949, 1342, 1311, 1565, 1304, 1480, 1458, 1225, 1143, 1295, 1338),
      ),
      FieldSnapshot(
        name: "rcCommand[1]",
        min: -499,
        max: 499,
        unique: 766,
        histogram: (5594, 5251, 3782, 1507, 1480, 1797, 1213, 1276, 1455, 1141, 1214, 1502, 1281, 1114, 1484, 1296),
      ),
      FieldSnapshot(
        name: "rcCommand[2]",
        min: -351,
        max: 251,
        unique: 557,
        histogram: (9633, 2879, 2274, 1720, 1076, 1295, 1051, 1070, 1145, 882, 1549, 3757, 1011, 1062, 1142, 841),
      ),
      FieldSnapshot(
        name: "rcCommand[3]",
        min: 0,
        max: 2003,
        unique: 923,
        histogram: (1658, 1911, 1240, 1512, 1977, 1506, 2050, 2113, 6450, 2008, 2004, 1679, 1569, 1998, 1359, 1353),
      ),
      FieldSnapshot(
        name: "setpoint[0]",
        min: -373,
        max: 289,
        unique: 614,
        histogram: (9912, 2408, 2339, 1614, 1591, 1708, 1695, 1366, 1357, 1400, 1373, 1190, 975, 1282, 1163, 1014),
      ),
      FieldSnapshot(
        name: "setpoint[1]",
        min: -673,
        max: 673,
        unique: 691,
        histogram: (9037, 4304, 1918, 1463, 1571, 1605, 1630, 1561, 1246, 1215, 1337, 1266, 1039, 1250, 1038, 907),
      ),
      FieldSnapshot(
        name: "setpoint[2]",
        min: -278,
        max: 156,
        unique: 397,
        histogram: (11378, 3265, 1655, 1442, 4316, 1290, 1167, 855, 924, 849, 911, 1054, 816, 957, 826, 682),
      ),
      FieldSnapshot(
        name: "setpoint[3]",
        min: 0,
        max: 1000,
        unique: 902,
        histogram: (6570, 1938, 2040, 1718, 1557, 2034, 1343, 1350, 1695, 1825, 1269, 1494, 1899, 1524, 2024, 2107),
      ),
      FieldSnapshot(
        name: "vbatLatest",
        min: 0,
        max: 2321,
        unique: 350,
        histogram: (2254, 1926, 2047, 2069, 1927, 1886, 2052, 2009, 1973, 2021, 2181, 2156, 1989, 1924, 2092, 1881),
      ),
      FieldSnapshot(
        name: "amperageLatest",
        min: 0,
        max: 12530,
        unique: 549,
        histogram: (5293, 1713, 1962, 1825, 1791, 2001, 1978, 1045, 2102, 1925, 2076, 1914, 1793, 1891, 1797, 1281),
      ),
      FieldSnapshot(
        name: "rssi",
        min: 0,
        max: 498,
        unique: 312,
        histogram: (2020, 1846, 2157, 1996, 1644, 1553, 1998, 1973, 2067, 2174, 2228, 2020, 1839, 2462, 2347, 2063),
      ),
      FieldSnapshot(
        name: "gyroADC[0]",
        min: -372,
        max: 299,
        unique: 617,
        histogram: (4545, 5701, 3205, 2343, 1988, 1764, 1633, 1391, 1434, 1396, 1219, 1183, 1148, 1113, 1196, 1128),
      ),
      FieldSnapshot(
        name: "gyroADC[1]",
        min: -940,
        max: 683,
        unique: 747,
        histogram: (3910, 5363, 3366, 2446, 2132, 2036, 1797, 1599, 1566, 1498, 1348, 1158, 1092, 1049, 972, 1055),
      ),
      FieldSnapshot(
        name: "gyroADC[2]",
        min: -283,
        max: 156,
        unique: 388,
        histogram: (3541, 5317, 4353, 3394, 2845, 2144, 1688, 1313, 1221, 1065, 1050, 1050, 902, 837, 871, 796),
      ),
      FieldSnapshot(
        name: "accSmooth[0]",
        min: -3018,
        max: 1200,
        unique: 3034,
        histogram: (2073, 2067, 2065, 1982, 2016, 2077, 2016, 2002, 1993, 2010, 2029, 2019, 1943, 1994, 2107, 1994),
      ),
      FieldSnapshot(
        name: "accSmooth[1]",
        min: -1577,
        max: 2756,
        unique: 3056,
        histogram: (2010, 2114, 1985, 2123, 2059, 2048, 2026, 2163, 1948, 2024, 1999, 1937, 2044, 1973, 1927, 2007),
      ),
      FieldSnapshot(
        name: "accSmooth[2]",
        min: -2059,
        max: 12517,
        unique: 7943,
        histogram: (2003, 2006, 1995, 2055, 2052, 2075, 2052, 2027, 1983, 2086, 1974, 1973, 2062, 2031, 2039, 1974),
      ),
      FieldSnapshot(
        name: "debug[0]",
        min: -418,
        max: 315,
        unique: 649,
        histogram: (2275, 2615, 2525, 2313, 2216, 2212, 1972, 2055, 1941, 1846, 1835, 1811, 1721, 1671, 1680, 1699),
      ),
      FieldSnapshot(
        name: "debug[1]",
        min: -966,
        max: 798,
        unique: 771,
        histogram: (2157, 2872, 2626, 2430, 2361, 2204, 2168, 1993, 1922, 1933, 1766, 1720, 1617, 1539, 1564, 1515),
      ),
      FieldSnapshot(
        name: "debug[2]",
        min: -300,
        max: 183,
        unique: 400,
        histogram: (2037, 2766, 2674, 2670, 2735, 2519, 2281, 2127, 1985, 1746, 1641, 1601, 1526, 1461, 1304, 1314),
      ),
      FieldSnapshot(
        name: "debug[3]",
        min: 0,
        max: 0,
        unique: 1,
      ),
      FieldSnapshot(
        name: "motor[0]",
        min: 0,
        max: 4294967282,
        unique: 1706,
        histogram: (1957, 1976, 2019, 1950, 2009, 1921, 1958, 2024, 1925, 1902, 1989, 1970, 2047, 2053, 2724, 1963),
      ),
      FieldSnapshot(
        name: "motor[1]",
        min: 0,
        max: 4294967295,
        unique: 1568,
        histogram: (1992, 1949, 1974, 1976, 1909, 1958, 2010, 1932, 1911, 1867, 1938, 1991, 2289, 2669, 1960, 2062),
      ),
      FieldSnapshot(
        name: "motor[2]",
        min: 0,
        max: 4294967264,
        unique: 1697,
        histogram: (1976, 1918, 1947, 1984, 1953, 1869, 2011, 1921, 1908, 1922, 2004, 2009, 2437, 2638, 1900, 1990),
      ),
      FieldSnapshot(
        name: "motor[3]",
        min: 0,
        max: 4294967283,
        unique: 1615,
        histogram: (2026, 1946, 2008, 1936, 1924, 1884, 1969, 2022, 1999, 1987, 1895, 2045, 2175, 2408, 2142, 2021),
      ),
      FieldSnapshot(
        name: "flightModeFlags",
        min: 0,
        max: 1,
        unique: 2,
        histogram: (21, 32366, 0, 0, 0, 0, 0, 0, 0, 0, 0, 0, 0, 0, 0, 0),
      ),
      FieldSnapshot(
        name: "stateFlags",
        min: 0,
        max: 3,
        unique: 2,
        histogram: (1, 0, 0, 32386, 0, 0, 0, 0, 0, 0, 0, 0, 0, 0, 0, 0),
      ),
      FieldSnapshot(
        name: "failsafePhase",
        min: 0,
        max: 0,
        unique: 1,
      ),
      FieldSnapshot(
        name: "rxSignalReceived",
        min: 0,
        max: 1,
        unique: 2,
        histogram: (1, 32386, 0, 0, 0, 0, 0, 0, 0, 0, 0, 0, 0, 0, 0, 0),
      ),
      FieldSnapshot(
        name: "rxFlightChannelsValid",
        min: 0,
        max: 1,
        unique: 2,
        histogram: (1, 32386, 0, 0, 0, 0, 0, 0, 0, 0, 0, 0, 0, 0, 0, 0),
      ),
    ]),
  )),
]
