---
source: blackbox-log/tests/snapshots.rs
expression: logs
input_file: blackbox-log/tests/logs/fc-blackbox/btfl_002.bbl
---
[
  Err(MissingHeader),
]
