---
source: blackbox-log/tests/snapshots.rs
expression: logs
input_file: blackbox-log/tests/logs/.gimbal-ghost/test/btfl_002.bbl
---
[
  Ok(LogSnapshot(
    headers: Headers(
      version: V2,
      firmware_revision: "Betaflight 4.2.9 (e097f4ab7) STM32F7X2",
      firmware_kind: Betaflight,
      board_info: Some("MAMBA F722 I2C"),
      craft_name: Some("DIATONE ROMA F5"),
      vbat: Some(VbatConfig(
        reference: 2490,
        scale: 110,
      )),
      current_meter: Some(CurrentMeterConfig(
        offset: 0,
        scale: 115,
      )),
      acceleration_1g: Some(2048),
      gyro_scale: Some(0.017453292),
      min_throttle: Some(1070),
      motor_output_range: Some(MotorOutputRange(158, 2047)),
    ),
    stats: Stats(
      counts: FrameCounts(
        main: 1136,
        slow: 3,
        gps: 25,
        gps_home: 1,
      ),
    ),
    events: [
      SyncBeep(151401930),
      FlightMode(
        flags: 0,
        last_flags: 1,
      ),
      Disarm(4),
      End,
    ],
    main: Fields([
      FieldSnapshot(
        name: "loopIteration",
        unit: Unitless,
        history: FieldSnapshot(
          min: 0,
          max: 18055,
          unique: 1136,
          histogram: (142, 142, 142, 142, 142, 142, 142, 142, 0, 0, 0, 0, 0, 0, 0, 0),
        ),
      ),
      FieldSnapshot(
        name: "time",
        unit: FrameTime,
        history: FieldSnapshot(
          min: 0,
          max: 156085384,
          unique: 1136,
          histogram: (103, 21, 148, 133, 137, 38, 34, 34, 131, 19, 84, 76, 41, 19, 41, 77),
        ),
      ),
      FieldSnapshot(
        name: "axisP[0]",
        unit: Unitless,
        history: FieldSnapshot(
          min: -6,
          max: 2,
          unique: 9,
          histogram: (697, 391, 38, 3, 4, 1, 2, 0, 0, 0, 0, 0, 0, 0, 0, 0),
        ),
      ),
      FieldSnapshot(
        name: "axisP[1]",
        unit: Unitless,
        history: FieldSnapshot(
          min: -4,
          max: 6,
          unique: 11,
          histogram: (338, 294, 234, 127, 101, 39, 3, 0, 0, 0, 0, 0, 0, 0, 0, 0),
        ),
      ),
      FieldSnapshot(
        name: "axisP[2]",
        unit: Unitless,
        history: FieldSnapshot(
          min: -7,
          max: 0,
          unique: 7,
          histogram: (0, 45, 184, 242, 306, 201, 151, 7, 0, 0, 0, 0, 0, 0, 0, 0),
        ),
      ),
      FieldSnapshot(
        name: "axisI[0]",
        unit: Unitless,
        history: FieldSnapshot(
          min: 0,
          max: 0,
          unique: 1,
        ),
      ),
      FieldSnapshot(
        name: "axisI[1]",
        unit: Unitless,
        history: FieldSnapshot(
          min: 0,
          max: 0,
          unique: 1,
        ),
      ),
      FieldSnapshot(
        name: "axisI[2]",
        unit: Unitless,
        history: FieldSnapshot(
          min: 0,
          max: 0,
          unique: 1,
        ),
      ),
      FieldSnapshot(
        name: "axisD[0]",
        unit: Unitless,
        history: FieldSnapshot(
          min: -5,
          max: 5,
          unique: 11,
          histogram: (342, 418, 235, 108, 30, 3, 0, 0, 0, 0, 0, 0, 0, 0, 0, 0),
        ),
      ),
      FieldSnapshot(
        name: "axisD[1]",
        unit: Unitless,
        history: FieldSnapshot(
          min: -11,
          max: 10,
          unique: 22,
          histogram: (173, 183, 182, 109, 117, 88, 96, 91, 60, 27, 9, 1, 0, 0, 0, 0),
        ),
      ),
      FieldSnapshot(
        name: "axisF[0]",
        unit: Unitless,
        history: FieldSnapshot(
          min: -1,
          max: 2,
          unique: 4,
          histogram: (1116, 10, 10, 0, 0, 0, 0, 0, 0, 0, 0, 0, 0, 0, 0, 0),
        ),
      ),
      FieldSnapshot(
        name: "axisF[1]",
        unit: Unitless,
        history: FieldSnapshot(
          min: 0,
          max: 0,
          unique: 1,
        ),
      ),
      FieldSnapshot(
        name: "axisF[2]",
        unit: Unitless,
        history: FieldSnapshot(
          min: 0,
          max: 0,
          unique: 1,
        ),
      ),
      FieldSnapshot(
        name: "rcCommand[0]",
        unit: Unitless,
        history: FieldSnapshot(
          min: -10,
          max: 0,
          unique: 11,
          histogram: (1112, 11, 2, 1, 1, 1, 1, 2, 1, 2, 2, 0, 0, 0, 0, 0),
        ),
      ),
      FieldSnapshot(
        name: "rcCommand[1]",
        unit: Unitless,
        history: FieldSnapshot(
          min: 0,
          max: 1,
          unique: 2,
          histogram: (872, 264, 0, 0, 0, 0, 0, 0, 0, 0, 0, 0, 0, 0, 0, 0),
        ),
      ),
      FieldSnapshot(
        name: "rcCommand[2]",
        unit: Unitless,
        history: FieldSnapshot(
          min: -13,
          max: 0,
          unique: 4,
          histogram: (0, 0, 0, 0, 0, 0, 0, 0, 0, 0, 46, 1028, 33, 29, 0, 0),
        ),
      ),
      FieldSnapshot(
        name: "rcCommand[3]",
        unit: Unitless,
        history: FieldSnapshot(
          min: 0,
          max: 1000,
          unique: 1,
        ),
      ),
      FieldSnapshot(
        name: "setpoint[0]",
        unit: Unitless,
        history: FieldSnapshot(
          min: -4,
          max: 0,
          unique: 5,
          histogram: (1123, 3, 2, 5, 3, 0, 0, 0, 0, 0, 0, 0, 0, 0, 0, 0),
        ),
      ),
      FieldSnapshot(
        name: "setpoint[1]",
        unit: Unitless,
        history: FieldSnapshot(
          min: 0,
          max: 0,
          unique: 1,
        ),
      ),
      FieldSnapshot(
        name: "setpoint[2]",
        unit: Unitless,
        history: FieldSnapshot(
          min: -5,
          max: 0,
          unique: 2,
          histogram: (0, 0, 0, 0, 1035, 101, 0, 0, 0, 0, 0, 0, 0, 0, 0, 0),
        ),
      ),
      FieldSnapshot(
        name: "setpoint[3]",
        unit: Unitless,
        history: FieldSnapshot(
          min: 0,
          max: 0,
          unique: 1,
        ),
      ),
      FieldSnapshot(
        name: "vbatLatest",
        unit: Voltage,
        history: FieldSnapshot(
          min: 0,
          max: 24980,
          unique: 23,
          histogram: (135, 0, 135, 0, 240, 0, 120, 0, 140, 0, 150, 0, 150, 0, 66, 0),
        ),
      ),
      FieldSnapshot(
        name: "amperageLatest",
        unit: Amperage,
        history: FieldSnapshot(
          min: 0,
          max: 5130,
          unique: 43,
          histogram: (375, 0, 131, 0, 175, 0, 55, 0, 80, 0, 95, 0, 70, 0, 155, 0),
        ),
      ),
      FieldSnapshot(
        name: "rssi",
        unit: Unitless,
        history: FieldSnapshot(
          min: 0,
          max: 416,
          unique: 33,
          histogram: (140, 50, 50, 25, 104, 75, 25, 43, 50, 100, 50, 25, 50, 100, 99, 150),
        ),
      ),
      FieldSnapshot(
        name: "gyroADC[0]",
        unit: Rotation,
        history: FieldSnapshot(
          min: -2,
          max: 2,
          unique: 5,
          histogram: (512, 571, 53, 0, 0, 0, 0, 0, 0, 0, 0, 0, 0, 0, 0, 0),
        ),
      ),
      FieldSnapshot(
        name: "gyroADC[1]",
        unit: Rotation,
        history: FieldSnapshot(
          min: -5,
          max: 4,
          unique: 10,
          histogram: (279, 461, 246, 106, 37, 7, 0, 0, 0, 0, 0, 0, 0, 0, 0, 0),
        ),
      ),
      FieldSnapshot(
        name: "gyroADC[2]",
        unit: Rotation,
        history: FieldSnapshot(
          min: -4,
          max: 3,
          unique: 8,
          histogram: (321, 458, 264, 82, 11, 0, 0, 0, 0, 0, 0, 0, 0, 0, 0, 0),
        ),
      ),
      FieldSnapshot(
        name: "accSmooth[0]",
        unit: Acceleration,
        history: FieldSnapshot(
          min: -36,
          max: 0,
          unique: 17,
          histogram: (29, 15, 8, 1, 2, 2, 2, 11, 9, 34, 59, 153, 242, 297, 184, 88),
        ),
      ),
      FieldSnapshot(
        name: "accSmooth[1]",
        unit: Acceleration,
        history: FieldSnapshot(
          min: -6,
          max: 15,
          unique: 22,
          histogram: (28, 35, 73, 106, 178, 204, 203, 167, 79, 30, 21, 7, 2, 1, 1, 1),
        ),
      ),
      FieldSnapshot(
        name: "accSmooth[2]",
        unit: Acceleration,
        history: FieldSnapshot(
          min: 0,
          max: 977,
          unique: 28,
          histogram: (115, 106, 120, 43, 21, 30, 33, 15, 29, 44, 61, 70, 89, 114, 118, 128),
        ),
      ),
      FieldSnapshot(
        name: "debug[0]",
        unit: Unitless,
        history: FieldSnapshot(
          min: -6,
          max: 6,
          unique: 13,
          histogram: (226, 436, 283, 132, 46, 9, 4, 0, 0, 0, 0, 0, 0, 0, 0, 0),
        ),
      ),
      FieldSnapshot(
        name: "debug[1]",
        unit: Unitless,
        history: FieldSnapshot(
          min: -7,
          max: 7,
          unique: 15,
          histogram: (180, 324, 259, 204, 102, 44, 20, 3, 0, 0, 0, 0, 0, 0, 0, 0),
        ),
      ),
      FieldSnapshot(
        name: "debug[2]",
        unit: Unitless,
        history: FieldSnapshot(
          min: -6,
          max: 6,
          unique: 13,
          histogram: (242, 369, 257, 162, 79, 22, 5, 0, 0, 0, 0, 0, 0, 0, 0, 0),
        ),
      ),
      FieldSnapshot(
        name: "debug[3]",
        unit: Unitless,
        history: FieldSnapshot(
          min: 0,
          max: 0,
          unique: 1,
        ),
      ),
      FieldSnapshot(
        name: "motor[0]",
        unit: Unitless,
        history: FieldSnapshot(
          min: 0,
          max: 253,
          unique: 85,
          histogram: (70, 70, 80, 69, 77, 85, 55, 64, 66, 61, 75, 59, 90, 77, 56, 82),
        ),
      ),
      FieldSnapshot(
        name: "motor[1]",
        unit: Unitless,
        history: FieldSnapshot(
          min: 0,
          max: 245,
          unique: 109,
          histogram: (49, 51, 55, 55, 48, 64, 71, 59, 67, 77, 67, 109, 97, 154, 63, 50),
        ),
      ),
      FieldSnapshot(
        name: "motor[2]",
        unit: Unitless,
        history: FieldSnapshot(
          min: 0,
          max: 266,
          unique: 114,
          histogram: (56, 54, 69, 70, 62, 74, 62, 61, 67, 76, 70, 79, 70, 140, 57, 69),
        ),
      ),
      FieldSnapshot(
        name: "motor[3]",
        unit: Unitless,
        history: FieldSnapshot(
          min: 0,
          max: 231,
          unique: 75,
          histogram: (73, 69, 71, 80, 71, 60, 69, 77, 57, 66, 80, 79, 79, 64, 76, 65),
        ),
      ),
      FieldSnapshot(
        name: "flightModeFlags",
        unit: FlightMode,
        history: {
          "Arm": 1115,
        },
      ),
      FieldSnapshot(
        name: "stateFlags",
        unit: State,
        history: {
          "GpsFix": 1135,
          "GpsFixHome": 1135,
        },
      ),
      FieldSnapshot(
        name: "failsafePhase",
        unit: FailsafePhase,
        history: {},
      ),
      FieldSnapshot(
        name: "rxSignalReceived",
        unit: Boolean,
        history: History(
          yes: 1135,
          no: 0,
        ),
      ),
      FieldSnapshot(
        name: "rxFlightChannelsValid",
        unit: Boolean,
        history: History(
          yes: 1135,
          no: 0,
        ),
      ),
    ]),
    gps: Fields([
      FieldSnapshot(
        name: "time",
        unit: FrameTime,
        history: FieldSnapshot(
          min: 0,
          max: 156056168,
          unique: 24,
          histogram: (3, 0, 2, 0, 1, 1, 2, 2, 3, 1, 3, 2, 0, 1, 1, 2),
        ),
      ),
      FieldSnapshot(
        name: "GPS_numSat",
        unit: Unitless,
        history: FieldSnapshot(
          min: 0,
          max: 12,
          unique: 1,
        ),
      ),
      FieldSnapshot(
        name: "GPS_coord[0]",
        unit: GpsCoordinate,
        history: FieldSnapshot(
          min: 0,
          max: 298132142,
          unique: 24,
          histogram: (2, 2, 1, 1, 1, 4, 1, 2, 2, 1, 2, 1, 2, 0, 2, 0),
        ),
      ),
      FieldSnapshot(
        name: "GPS_coord[1]",
        unit: GpsCoordinate,
        history: FieldSnapshot(
          min: -957820525,
          max: 0,
          unique: 19,
          histogram: (3, 0, 1, 1, 1, 3, 1, 1, 1, 0, 2, 2, 1, 2, 4, 1),
        ),
      ),
      FieldSnapshot(
        name: "GPS_altitude",
        unit: Altitude,
        history: FieldSnapshot(
          min: 0,
          max: 326,
          unique: 8,
          histogram: (6, 3, 2, 3, 6, 2, 1, 0, 0, 0, 0, 0, 0, 0, 0, 1),
        ),
      ),
      FieldSnapshot(
        name: "GPS_speed",
        unit: Velocity,
        history: FieldSnapshot(
          min: 0,
          max: 26,
          unique: 13,
          histogram: (0, 1, 1, 6, 1, 5, 1, 0, 0, 2, 2, 2, 1, 2, 0, 0),
        ),
      ),
      FieldSnapshot(
        name: "GPS_ground_course",
        unit: GpsHeading,
        history: FieldSnapshot(
          min: 0,
          max: 1076,
          unique: 1,
        ),
      ),
    ]),
  )),
  Ok(LogSnapshot(
    headers: Headers(
      version: V2,
      firmware_revision: "Betaflight 4.2.9 (e097f4ab7) STM32F7X2",
      firmware_kind: Betaflight,
      board_info: Some("MAMBA F722 I2C"),
      craft_name: Some("DIATONE ROMA F5"),
      vbat: Some(VbatConfig(
        reference: 2489,
        scale: 110,
      )),
      current_meter: Some(CurrentMeterConfig(
        offset: 0,
        scale: 115,
      )),
      acceleration_1g: Some(2048),
      gyro_scale: Some(0.017453292),
      min_throttle: Some(1070),
      motor_output_range: Some(MotorOutputRange(158, 2047)),
    ),
    stats: Stats(
      counts: FrameCounts(
        main: 38,
        slow: 3,
        gps: 3,
        gps_home: 1,
      ),
    ),
    events: [
      SyncBeep(157487681),
      FlightMode(
        flags: 0,
        last_flags: 1,
      ),
      Disarm(4),
      End,
    ],
    main: Fields([
      FieldSnapshot(
        name: "loopIteration",
        unit: Unitless,
        history: FieldSnapshot(
          min: 0,
          max: 517,
          unique: 38,
          histogram: (5, 5, 5, 5, 5, 5, 4, 4, 0, 0, 0, 0, 0, 0, 0, 0),
        ),
      ),
      FieldSnapshot(
        name: "time",
        unit: FrameTime,
        history: FieldSnapshot(
          min: 0,
          max: 157782259,
          unique: 38,
          histogram: (0, 0, 0, 34, 3, 1, 0, 0, 0, 0, 0, 0, 0, 0, 0, 0),
        ),
      ),
      FieldSnapshot(
        name: "axisP[0]",
        unit: Unitless,
        history: FieldSnapshot(
          min: -2,
          max: 1,
          unique: 4,
          histogram: (21, 13, 4, 0, 0, 0, 0, 0, 0, 0, 0, 0, 0, 0, 0, 0),
        ),
      ),
      FieldSnapshot(
        name: "axisP[1]",
        unit: Unitless,
        history: FieldSnapshot(
          min: -3,
          max: 4,
          unique: 8,
          histogram: (15, 8, 3, 10, 2, 0, 0, 0, 0, 0, 0, 0, 0, 0, 0, 0),
        ),
      ),
      FieldSnapshot(
        name: "axisP[2]",
        unit: Unitless,
        history: FieldSnapshot(
          min: -6,
          max: 0,
          unique: 5,
          histogram: (0, 0, 9, 6, 9, 9, 5, 0, 0, 0, 0, 0, 0, 0, 0, 0),
        ),
      ),
      FieldSnapshot(
        name: "axisI[0]",
        unit: Unitless,
        history: FieldSnapshot(
          min: 0,
          max: 0,
          unique: 1,
        ),
      ),
      FieldSnapshot(
        name: "axisI[1]",
        unit: Unitless,
        history: FieldSnapshot(
          min: 0,
          max: 0,
          unique: 1,
        ),
      ),
      FieldSnapshot(
        name: "axisI[2]",
        unit: Unitless,
        history: FieldSnapshot(
          min: 0,
          max: 0,
          unique: 1,
        ),
      ),
      FieldSnapshot(
        name: "axisD[0]",
        unit: Unitless,
        history: FieldSnapshot(
          min: -4,
          max: 3,
          unique: 8,
          histogram: (14, 12, 9, 2, 1, 0, 0, 0, 0, 0, 0, 0, 0, 0, 0, 0),
        ),
      ),
      FieldSnapshot(
        name: "axisD[1]",
        unit: Unitless,
        history: FieldSnapshot(
          min: -8,
          max: 7,
          unique: 14,
          histogram: (7, 3, 6, 5, 7, 5, 2, 2, 1, 0, 0, 0, 0, 0, 0, 0),
        ),
      ),
      FieldSnapshot(
        name: "axisF[0]",
        unit: Unitless,
        history: FieldSnapshot(
          min: 0,
          max: 0,
          unique: 1,
        ),
      ),
      FieldSnapshot(
        name: "axisF[1]",
        unit: Unitless,
        history: FieldSnapshot(
          min: 0,
          max: 0,
          unique: 1,
        ),
      ),
      FieldSnapshot(
        name: "axisF[2]",
        unit: Unitless,
        history: FieldSnapshot(
          min: 0,
          max: 0,
          unique: 1,
        ),
      ),
      FieldSnapshot(
        name: "rcCommand[0]",
        unit: Unitless,
        history: FieldSnapshot(
          min: 0,
          max: 0,
          unique: 1,
        ),
      ),
      FieldSnapshot(
        name: "rcCommand[1]",
        unit: Unitless,
        history: FieldSnapshot(
          min: 0,
          max: 1,
          unique: 2,
          histogram: (32, 6, 0, 0, 0, 0, 0, 0, 0, 0, 0, 0, 0, 0, 0, 0),
        ),
      ),
      FieldSnapshot(
        name: "rcCommand[2]",
        unit: Unitless,
        history: FieldSnapshot(
          min: -11,
          max: 0,
          unique: 1,
        ),
      ),
      FieldSnapshot(
        name: "rcCommand[3]",
        unit: Unitless,
        history: FieldSnapshot(
          min: 0,
          max: 1000,
          unique: 1,
        ),
      ),
      FieldSnapshot(
        name: "setpoint[0]",
        unit: Unitless,
        history: FieldSnapshot(
          min: 0,
          max: 0,
          unique: 1,
        ),
      ),
      FieldSnapshot(
        name: "setpoint[1]",
        unit: Unitless,
        history: FieldSnapshot(
          min: 0,
          max: 0,
          unique: 1,
        ),
      ),
      FieldSnapshot(
        name: "setpoint[2]",
        unit: Unitless,
        history: FieldSnapshot(
          min: -4,
          max: 0,
          unique: 1,
        ),
      ),
      FieldSnapshot(
        name: "setpoint[3]",
        unit: Unitless,
        history: FieldSnapshot(
          min: 0,
          max: 0,
          unique: 1,
        ),
      ),
      FieldSnapshot(
        name: "vbatLatest",
        unit: Voltage,
        history: FieldSnapshot(
          min: 0,
          max: 24870,
          unique: 5,
          histogram: (0, 0, 5, 0, 15, 0, 8, 0, 0, 0, 5, 0, 0, 0, 5, 0),
        ),
      ),
      FieldSnapshot(
        name: "amperageLatest",
        unit: Amperage,
        history: FieldSnapshot(
          min: 0,
          max: 1730,
          unique: 5,
          histogram: (14, 0, 5, 0, 0, 0, 0, 0, 0, 0, 0, 0, 9, 0, 10, 0),
        ),
      ),
      FieldSnapshot(
        name: "rssi",
        unit: Unitless,
        history: FieldSnapshot(
          min: 0,
          max: 417,
          unique: 1,
        ),
      ),
      FieldSnapshot(
        name: "gyroADC[0]",
        unit: Rotation,
        history: FieldSnapshot(
          min: -1,
          max: 2,
          unique: 4,
          histogram: (17, 19, 2, 0, 0, 0, 0, 0, 0, 0, 0, 0, 0, 0, 0, 0),
        ),
      ),
      FieldSnapshot(
        name: "gyroADC[1]",
        unit: Rotation,
        history: FieldSnapshot(
          min: -3,
          max: 2,
          unique: 6,
          histogram: (10, 17, 10, 1, 0, 0, 0, 0, 0, 0, 0, 0, 0, 0, 0, 0),
        ),
      ),
      FieldSnapshot(
        name: "gyroADC[2]",
        unit: Rotation,
        history: FieldSnapshot(
          min: -3,
          max: 2,
          unique: 6,
          histogram: (11, 11, 14, 2, 0, 0, 0, 0, 0, 0, 0, 0, 0, 0, 0, 0),
        ),
      ),
      FieldSnapshot(
        name: "accSmooth[0]",
        unit: Acceleration,
        history: FieldSnapshot(
          min: -35,
          max: 0,
          unique: 15,
          histogram: (3, 3, 1, 1, 1, 1, 0, 3, 1, 1, 4, 5, 5, 3, 2, 4),
        ),
      ),
      FieldSnapshot(
        name: "accSmooth[1]",
        unit: Acceleration,
        history: FieldSnapshot(
          min: 0,
          max: 17,
          unique: 15,
          histogram: (1, 1, 3, 2, 7, 4, 5, 1, 6, 1, 3, 1, 1, 1, 0, 1),
        ),
      ),
      FieldSnapshot(
        name: "accSmooth[2]",
        unit: Acceleration,
        history: FieldSnapshot(
          min: 0,
          max: 971,
          unique: 17,
          histogram: (2, 1, 5, 2, 4, 2, 1, 0, 2, 2, 1, 5, 3, 3, 4, 1),
        ),
      ),
      FieldSnapshot(
        name: "debug[0]",
        unit: Unitless,
        history: FieldSnapshot(
          min: -2,
          max: 3,
          unique: 6,
          histogram: (5, 17, 11, 5, 0, 0, 0, 0, 0, 0, 0, 0, 0, 0, 0, 0),
        ),
      ),
      FieldSnapshot(
        name: "debug[1]",
        unit: Unitless,
        history: FieldSnapshot(
          min: -5,
          max: 7,
          unique: 11,
          histogram: (7, 8, 10, 6, 5, 1, 0, 1, 0, 0, 0, 0, 0, 0, 0, 0),
        ),
      ),
      FieldSnapshot(
        name: "debug[2]",
        unit: Unitless,
        history: FieldSnapshot(
          min: -4,
          max: 4,
          unique: 9,
          histogram: (6, 15, 9, 6, 2, 0, 0, 0, 0, 0, 0, 0, 0, 0, 0, 0),
        ),
      ),
      FieldSnapshot(
        name: "debug[3]",
        unit: Unitless,
        history: FieldSnapshot(
          min: 0,
          max: 0,
          unique: 1,
        ),
      ),
      FieldSnapshot(
        name: "motor[0]",
        unit: Unitless,
        history: FieldSnapshot(
          min: 0,
          max: 216,
          unique: 21,
          histogram: (6, 1, 4, 0, 1, 3, 1, 0, 5, 1, 4, 4, 2, 2, 1, 3),
        ),
      ),
      FieldSnapshot(
        name: "motor[1]",
        unit: Unitless,
        history: FieldSnapshot(
          min: 0,
          max: 233,
          unique: 22,
          histogram: (3, 1, 1, 0, 2, 0, 3, 2, 0, 4, 2, 2, 1, 15, 0, 2),
        ),
      ),
      FieldSnapshot(
        name: "motor[2]",
        unit: Unitless,
        history: FieldSnapshot(
          min: 0,
          max: 207,
          unique: 28,
          histogram: (2, 3, 7, 3, 3, 1, 1, 2, 2, 4, 1, 3, 0, 5, 0, 1),
        ),
      ),
      FieldSnapshot(
        name: "motor[3]",
        unit: Unitless,
        history: FieldSnapshot(
          min: 0,
          max: 223,
          unique: 24,
          histogram: (3, 3, 2, 1, 1, 1, 3, 3, 4, 6, 2, 2, 4, 0, 2, 1),
        ),
      ),
      FieldSnapshot(
        name: "flightModeFlags",
        unit: FlightMode,
        history: {
          "Arm": 17,
        },
      ),
      FieldSnapshot(
        name: "stateFlags",
        unit: State,
        history: {
          "GpsFix": 37,
          "GpsFixHome": 37,
        },
      ),
      FieldSnapshot(
        name: "failsafePhase",
        unit: FailsafePhase,
        history: {},
      ),
      FieldSnapshot(
        name: "rxSignalReceived",
        unit: Boolean,
        history: History(
          yes: 37,
          no: 0,
        ),
      ),
      FieldSnapshot(
        name: "rxFlightChannelsValid",
        unit: Boolean,
        history: History(
          yes: 37,
          no: 0,
        ),
      ),
    ]),
    gps: Fields([
      FieldSnapshot(
        name: "time",
        unit: FrameTime,
        history: FieldSnapshot(
          min: 0,
          max: 157657760,
          unique: 2,
          histogram: (1, 0, 0, 0, 0, 0, 0, 0, 0, 0, 0, 1, 0, 0, 0, 0),
        ),
      ),
      FieldSnapshot(
        name: "GPS_numSat",
        unit: Unitless,
        history: FieldSnapshot(
          min: 0,
          max: 12,
          unique: 1,
        ),
      ),
      FieldSnapshot(
        name: "GPS_coord[0]",
        unit: GpsCoordinate,
        history: FieldSnapshot(
          min: 0,
          max: 298132062,
          unique: 2,
          histogram: (0, 0, 0, 0, 0, 0, 0, 0, 0, 0, 1, 0, 0, 0, 1, 0),
        ),
      ),
      FieldSnapshot(
        name: "GPS_coord[1]",
        unit: GpsCoordinate,
        history: FieldSnapshot(
          min: -957820541,
          max: 0,
          unique: 2,
          histogram: (0, 0, 0, 0, 0, 0, 0, 0, 0, 0, 0, 1, 0, 1, 0, 0),
        ),
      ),
      FieldSnapshot(
        name: "GPS_altitude",
        unit: Altitude,
        history: FieldSnapshot(
          min: 0,
          max: 316,
          unique: 2,
          histogram: (0, 0, 0, 0, 0, 0, 0, 0, 0, 0, 0, 1, 1, 0, 0, 0),
        ),
      ),
      FieldSnapshot(
        name: "GPS_speed",
        unit: Velocity,
        history: FieldSnapshot(
          min: 0,
          max: 24,
          unique: 2,
          histogram: (0, 0, 0, 0, 0, 0, 0, 0, 2, 0, 0, 0, 0, 0, 0, 0),
        ),
      ),
      FieldSnapshot(
        name: "GPS_ground_course",
        unit: GpsHeading,
        history: FieldSnapshot(
          min: 0,
          max: 1076,
          unique: 1,
        ),
      ),
    ]),
  )),
  Ok(LogSnapshot(
    headers: Headers(
      version: V2,
      firmware_revision: "Betaflight 4.2.9 (e097f4ab7) STM32F7X2",
      firmware_kind: Betaflight,
      board_info: Some("MAMBA F722 I2C"),
      craft_name: Some("DIATONE ROMA F5"),
      vbat: Some(VbatConfig(
        reference: 2482,
        scale: 110,
      )),
      current_meter: Some(CurrentMeterConfig(
        offset: 0,
        scale: 115,
      )),
      acceleration_1g: Some(2048),
      gyro_scale: Some(0.017453292),
      min_throttle: Some(1070),
      motor_output_range: Some(MotorOutputRange(158, 2047)),
    ),
    stats: Stats(
      counts: FrameCounts(
        main: 11615,
        slow: 8,
        gps: 235,
        gps_home: 1,
      ),
    ),
    events: [
      SyncBeep(226661466),
      FlightMode(
        flags: 0,
        last_flags: 1,
      ),
      Disarm(4),
      End,
    ],
    main: Fields([
      FieldSnapshot(
        name: "loopIteration",
        unit: Unitless,
        history: FieldSnapshot(
          min: 0,
          max: 185734,
          unique: 11615,
          histogram: (1452, 1452, 1452, 1452, 1452, 1452, 1452, 1451, 0, 0, 0, 0, 0, 0, 0, 0),
        ),
      ),
      FieldSnapshot(
        name: "time",
        unit: FrameTime,
        history: FieldSnapshot(
          min: 0,
          max: 273420011,
          unique: 11615,
          histogram: (708, 285, 1238, 789, 620, 707, 730, 767, 654, 247, 1375, 701, 687, 679, 659, 769),
        ),
      ),
      FieldSnapshot(
        name: "axisP[0]",
        unit: Unitless,
        history: FieldSnapshot(
          min: -619,
          max: 364,
          unique: 187,
          histogram: (3973, 2895, 1709, 968, 594, 376, 275, 191, 141, 108, 106, 81, 57, 58, 46, 37),
        ),
      ),
      FieldSnapshot(
        name: "axisP[1]",
        unit: Unitless,
        history: FieldSnapshot(
          min: -3146,
          max: 3166,
          unique: 258,
          histogram: (3188, 2508, 1689, 1093, 766, 556, 418, 341, 236, 172, 155, 110, 106, 104, 94, 79),
        ),
      ),
      FieldSnapshot(
        name: "axisP[2]",
        unit: Unitless,
        history: FieldSnapshot(
          min: -243,
          max: 195,
          unique: 135,
          histogram: (4536, 3070, 1483, 870, 516, 310, 199, 155, 135, 102, 68, 47, 38, 43, 26, 17),
        ),
      ),
      FieldSnapshot(
        name: "axisI[0]",
        unit: Unitless,
        history: FieldSnapshot(
          min: -128,
          max: 201,
          unique: 163,
          histogram: (2264, 1127, 1036, 1193, 1180, 1023, 866, 693, 383, 348, 329, 291, 239, 192, 204, 247),
        ),
      ),
      FieldSnapshot(
        name: "axisI[1]",
        unit: Unitless,
        history: FieldSnapshot(
          min: -400,
          max: 400,
          unique: 275,
          histogram: (1052, 822, 783, 677, 823, 966, 792, 768, 648, 631, 874, 912, 600, 488, 410, 369),
        ),
      ),
      FieldSnapshot(
        name: "axisI[2]",
        unit: Unitless,
        history: FieldSnapshot(
          min: -400,
          max: 354,
          unique: 198,
          histogram: (1087, 884, 835, 630, 746, 756, 688, 531, 700, 743, 650, 689, 738, 760, 635, 543),
        ),
      ),
      FieldSnapshot(
        name: "axisD[0]",
        unit: Unitless,
        history: FieldSnapshot(
          min: -873,
          max: 1040,
          unique: 171,
          histogram: (3588, 2850, 1886, 1177, 704, 406, 279, 170, 120, 106, 69, 76, 58, 50, 37, 39),
        ),
      ),
      FieldSnapshot(
        name: "axisD[1]",
        unit: Unitless,
        history: FieldSnapshot(
          min: -3102,
          max: 3836,
          unique: 181,
          histogram: (3721, 2962, 1921, 1140, 682, 381, 244, 161, 115, 79, 48, 46, 38, 33, 21, 23),
        ),
      ),
      FieldSnapshot(
        name: "axisF[0]",
        unit: Unitless,
        history: FieldSnapshot(
          min: -29,
          max: 33,
          unique: 51,
          histogram: (9544, 901, 370, 195, 148, 112, 83, 40, 41, 25, 29, 23, 48, 30, 16, 10),
        ),
      ),
      FieldSnapshot(
        name: "axisF[1]",
        unit: Unitless,
        history: FieldSnapshot(
          min: -9,
          max: 11,
          unique: 21,
          histogram: (9320, 1415, 417, 199, 108, 58, 26, 22, 31, 14, 1, 4, 0, 0, 0, 0),
        ),
      ),
      FieldSnapshot(
        name: "axisF[2]",
        unit: Unitless,
        history: FieldSnapshot(
          min: -7,
          max: 5,
          unique: 13,
          histogram: (11122, 339, 59, 43, 28, 15, 6, 3, 0, 0, 0, 0, 0, 0, 0, 0),
        ),
      ),
      FieldSnapshot(
        name: "rcCommand[0]",
        unit: Unitless,
        history: FieldSnapshot(
          min: -378,
          max: 316,
          unique: 573,
          histogram: (3868, 1003, 542, 415, 390, 654, 391, 550, 474, 411, 486, 531, 324, 556, 537, 483),
        ),
      ),
      FieldSnapshot(
        name: "rcCommand[1]",
        unit: Unitless,
        history: FieldSnapshot(
          min: -271,
          max: 69,
          unique: 330,
          histogram: (1799, 1819, 1177, 449, 563, 534, 485, 432, 575, 478, 473, 750, 420, 637, 548, 476),
        ),
      ),
      FieldSnapshot(
        name: "rcCommand[2]",
        unit: Unitless,
        history: FieldSnapshot(
          min: -94,
          max: 30,
          unique: 113,
          histogram: (3034, 747, 824, 516, 528, 638, 315, 301, 580, 188, 641, 2075, 211, 269, 351, 397),
        ),
      ),
      FieldSnapshot(
        name: "rcCommand[3]",
        unit: Unitless,
        history: FieldSnapshot(
          min: 0,
          max: 2000,
          unique: 860,
          histogram: (981, 900, 345, 623, 573, 358, 379, 461, 3156, 450, 443, 436, 345, 951, 612, 602),
        ),
      ),
      FieldSnapshot(
        name: "setpoint[0]",
        unit: Unitless,
        history: FieldSnapshot(
          min: -324,
          max: 228,
          unique: 443,
          histogram: (4129, 741, 546, 557, 723, 818, 593, 618, 441, 421, 428, 482, 421, 255, 269, 173),
        ),
      ),
      FieldSnapshot(
        name: "setpoint[1]",
        unit: Unitless,
        history: FieldSnapshot(
          min: -176,
          max: 31,
          unique: 197,
          histogram: (3011, 1353, 790, 658, 484, 496, 676, 572, 483, 437, 395, 466, 313, 481, 538, 462),
        ),
      ),
      FieldSnapshot(
        name: "setpoint[2]",
        unit: Unitless,
        history: FieldSnapshot(
          min: -43,
          max: 13,
          unique: 55,
          histogram: (3443, 1246, 542, 327, 2326, 537, 603, 559, 432, 257, 314, 261, 179, 239, 193, 157),
        ),
      ),
      FieldSnapshot(
        name: "setpoint[3]",
        unit: Unitless,
        history: FieldSnapshot(
          min: 0,
          max: 1000,
          unique: 859,
          histogram: (3220, 417, 439, 452, 319, 939, 616, 577, 1015, 867, 350, 615, 571, 371, 394, 453),
        ),
      ),
      FieldSnapshot(
        name: "vbatLatest",
        unit: Voltage,
        history: FieldSnapshot(
          min: 0,
          max: 25240,
          unique: 364,
          histogram: (1533, 0, 1513, 0, 1411, 0, 1355, 0, 1426, 0, 1401, 0, 1475, 0, 1501, 0),
        ),
      ),
      FieldSnapshot(
        name: "amperageLatest",
        unit: Amperage,
        history: FieldSnapshot(
          min: 0,
          max: 113390,
          unique: 465,
          histogram: (2527, 0, 1506, 0, 1374, 0, 865, 0, 1462, 0, 1287, 0, 1261, 0, 1333, 0),
        ),
      ),
      FieldSnapshot(
        name: "rssi",
        unit: Unitless,
        history: FieldSnapshot(
          min: 0,
          max: 453,
          unique: 168,
          histogram: (622, 671, 476, 623, 847, 796, 812, 663, 1227, 668, 974, 623, 942, 448, 799, 424),
        ),
      ),
      FieldSnapshot(
        name: "gyroADC[0]",
        unit: Rotation,
        history: FieldSnapshot(
          min: -335,
          max: 339,
          unique: 465,
          histogram: (1601, 2025, 1123, 878, 778, 700, 624, 593, 527, 531, 521, 484, 410, 288, 270, 262),
        ),
      ),
      FieldSnapshot(
        name: "gyroADC[1]",
        unit: Rotation,
        history: FieldSnapshot(
          min: -1994,
          max: 1999,
          unique: 337,
          histogram: (1139, 1514, 1109, 950, 818, 705, 641, 585, 562, 524, 489, 454, 454, 510, 586, 575),
        ),
      ),
      FieldSnapshot(
        name: "gyroADC[2]",
        unit: Rotation,
        history: FieldSnapshot(
          min: -196,
          max: 235,
          unique: 141,
          histogram: (1047, 1662, 1405, 1199, 1231, 1050, 808, 599, 527, 491, 391, 332, 247, 230, 191, 205),
        ),
      ),
      FieldSnapshot(
        name: "accSmooth[0]",
        unit: Acceleration,
        history: FieldSnapshot(
          min: -1769,
          max: 955,
          unique: 1375,
          histogram: (707, 710, 732, 699, 722, 740, 759, 744, 707, 748, 715, 734, 737, 706, 749, 706),
        ),
      ),
      FieldSnapshot(
        name: "accSmooth[1]",
        unit: Acceleration,
        history: FieldSnapshot(
          min: -1482,
          max: 807,
          unique: 1232,
          histogram: (733, 701, 719, 789, 789, 736, 746, 798, 746, 770, 738, 739, 711, 661, 620, 619),
        ),
      ),
      FieldSnapshot(
        name: "accSmooth[2]",
        unit: Acceleration,
        history: FieldSnapshot(
          min: -2655,
          max: 6203,
          unique: 3715,
          histogram: (726, 740, 657, 714, 709, 716, 695, 747, 703, 714, 724, 770, 729, 788, 726, 757),
        ),
      ),
      FieldSnapshot(
        name: "debug[0]",
        unit: Unitless,
        history: FieldSnapshot(
          min: -392,
          max: 721,
          unique: 510,
          histogram: (883, 1061, 987, 846, 849, 782, 734, 723, 685, 622, 641, 591, 593, 580, 520, 518),
        ),
      ),
      FieldSnapshot(
        name: "debug[1]",
        unit: Unitless,
        history: FieldSnapshot(
          min: -1999,
          max: 1997,
          unique: 374,
          histogram: (774, 965, 930, 801, 825, 740, 736, 733, 750, 735, 675, 649, 644, 607, 527, 524),
        ),
      ),
      FieldSnapshot(
        name: "debug[2]",
        unit: Unitless,
        history: FieldSnapshot(
          min: -254,
          max: 382,
          unique: 185,
          histogram: (764, 960, 972, 924, 978, 903, 928, 803, 697, 642, 610, 547, 495, 475, 466, 451),
        ),
      ),
      FieldSnapshot(
        name: "debug[3]",
        unit: Unitless,
        history: FieldSnapshot(
          min: 0,
          max: 0,
          unique: 1,
        ),
      ),
      FieldSnapshot(
        name: "motor[0]",
        unit: Unitless,
        history: FieldSnapshot(
          min: 0,
          max: 2102,
          unique: 1471,
          histogram: (726, 675, 726, 688, 684, 706, 657, 720, 741, 649, 767, 692, 701, 708, 947, 828),
        ),
      ),
      FieldSnapshot(
        name: "motor[1]",
        unit: Unitless,
        history: FieldSnapshot(
          min: 0,
          max: 2222,
          unique: 1468,
          histogram: (659, 620, 694, 595, 674, 689, 614, 665, 623, 638, 694, 663, 864, 1586, 650, 687),
        ),
      ),
      FieldSnapshot(
        name: "motor[2]",
        unit: Unitless,
        history: FieldSnapshot(
          min: 0,
          max: 2090,
          unique: 1516,
          histogram: (663, 697, 691, 773, 681, 685, 745, 640, 691, 638, 676, 710, 764, 1152, 685, 724),
        ),
      ),
      FieldSnapshot(
        name: "motor[3]",
        unit: Unitless,
        history: FieldSnapshot(
          min: 0,
          max: 2296,
          unique: 1449,
          histogram: (805, 718, 701, 690, 720, 739, 711, 717, 692, 684, 690, 702, 705, 879, 776, 686),
        ),
      ),
      FieldSnapshot(
        name: "flightModeFlags",
        unit: FlightMode,
        history: {
          "Arm": 11594,
        },
      ),
      FieldSnapshot(
        name: "stateFlags",
        unit: State,
        history: {
          "GpsFix": 11614,
          "GpsFixHome": 11614,
        },
      ),
      FieldSnapshot(
        name: "failsafePhase",
        unit: FailsafePhase,
        history: {},
      ),
      FieldSnapshot(
        name: "rxSignalReceived",
        unit: Boolean,
        history: History(
          yes: 11614,
          no: 0,
        ),
      ),
      FieldSnapshot(
        name: "rxFlightChannelsValid",
        unit: Boolean,
        history: History(
          yes: 11614,
          no: 0,
        ),
      ),
    ]),
    gps: Fields([
      FieldSnapshot(
        name: "time",
        unit: FrameTime,
        history: FieldSnapshot(
          min: 0,
          max: 271692821,
          unique: 234,
          histogram: (9, 11, 15, 12, 6, 17, 12, 18, 14, 17, 26, 11, 17, 18, 20, 11),
        ),
      ),
      FieldSnapshot(
        name: "GPS_numSat",
        unit: Unitless,
        history: FieldSnapshot(
          min: 0,
          max: 13,
          unique: 3,
          histogram: (0, 0, 0, 0, 0, 0, 0, 0, 0, 0, 0, 6, 68, 160, 0, 0),
        ),
      ),
      FieldSnapshot(
        name: "GPS_coord[0]",
        unit: GpsCoordinate,
        history: FieldSnapshot(
          min: 0,
          max: 298137568,
          unique: 221,
          histogram: (9, 25, 8, 16, 12, 8, 11, 21, 12, 20, 19, 13, 13, 14, 17, 16),
        ),
      ),
      FieldSnapshot(
        name: "GPS_coord[1]",
        unit: GpsCoordinate,
        history: FieldSnapshot(
          min: -957828183,
          max: 0,
          unique: 218,
          histogram: (25, 11, 19, 14, 13, 7, 15, 12, 13, 12, 14, 24, 11, 14, 11, 19),
        ),
      ),
      FieldSnapshot(
        name: "GPS_altitude",
        unit: Altitude,
        history: FieldSnapshot(
          min: 0,
          max: 1318,
          unique: 173,
          histogram: (16, 18, 7, 15, 17, 14, 21, 16, 10, 18, 7, 12, 15, 18, 12, 18),
        ),
      ),
      FieldSnapshot(
        name: "GPS_speed",
        unit: Velocity,
        history: FieldSnapshot(
          min: 0,
          max: 2560,
          unique: 176,
          histogram: (14, 19, 18, 17, 9, 14, 11, 16, 15, 16, 21, 16, 14, 6, 14, 14),
        ),
      ),
      FieldSnapshot(
        name: "GPS_ground_course",
        unit: GpsHeading,
        history: FieldSnapshot(
          min: 0,
          max: 3592,
          unique: 170,
          histogram: (13, 13, 18, 13, 14, 19, 16, 11, 19, 6, 11, 22, 8, 18, 19, 14),
        ),
      ),
    ]),
  )),
]
