---
source: tests/snapshots.rs
expression: snapshot
input_file: tests/logs/error-recovery.bbl
---
File(
  count: 1,
  logs: [
    Ok(Log(
      headers: Headers(
        firmware_revision: "Betaflight 4.2.11 (948ba6339) STM32F7X2",
        firmware: Betaflight("4.2.11"),
        firmware_date: Some(Err("Nov  9 2021 20:29:32")),
        board_info: Some("ZEEZ ZEEZF7V2"),
        craft_name: None,
        debug_mode: None,
        disabled_fields: [],
        features: [
          RxSerial,
          Telemetry,
          LedStrip,
          Osd,
          AirMode,
          AntiGravity,
        ],
        unknown: {
          "dyn_notch_width_percent": "0",
          "rc_smoothing_active_cutoffs": "68, 90",
          "acc_hardware": "0",
          "deadband": "0",
          "tpa_rate": "65",
          "rc_smoothing_cutoffs": "0, 0",
          "gyro_lowpass2_type": "0",
          "rate_limits": "1998,1998,1998",
          "dterm_notch_cutoff": "0",
          "pid_process_denom": "1",
          "gyro_cal_on_first_arm": "0",
          "yaw_lowpass_hz": "0",
          "acc_limit_yaw": "0",
          "dyn_notch_max_hz": "350",
          "yaw_deadband": "0",
          "mag_hardware": "0",
          "maxthrottle": "2000",
          "vbat_pid_gain": "0",
          "I interval": "256",
          "dterm_lowpass_dyn_hz": "70,170",
          "use_integrated_yaw": "0",
          "dshot_bidir": "1",
          "ff_boost": "15",
          "gyro_sync_denom": "1",
          "rpm_notch_lpf": "150",
          "rc_smoothing_filter_type": "1, 1",
          "serialrx_provider": "9",
          "dshot_idle_value": "550",
          "feedforward_weight": "97,103,97",
          "d_min_advance": "20",
          "rc_smoothing_debug_axis": "0",
          "gyro_rpm_notch_q": "500",
          "rc_interpolation_channels": "2",
          "dterm_filter2_type": "0",
          "ff_interpolate_sp": "2",
          "gyro_lowpass_type": "0",
          "Log start datetime": "0000-01-01T00:00:00.000+00:00",
          "dterm_filter_type": "0",
          "vbatcellvoltage": "330,350,430",
          "anti_gravity_mode": "0",
          "rc_interpolation_interval": "19",
          "rc_smoothing_type": "1",
          "iterm_relax": "1",
          "gyro_rpm_notch_harmonics": "3",
          "rc_interpolation": "2",
          "tpa_breakpoint": "1350",
          "d_min_gain": "37",
          "dterm_lowpass_hz": "150",
          "rates": "75,75,75",
          "iterm_relax_cutoff": "15",
          "d_min": "0,0,0",
          "acc_limit": "0",
          "ff_spike_limit": "60",
          "ff_max_rate_limit": "100",
          "gyro_lowpass_hz": "200",
          "gyro_notch_hz": "0,0",
          "anti_gravity_threshold": "250",
          "acc_lpf_hz": "1000",
          "baro_hardware": "0",
          "motor_pwm_protocol": "7",
          "rc_rates": "70,70,70",
          "pidAtMinThrottle": "1",
          "pitchPID": "55,108,38",
          "magPID": "40",
          "P interval": "16",
          "pidsum_limit_yaw": "400",
          "pidsum_limit": "500",
          "rates_type": "0",
          "dyn_notch_min_hz": "120",
          "iterm_relax_type": "1",
          "dterm_rpm_notch_min": "100",
          "gyro_lowpass_dyn_hz": "200,500",
          "motor_pwm_rate": "480",
          "thr_mid": "50",
          "dyn_notch_q": "250",
          "dterm_notch_hz": "0",
          "feedforward_transition": "0",
          "gyro_rpm_notch_min": "100",
          "rollPID": "50,102,36",
          "looptime": "125",
          "thr_expo": "0",
          "yawPID": "54,108,0",
          "levelPID": "50,50,75",
          "rc_expo": "0,0,0",
          "dterm_rpm_notch_harmonics": "0",
          "airmode_activate_throttle": "25",
          "P ratio": "16",
          "anti_gravity_gain": "3500",
          "gyro_hardware_lpf": "0",
          "dterm_lowpass2_hz": "150",
          "use_unsynced_pwm": "0",
          "rc_smoothing_rx_average": "6654",
          "dterm_rpm_notch_q": "500",
          "iterm_windup": "100",
          "abs_control_gain": "0",
          "gyro_notch_cutoff": "0,0",
          "rc_smoothing_auto_factor": "10",
          "gyro_lowpass2_hz": "0",
        },
      ),
      stats: Stats(
        counts: FrameCounts(
          event: 3,
          main: 5,
          slow: 1,
          gps: 0,
          gps_home: 0,
        ),
      ),
      capped: false,
      events: [
        SyncBeep(32887122),
        Disarm(4),
        End(
          disarm_reason: None,
        ),
      ],
      main: MainFrame(
        count: 5,
        last_iteration: 256,
        time: FieldSnapshot(
          min: 0,
          max: 33043646,
          unique: 5,
          histogram: (0, 0, 0, 0, 0, 0, 0, 0, 0, 0, 0, 0, 0, 0, 3, 2),
        ),
        fields: Fields([
          Field(
            name: "axisP[0]",
            unit: Unitless,
            history: FieldSnapshot(
              min: 0,
              max: 0,
              unique: 1,
            ),
          ),
          Field(
            name: "axisP[1]",
            unit: Unitless,
            history: FieldSnapshot(
              min: -2,
              max: 0,
              unique: 2,
              histogram: (4, 0, 1, 0, 0, 0, 0, 0, 0, 0, 0, 0, 0, 0, 0, 0),
            ),
          ),
          Field(
            name: "axisP[2]",
            unit: Unitless,
            history: FieldSnapshot(
              min: 0,
              max: 0,
              unique: 1,
            ),
          ),
          Field(
            name: "axisI[0]",
            unit: Unitless,
            history: FieldSnapshot(
              min: 0,
              max: 0,
              unique: 1,
            ),
          ),
          Field(
            name: "axisI[1]",
            unit: Unitless,
            history: FieldSnapshot(
              min: 0,
              max: 0,
              unique: 1,
            ),
          ),
          Field(
            name: "axisI[2]",
            unit: Unitless,
            history: FieldSnapshot(
              min: 0,
              max: 0,
              unique: 1,
            ),
          ),
          Field(
            name: "axisD[0]",
            unit: Unitless,
            history: FieldSnapshot(
              min: -1,
              max: 2,
              unique: 4,
              histogram: (1, 2, 2, 0, 0, 0, 0, 0, 0, 0, 0, 0, 0, 0, 0, 0),
            ),
          ),
          Field(
            name: "axisD[1]",
            unit: Unitless,
            history: FieldSnapshot(
              min: -3,
              max: 2,
              unique: 3,
              histogram: (1, 0, 3, 1, 0, 0, 0, 0, 0, 0, 0, 0, 0, 0, 0, 0),
            ),
          ),
          Field(
            name: "axisF[0]",
            unit: Unitless,
            history: FieldSnapshot(
              min: 0,
              max: 0,
              unique: 1,
            ),
          ),
          Field(
            name: "axisF[1]",
            unit: Unitless,
            history: FieldSnapshot(
              min: 0,
              max: 0,
              unique: 1,
            ),
          ),
          Field(
            name: "axisF[2]",
            unit: Unitless,
            history: FieldSnapshot(
              min: 0,
              max: 0,
              unique: 1,
            ),
          ),
          Field(
            name: "rcCommand[0]",
            unit: Unitless,
            history: FieldSnapshot(
              min: 0,
              max: 0,
              unique: 1,
            ),
          ),
          Field(
            name: "rcCommand[1]",
            unit: Unitless,
            history: FieldSnapshot(
              min: 0,
              max: 0,
              unique: 1,
            ),
          ),
          Field(
            name: "rcCommand[2]",
            unit: Unitless,
            history: FieldSnapshot(
              min: 0,
              max: 1,
              unique: 2,
              histogram: (3, 2, 0, 0, 0, 0, 0, 0, 0, 0, 0, 0, 0, 0, 0, 0),
            ),
          ),
          Field(
            name: "rcCommand[3]",
            unit: Unitless,
            history: FieldSnapshot(
              min: 0,
              max: 1000,
              unique: 1,
            ),
          ),
          Field(
            name: "setpoint[0]",
            unit: Unitless,
            history: FieldSnapshot(
              min: 0,
              max: 0,
              unique: 1,
            ),
          ),
          Field(
            name: "setpoint[1]",
            unit: Unitless,
            history: FieldSnapshot(
              min: 0,
              max: 0,
              unique: 1,
            ),
          ),
          Field(
            name: "setpoint[2]",
            unit: Unitless,
            history: FieldSnapshot(
              min: 0,
              max: 0,
              unique: 1,
            ),
          ),
          Field(
            name: "setpoint[3]",
            unit: Unitless,
            history: FieldSnapshot(
              min: 0,
              max: 0,
              unique: 1,
            ),
          ),
          Field(
            name: "vbatLatest",
            unit: Voltage,
            history: FieldSnapshot(
              min: 0,
              max: 24630,
              unique: 2,
              histogram: (0, 0, 0, 0, 0, 0, 1, 0, 0, 0, 0, 0, 0, 0, 4, 0),
            ),
          ),
          Field(
            name: "amperageLatest",
            unit: Amperage,
            history: FieldSnapshot(
              min: 0,
              max: 760,
              unique: 2,
              histogram: (4, 0, 0, 0, 0, 0, 0, 0, 1, 0, 0, 0, 0, 0, 0, 0),
            ),
          ),
          Field(
            name: "BaroAlt",
            unit: Unitless,
            history: FieldSnapshot(
              min: 0,
              max: 279,
              unique: 2,
              histogram: (0, 1, 0, 0, 0, 0, 0, 4, 0, 0, 0, 0, 0, 0, 0, 0),
            ),
          ),
          Field(
            name: "rssi",
            unit: Unitless,
            history: FieldSnapshot(
              min: 0,
              max: 774,
              unique: 1,
            ),
          ),
          Field(
            name: "gyroADC[0]",
            unit: Rotation,
            history: FieldSnapshot(
              min: 0,
              max: 0,
              unique: 1,
            ),
          ),
          Field(
            name: "gyroADC[1]",
            unit: Rotation,
            history: FieldSnapshot(
              min: 0,
              max: 1,
              unique: 2,
              histogram: (4, 1, 0, 0, 0, 0, 0, 0, 0, 0, 0, 0, 0, 0, 0, 0),
            ),
          ),
          Field(
            name: "gyroADC[2]",
            unit: Rotation,
            history: FieldSnapshot(
              min: 0,
              max: 0,
              unique: 1,
            ),
          ),
          Field(
            name: "accSmooth[0]",
            unit: Acceleration,
            history: FieldSnapshot(
              min: -21,
              max: 0,
              unique: 3,
              histogram: (0, 0, 1, 3, 0, 1, 0, 0, 0, 0, 0, 0, 0, 0, 0, 0),
            ),
          ),
          Field(
            name: "accSmooth[1]",
            unit: Acceleration,
            history: FieldSnapshot(
              min: -19,
              max: 0,
              unique: 4,
              histogram: (0, 2, 0, 1, 0, 0, 0, 0, 0, 1, 0, 0, 0, 0, 0, 1),
            ),
          ),
          Field(
            name: "accSmooth[2]",
            unit: Acceleration,
            history: FieldSnapshot(
              min: 0,
              max: 985,
              unique: 3,
              histogram: (0, 0, 0, 0, 0, 0, 1, 0, 3, 1, 0, 0, 0, 0, 0, 0),
            ),
          ),
          Field(
            name: "motor[0]",
            unit: Unitless,
            history: FieldSnapshot(
              min: 0,
              max: 178,
              unique: 5,
              histogram: (0, 0, 1, 0, 0, 0, 0, 1, 0, 1, 1, 0, 0, 0, 1, 0),
            ),
          ),
          Field(
            name: "motor[1]",
            unit: Unitless,
            history: FieldSnapshot(
              min: 0,
              max: 183,
              unique: 4,
              histogram: (0, 0, 1, 0, 0, 2, 0, 1, 0, 0, 0, 0, 0, 0, 1, 0),
            ),
          ),
          Field(
            name: "motor[2]",
            unit: Unitless,
            history: FieldSnapshot(
              min: 0,
              max: 179,
              unique: 5,
              histogram: (0, 1, 0, 1, 0, 0, 0, 0, 0, 0, 1, 0, 1, 0, 0, 1),
            ),
          ),
          Field(
            name: "motor[3]",
            unit: Unitless,
            history: FieldSnapshot(
              min: 0,
              max: 183,
              unique: 5,
              histogram: (0, 0, 0, 0, 0, 0, 0, 1, 0, 0, 1, 1, 1, 1, 0, 0),
            ),
          ),
        ]),
      ),
      slow: SlowFrame(
        count: 1,
        fields: Fields([
          Field(
            name: "flightModeFlags",
            unit: FlightMode,
            history: {
              "ARM": 1,
            },
          ),
          Field(
            name: "stateFlags",
            unit: State,
            history: {},
          ),
          Field(
            name: "failsafePhase",
            unit: FailsafePhase,
            history: {
              "IDLE": 1,
            },
          ),
          Field(
            name: "rxSignalReceived",
            unit: Boolean,
            history: History(
              yes: 1,
              no: 0,
            ),
          ),
          Field(
            name: "rxFlightChannelsValid",
            unit: Boolean,
            history: History(
              yes: 1,
              no: 0,
            ),
          ),
        ]),
      ),
    )),
  ],
)
