---
source: tests/snapshots.rs
expression: snapshot
input_file: ".modules/gimbal-ghost/test/btfl_001.bbl"
---
File(
  count: 3,
  logs: [
    Ok(Log(
      headers: Headers(
        firmware_revision: "Betaflight 4.2.9 (e097f4ab7) STM32F7X2",
        firmware: Betaflight("4.2.9"),
        firmware_date: Some(Ok("2021-04-27 19:34:29.0")),
        board_info: Some("MAMBA F722 I2C"),
        craft_name: Some("DIATONE ROMA F5"),
        debug_mode: GyroScaled,
        disabled_fields: [],
        features: [
          RxSerial,
          SoftSerial,
          Gps,
          Telemetry,
          LedStrip,
          Osd,
          AirMode,
          AntiGravity,
        ],
        pwm_protocol: Dshot600,
        unknown: {
          "I interval": "128",
          "Log start datetime": "2022-02-05T21:36:29.913+00:00",
          "P interval": "16",
          "P ratio": "8",
          "abs_control_gain": "0",
          "acc_hardware": "0",
          "acc_limit": "0",
          "acc_limit_yaw": "0",
          "acc_lpf_hz": "1000",
          "airmode_activate_throttle": "25",
          "anti_gravity_gain": "3500",
          "anti_gravity_mode": "0",
          "anti_gravity_threshold": "250",
          "baro_hardware": "1",
          "d_min": "23,25,0",
          "d_min_advance": "20",
          "d_min_gain": "37",
          "deadband": "2",
          "dshot_bidir": "1",
          "dshot_idle_value": "550",
          "dterm_filter2_type": "0",
          "dterm_filter_type": "0",
          "dterm_lowpass2_hz": "150",
          "dterm_lowpass_dyn_hz": "70,170",
          "dterm_lowpass_hz": "150",
          "dterm_notch_cutoff": "0",
          "dterm_notch_hz": "0",
          "dterm_rpm_notch_harmonics": "0",
          "dterm_rpm_notch_min": "100",
          "dterm_rpm_notch_q": "500",
          "dyn_notch_max_hz": "600",
          "dyn_notch_min_hz": "150",
          "dyn_notch_q": "120",
          "dyn_notch_width_percent": "8",
          "feedforward_transition": "0",
          "feedforward_weight": "90,95,90",
          "ff_boost": "15",
          "ff_interpolate_sp": "2",
          "ff_max_rate_limit": "100",
          "ff_spike_limit": "60",
          "gyro_cal_on_first_arm": "0",
          "gyro_hardware_lpf": "0",
          "gyro_lowpass2_hz": "238",
          "gyro_lowpass2_type": "0",
          "gyro_lowpass_dyn_hz": "190,475",
          "gyro_lowpass_hz": "200",
          "gyro_lowpass_type": "0",
          "gyro_notch_cutoff": "0,0",
          "gyro_notch_hz": "0,0",
          "gyro_rpm_notch_harmonics": "3",
          "gyro_rpm_notch_min": "100",
          "gyro_rpm_notch_q": "500",
          "gyro_sync_denom": "1",
          "iterm_relax": "1",
          "iterm_relax_cutoff": "15",
          "iterm_relax_type": "1",
          "iterm_windup": "100",
          "levelPID": "50,50,75",
          "looptime": "125",
          "magPID": "40",
          "mag_hardware": "0",
          "maxthrottle": "2000",
          "motor_pwm_rate": "480",
          "pidAtMinThrottle": "1",
          "pid_process_denom": "2",
          "pidsum_limit": "500",
          "pidsum_limit_yaw": "400",
          "pitchPID": "49,90,40",
          "rate_limits": "1998,1998,1998",
          "rates": "70,70,70",
          "rates_type": "0",
          "rc_expo": "0,0,0",
          "rc_interpolation": "2",
          "rc_interpolation_channels": "2",
          "rc_interpolation_interval": "19",
          "rc_rates": "100,100,100",
          "rc_smoothing_active_cutoffs": "23, 90",
          "rc_smoothing_auto_factor": "10",
          "rc_smoothing_cutoffs": "0, 0",
          "rc_smoothing_debug_axis": "0",
          "rc_smoothing_filter_type": "1, 1",
          "rc_smoothing_rx_average": "19961",
          "rc_smoothing_type": "1",
          "rollPID": "47,85,38",
          "rpm_notch_lpf": "150",
          "serialrx_provider": "9",
          "thr_expo": "0",
          "thr_mid": "50",
          "tpa_breakpoint": "1350",
          "tpa_rate": "65",
          "use_integrated_yaw": "0",
          "use_unsynced_pwm": "0",
          "vbat_pid_gain": "0",
          "vbatcellvoltage": "330,350,430",
          "yawPID": "32,90,0",
          "yaw_deadband": "2",
          "yaw_lowpass_hz": "0",
        },
      ),
      stats: Stats(
        counts: FrameCounts(
          event: 4,
          main: 16420,
          slow: 10,
          gps: 354,
          gps_home: 1,
        ),
      ),
      capped: false,
      events: [
        SyncBeep(220009490),
        FlightMode(
          flags: 0,
          last_flags: 1,
        ),
        Disarm(4),
        End(
          disarm_reason: None,
        ),
      ],
      main: MainFrame(
        count: 16420,
        last_iteration: 262659,
        time: FieldSnapshot(
          min: 0,
          max: 286062259,
          unique: 16420,
          histogram: (1219, 373, 1584, 1063, 914, 961, 859, 990, 1110, 378, 1717, 1171, 1110, 1009, 873, 1089),
        ),
        fields: Fields([
          Field(
            name: "axisP[0]",
            unit: Unitless,
            history: FieldSnapshot(
              min: -3005,
              max: 423,
              unique: 149,
              histogram: (6318, 4242, 2267, 1279, 711, 427, 294, 237, 157, 132, 115, 64, 50, 52, 39, 36),
            ),
          ),
          Field(
            name: "axisP[1]",
            unit: Unitless,
            history: FieldSnapshot(
              min: -3136,
              max: 3136,
              unique: 163,
              histogram: (5545, 3957, 2331, 1300, 830, 547, 424, 314, 285, 208, 180, 135, 112, 105, 92, 55),
            ),
          ),
          Field(
            name: "axisP[2]",
            unit: Unitless,
            history: FieldSnapshot(
              min: -2050,
              max: 2055,
              unique: 165,
              histogram: (7257, 4198, 1792, 934, 808, 548, 269, 193, 130, 80, 68, 36, 44, 24, 22, 17),
            ),
          ),
          Field(
            name: "axisI[0]",
            unit: Unitless,
            history: FieldSnapshot(
              min: -400,
              max: 24,
              unique: 91,
              histogram: (3484, 2027, 2234, 1467, 837, 1024, 705, 718, 716, 643, 495, 362, 342, 255, 516, 595),
            ),
          ),
          Field(
            name: "axisI[1]",
            unit: Unitless,
            history: FieldSnapshot(
              min: -400,
              max: 400,
              unique: 198,
              histogram: (1511, 774, 728, 738, 921, 1269, 968, 1268, 1196, 1417, 1169, 1235, 1330, 745, 699, 452),
            ),
          ),
          Field(
            name: "axisI[2]",
            unit: Unitless,
            history: FieldSnapshot(
              min: -367,
              max: 400,
              unique: 144,
              histogram: (1774, 908, 838, 850, 914, 1080, 1300, 1290, 1174, 1147, 1139, 1036, 929, 807, 638, 596),
            ),
          ),
          Field(
            name: "axisD[0]",
            unit: Unitless,
            history: FieldSnapshot(
              min: -226,
              max: 971,
              unique: 147,
              histogram: (5294, 4074, 2684, 1632, 928, 545, 344, 240, 175, 129, 86, 71, 75, 52, 50, 41),
            ),
          ),
          Field(
            name: "axisD[1]",
            unit: Unitless,
            history: FieldSnapshot(
              min: -858,
              max: 789,
              unique: 119,
              histogram: (5787, 4168, 2602, 1544, 856, 534, 310, 214, 128, 76, 65, 37, 40, 25, 22, 12),
            ),
          ),
          Field(
            name: "axisF[0]",
            unit: Unitless,
            history: FieldSnapshot(
              min: -34,
              max: 22,
              unique: 53,
              histogram: (13396, 1254, 587, 368, 202, 185, 112, 80, 54, 60, 29, 24, 22, 19, 20, 8),
            ),
          ),
          Field(
            name: "axisF[1]",
            unit: Unitless,
            history: FieldSnapshot(
              min: -17,
              max: 26,
              unique: 34,
              histogram: (14107, 1341, 437, 278, 121, 44, 38, 15, 13, 6, 11, 1, 0, 1, 3, 4),
            ),
          ),
          Field(
            name: "axisF[2]",
            unit: Unitless,
            history: FieldSnapshot(
              min: -9,
              max: 10,
              unique: 20,
              histogram: (15672, 478, 116, 35, 29, 21, 15, 25, 7, 11, 11, 0, 0, 0, 0, 0),
            ),
          ),
          Field(
            name: "rcCommand[0]",
            unit: Unitless,
            history: FieldSnapshot(
              min: -339,
              max: 222,
              unique: 519,
              histogram: (5416, 956, 912, 778, 798, 1033, 713, 500, 769, 502, 608, 755, 637, 689, 771, 583),
            ),
          ),
          Field(
            name: "rcCommand[1]",
            unit: Unitless,
            history: FieldSnapshot(
              min: -216,
              max: 324,
              unique: 424,
              histogram: (4930, 1858, 1138, 864, 610, 870, 510, 472, 905, 474, 750, 793, 666, 409, 690, 481),
            ),
          ),
          Field(
            name: "rcCommand[2]",
            unit: Unitless,
            history: FieldSnapshot(
              min: -222,
              max: 83,
              unique: 257,
              histogram: (4288, 1770, 1419, 944, 591, 760, 448, 354, 539, 285, 566, 2015, 734, 889, 437, 381),
            ),
          ),
          Field(
            name: "rcCommand[3]",
            unit: Unitless,
            history: FieldSnapshot(
              min: 0,
              max: 2000,
              unique: 741,
              histogram: (865, 1060, 717, 833, 1059, 612, 838, 916, 3406, 728, 1047, 675, 978, 1315, 686, 685),
            ),
          ),
          Field(
            name: "setpoint[0]",
            unit: Unitless,
            history: FieldSnapshot(
              min: -260,
              max: 130,
              unique: 360,
              histogram: (5656, 999, 870, 906, 1008, 1126, 1099, 881, 520, 424, 782, 479, 353, 436, 437, 444),
            ),
          ),
          Field(
            name: "setpoint[1]",
            unit: Unitless,
            history: FieldSnapshot(
              min: -125,
              max: 239,
              unique: 302,
              histogram: (6156, 1519, 950, 805, 1184, 915, 853, 704, 634, 425, 486, 470, 385, 444, 252, 238),
            ),
          ),
          Field(
            name: "setpoint[2]",
            unit: Unitless,
            history: FieldSnapshot(
              min: -130,
              max: 38,
              unique: 156,
              histogram: (5187, 1965, 821, 506, 1848, 1775, 381, 463, 425, 346, 345, 357, 364, 924, 403, 310),
            ),
          ),
          Field(
            name: "setpoint[3]",
            unit: Unitless,
            history: FieldSnapshot(
              min: 0,
              max: 1000,
              unique: 729,
              histogram: (3453, 701, 1050, 708, 1016, 1332, 680, 644, 874, 1023, 704, 843, 1087, 603, 809, 893),
            ),
          ),
          Field(
            name: "vbatLatest",
            unit: Voltage,
            history: FieldSnapshot(
              min: 0,
              max: 25400,
              unique: 337,
              histogram: (2243, 0, 1770, 0, 1942, 0, 2316, 0, 2164, 0, 1994, 0, 1859, 0, 2132, 0),
            ),
          ),
          Field(
            name: "amperageLatest",
            unit: Amperage,
            history: FieldSnapshot(
              min: 0,
              max: 141560,
              unique: 434,
              histogram: (3542, 0, 1947, 0, 2028, 0, 1194, 0, 1833, 0, 1908, 0, 1838, 0, 2130, 0),
            ),
          ),
          Field(
            name: "rssi",
            unit: Unitless,
            history: FieldSnapshot(
              min: 0,
              max: 457,
              unique: 238,
              histogram: (1097, 1136, 1350, 1264, 1090, 1265, 822, 1110, 971, 1075, 769, 949, 1001, 917, 757, 847),
            ),
          ),
          Field(
            name: "gyroADC[0]",
            unit: Rotation,
            history: FieldSnapshot(
              min: -264,
              max: 1997,
              unique: 421,
              histogram: (2457, 2889, 1627, 1286, 1249, 1127, 910, 797, 626, 606, 545, 526, 488, 396, 423, 468),
            ),
          ),
          Field(
            name: "gyroADC[1]",
            unit: Rotation,
            history: FieldSnapshot(
              min: -1999,
              max: 2094,
              unique: 430,
              histogram: (2511, 3353, 1772, 1241, 1124, 1095, 893, 750, 610, 554, 508, 465, 464, 396, 345, 339),
            ),
          ),
          Field(
            name: "gyroADC[2]",
            unit: Rotation,
            history: FieldSnapshot(
              min: -2000,
              max: 1996,
              unique: 268,
              histogram: (2111, 3172, 1977, 1368, 1268, 1136, 920, 634, 469, 432, 449, 514, 610, 574, 474, 312),
            ),
          ),
          Field(
            name: "accSmooth[0]",
            unit: Acceleration,
            history: FieldSnapshot(
              min: -8690,
              max: 7783,
              unique: 1545,
              histogram: (982, 954, 1047, 994, 964, 999, 997, 1074, 1142, 1198, 1115, 1050, 995, 920, 1005, 984),
            ),
          ),
          Field(
            name: "accSmooth[1]",
            unit: Acceleration,
            history: FieldSnapshot(
              min: -5693,
              max: 3589,
              unique: 1226,
              histogram: (974, 1014, 1008, 983, 1012, 969, 952, 1108, 1260, 1262, 1066, 1057, 1006, 914, 948, 887),
            ),
          ),
          Field(
            name: "accSmooth[2]",
            unit: Acceleration,
            history: FieldSnapshot(
              min: -15886,
              max: 15551,
              unique: 3774,
              histogram: (993, 987, 991, 931, 1000, 1026, 1051, 1040, 1085, 1055, 1057, 1037, 1002, 1062, 1051, 1052),
            ),
          ),
          Field(
            name: "debug[0]",
            unit: Unitless,
            history: FieldSnapshot(
              min: -299,
              max: 1997,
              unique: 457,
              histogram: (1174, 1534, 1316, 1198, 1104, 1035, 1036, 995, 935, 899, 924, 862, 971, 863, 811, 763),
            ),
          ),
          Field(
            name: "debug[1]",
            unit: Unitless,
            history: FieldSnapshot(
              min: -1999,
              max: 1997,
              unique: 495,
              histogram: (1107, 1529, 1378, 1229, 1201, 1128, 1033, 1005, 1002, 987, 917, 853, 779, 787, 775, 710),
            ),
          ),
          Field(
            name: "debug[2]",
            unit: Unitless,
            history: FieldSnapshot(
              min: -1998,
              max: 1998,
              unique: 334,
              histogram: (1199, 1610, 1359, 1281, 1253, 1182, 1183, 1016, 953, 885, 933, 808, 763, 701, 674, 620),
            ),
          ),
          Field(
            name: "debug[3]",
            unit: Unitless,
            history: FieldSnapshot(
              min: 0,
              max: 0,
              unique: 1,
            ),
          ),
          Field(
            name: "motor[0]",
            unit: Unitless,
            history: FieldSnapshot(
              min: 0,
              max: 2085,
              unique: 1364,
              histogram: (1021, 991, 1036, 953, 963, 1008, 993, 999, 1057, 1037, 989, 1041, 1026, 1029, 1226, 1051),
            ),
          ),
          Field(
            name: "motor[1]",
            unit: Unitless,
            history: FieldSnapshot(
              min: 0,
              max: 2048,
              unique: 1295,
              histogram: (994, 962, 941, 1027, 983, 989, 956, 896, 995, 990, 989, 1026, 1189, 1597, 896, 990),
            ),
          ),
          Field(
            name: "motor[2]",
            unit: Unitless,
            history: FieldSnapshot(
              min: 0,
              max: 2278,
              unique: 1369,
              histogram: (979, 1059, 970, 958, 978, 932, 945, 987, 984, 1021, 1020, 1016, 1047, 1472, 1017, 1035),
            ),
          ),
          Field(
            name: "motor[3]",
            unit: Unitless,
            history: FieldSnapshot(
              min: 0,
              max: 4294967235,
              unique: 1299,
              histogram: (1012, 967, 1046, 1020, 1029, 1061, 1034, 1007, 1012, 1054, 989, 964, 997, 1208, 1014, 1006),
            ),
          ),
        ]),
      ),
      slow: SlowFrame(
        count: 10,
        fields: Fields([
          Field(
            name: "flightModeFlags",
            unit: FlightMode,
            history: {
              "ARM": 9,
            },
          ),
          Field(
            name: "stateFlags",
            unit: State,
            history: {
              "GPS_FIX": 10,
              "GPS_FIX_HOME": 10,
            },
          ),
          Field(
            name: "failsafePhase",
            unit: FailsafePhase,
            history: {
              "IDLE": 10,
            },
          ),
          Field(
            name: "rxSignalReceived",
            unit: Boolean,
            history: History(
              yes: 10,
              no: 0,
            ),
          ),
          Field(
            name: "rxFlightChannelsValid",
            unit: Boolean,
            history: History(
              yes: 10,
              no: 0,
            ),
          ),
        ]),
      ),
      gps: GpsFrame(
        count: 354,
        time: FieldSnapshot(
          min: 0,
          max: 285916010,
          unique: 354,
          histogram: (21, 19, 25, 23, 21, 31, 29, 10, 29, 18, 20, 23, 31, 23, 19, 12),
        ),
        fields: Fields([
          Field(
            name: "GPS_numSat",
            unit: Unitless,
            history: FieldSnapshot(
              min: 0,
              max: 16,
              unique: 5,
              histogram: (204, 0, 0, 0, 0, 0, 0, 0, 0, 0, 0, 0, 2, 2, 35, 111),
            ),
          ),
          Field(
            name: "GPS_coord[0]",
            unit: GpsCoordinate,
            history: FieldSnapshot(
              min: 0,
              max: 298135884,
              unique: 316,
              histogram: (24, 21, 18, 26, 20, 23, 28, 28, 17, 21, 21, 15, 17, 22, 32, 21),
            ),
          ),
          Field(
            name: "GPS_coord[1]",
            unit: GpsCoordinate,
            history: FieldSnapshot(
              min: -957831102,
              max: 0,
              unique: 316,
              histogram: (31, 19, 19, 31, 23, 15, 21, 21, 21, 27, 15, 23, 15, 24, 26, 23),
            ),
          ),
          Field(
            name: "GPS_altitude",
            unit: Altitude,
            history: FieldSnapshot(
              min: 0,
              max: 966,
              unique: 212,
              histogram: (25, 27, 22, 14, 19, 17, 18, 23, 30, 20, 22, 20, 24, 27, 28, 18),
            ),
          ),
          Field(
            name: "GPS_speed",
            unit: Velocity,
            history: FieldSnapshot(
              min: 0,
              max: 2713,
              unique: 255,
              histogram: (20, 21, 20, 18, 27, 21, 17, 27, 31, 29, 23, 22, 12, 20, 20, 26),
            ),
          ),
          Field(
            name: "GPS_ground_course",
            unit: GpsHeading,
            history: FieldSnapshot(
              min: 0,
              max: 3585,
              unique: 237,
              histogram: (39, 22, 20, 18, 28, 21, 15, 21, 22, 27, 13, 20, 15, 30, 19, 24),
            ),
          ),
        ]),
      ),
    )),
    Ok(Log(
      headers: Headers(
        firmware_revision: "Betaflight 4.2.9 (e097f4ab7) STM32F7X2",
        firmware: Betaflight("4.2.9"),
        firmware_date: Some(Ok("2021-04-27 19:34:29.0")),
        board_info: Some("MAMBA F722 I2C"),
        craft_name: Some("DIATONE ROMA F5"),
        debug_mode: GyroScaled,
        disabled_fields: [],
        features: [
          RxSerial,
          SoftSerial,
          Gps,
          Telemetry,
          LedStrip,
          Osd,
          AirMode,
          AntiGravity,
        ],
        pwm_protocol: Dshot600,
        unknown: {
          "I interval": "128",
          "Log start datetime": "2022-02-05T21:37:42.761+00:00",
          "P interval": "16",
          "P ratio": "8",
          "abs_control_gain": "0",
          "acc_hardware": "0",
          "acc_limit": "0",
          "acc_limit_yaw": "0",
          "acc_lpf_hz": "1000",
          "airmode_activate_throttle": "25",
          "anti_gravity_gain": "3500",
          "anti_gravity_mode": "0",
          "anti_gravity_threshold": "250",
          "baro_hardware": "1",
          "d_min": "23,25,0",
          "d_min_advance": "20",
          "d_min_gain": "37",
          "deadband": "2",
          "dshot_bidir": "1",
          "dshot_idle_value": "550",
          "dterm_filter2_type": "0",
          "dterm_filter_type": "0",
          "dterm_lowpass2_hz": "150",
          "dterm_lowpass_dyn_hz": "70,170",
          "dterm_lowpass_hz": "150",
          "dterm_notch_cutoff": "0",
          "dterm_notch_hz": "0",
          "dterm_rpm_notch_harmonics": "0",
          "dterm_rpm_notch_min": "100",
          "dterm_rpm_notch_q": "500",
          "dyn_notch_max_hz": "600",
          "dyn_notch_min_hz": "150",
          "dyn_notch_q": "120",
          "dyn_notch_width_percent": "8",
          "feedforward_transition": "0",
          "feedforward_weight": "90,95,90",
          "ff_boost": "15",
          "ff_interpolate_sp": "2",
          "ff_max_rate_limit": "100",
          "ff_spike_limit": "60",
          "gyro_cal_on_first_arm": "0",
          "gyro_hardware_lpf": "0",
          "gyro_lowpass2_hz": "238",
          "gyro_lowpass2_type": "0",
          "gyro_lowpass_dyn_hz": "190,475",
          "gyro_lowpass_hz": "200",
          "gyro_lowpass_type": "0",
          "gyro_notch_cutoff": "0,0",
          "gyro_notch_hz": "0,0",
          "gyro_rpm_notch_harmonics": "3",
          "gyro_rpm_notch_min": "100",
          "gyro_rpm_notch_q": "500",
          "gyro_sync_denom": "1",
          "iterm_relax": "1",
          "iterm_relax_cutoff": "15",
          "iterm_relax_type": "1",
          "iterm_windup": "100",
          "levelPID": "50,50,75",
          "looptime": "125",
          "magPID": "40",
          "mag_hardware": "0",
          "maxthrottle": "2000",
          "motor_pwm_rate": "480",
          "pidAtMinThrottle": "1",
          "pid_process_denom": "2",
          "pidsum_limit": "500",
          "pidsum_limit_yaw": "400",
          "pitchPID": "49,90,40",
          "rate_limits": "1998,1998,1998",
          "rates": "70,70,70",
          "rates_type": "0",
          "rc_expo": "0,0,0",
          "rc_interpolation": "2",
          "rc_interpolation_channels": "2",
          "rc_interpolation_interval": "19",
          "rc_rates": "100,100,100",
          "rc_smoothing_active_cutoffs": "23, 90",
          "rc_smoothing_auto_factor": "10",
          "rc_smoothing_cutoffs": "0, 0",
          "rc_smoothing_debug_axis": "0",
          "rc_smoothing_filter_type": "1, 1",
          "rc_smoothing_rx_average": "19961",
          "rc_smoothing_type": "1",
          "rollPID": "47,85,38",
          "rpm_notch_lpf": "150",
          "serialrx_provider": "9",
          "thr_expo": "0",
          "thr_mid": "50",
          "tpa_breakpoint": "1350",
          "tpa_rate": "65",
          "use_integrated_yaw": "0",
          "use_unsynced_pwm": "0",
          "vbat_pid_gain": "0",
          "vbatcellvoltage": "330,350,430",
          "yawPID": "32,90,0",
          "yaw_deadband": "2",
          "yaw_lowpass_hz": "0",
        },
      ),
      stats: Stats(
        counts: FrameCounts(
          event: 4,
          main: 22168,
          slow: 12,
          gps: 457,
          gps_home: 1,
        ),
      ),
      capped: false,
      events: [
        SyncBeep(292862454),
        FlightMode(
          flags: 0,
          last_flags: 1,
        ),
        Disarm(4),
        End(
          disarm_reason: None,
        ),
      ],
      main: MainFrame(
        count: 22168,
        last_iteration: 354567,
        time: FieldSnapshot(
          min: 0,
          max: 381993134,
          unique: 22168,
          histogram: (1462, 527, 2193, 1437, 1459, 1257, 1222, 1473, 1502, 525, 2243, 1365, 1408, 1483, 1290, 1322),
        ),
        fields: Fields([
          Field(
            name: "axisP[0]",
            unit: Unitless,
            history: FieldSnapshot(
              min: -1768,
              max: 788,
              unique: 207,
              histogram: (8089, 5512, 3136, 1664, 1020, 707, 483, 339, 262, 213, 159, 151, 128, 119, 99, 87),
            ),
          ),
          Field(
            name: "axisP[1]",
            unit: Unitless,
            history: FieldSnapshot(
              min: -3181,
              max: 3145,
              unique: 575,
              histogram: (6758, 4898, 3089, 1868, 1222, 858, 615, 529, 452, 381, 323, 284, 241, 249, 218, 183),
            ),
          ),
          Field(
            name: "axisP[2]",
            unit: Unitless,
            history: FieldSnapshot(
              min: -249,
              max: 2052,
              unique: 181,
              histogram: (8934, 5901, 3013, 1516, 840, 541, 365, 245, 192, 151, 133, 92, 70, 68, 57, 50),
            ),
          ),
          Field(
            name: "axisI[0]",
            unit: Unitless,
            history: FieldSnapshot(
              min: -400,
              max: 400,
              unique: 143,
              histogram: (3453, 3723, 4066, 2801, 1950, 1370, 962, 816, 559, 444, 421, 353, 329, 305, 333, 283),
            ),
          ),
          Field(
            name: "axisI[1]",
            unit: Unitless,
            history: FieldSnapshot(
              min: -400,
              max: 400,
              unique: 264,
              histogram: (1650, 1190, 1458, 1689, 1332, 1071, 1442, 1311, 1701, 1634, 1592, 1551, 1431, 1069, 1078, 969),
            ),
          ),
          Field(
            name: "axisI[2]",
            unit: Unitless,
            history: FieldSnapshot(
              min: -60,
              max: 400,
              unique: 159,
              histogram: (2042, 1549, 1294, 1403, 1660, 2080, 1921, 1896, 1737, 1447, 1455, 1093, 818, 737, 566, 470),
            ),
          ),
          Field(
            name: "axisD[0]",
            unit: Unitless,
            history: FieldSnapshot(
              min: -638,
              max: 1177,
              unique: 179,
              histogram: (7140, 5425, 3448, 2102, 1346, 816, 527, 346, 248, 185, 125, 111, 103, 101, 92, 53),
            ),
          ),
          Field(
            name: "axisD[1]",
            unit: Unitless,
            history: FieldSnapshot(
              min: -3183,
              max: 521,
              unique: 472,
              histogram: (7539, 5393, 3330, 1926, 1218, 713, 478, 357, 246, 211, 184, 144, 127, 100, 101, 101),
            ),
          ),
          Field(
            name: "axisF[0]",
            unit: Unitless,
            history: FieldSnapshot(
              min: -19,
              max: 19,
              unique: 36,
              histogram: (17267, 2637, 1049, 460, 238, 135, 135, 79, 33, 46, 34, 11, 17, 16, 6, 5),
            ),
          ),
          Field(
            name: "axisF[1]",
            unit: Unitless,
            history: FieldSnapshot(
              min: -213,
              max: 171,
              unique: 266,
              histogram: (16932, 2443, 1002, 460, 269, 190, 135, 110, 128, 100, 89, 87, 64, 50, 59, 50),
            ),
          ),
          Field(
            name: "axisF[2]",
            unit: Unitless,
            history: FieldSnapshot(
              min: -19,
              max: 28,
              unique: 42,
              histogram: (19853, 1422, 453, 182, 67, 78, 29, 15, 16, 11, 6, 6, 11, 10, 7, 2),
            ),
          ),
          Field(
            name: "rcCommand[0]",
            unit: Unitless,
            history: FieldSnapshot(
              min: -323,
              max: 138,
              unique: 432,
              histogram: (8472, 1852, 1194, 1026, 898, 901, 714, 911, 797, 686, 904, 964, 736, 704, 752, 657),
            ),
          ),
          Field(
            name: "rcCommand[1]",
            unit: Unitless,
            history: FieldSnapshot(
              min: -279,
              max: 504,
              unique: 728,
              histogram: (4975, 3262, 2381, 963, 864, 1112, 869, 875, 964, 831, 797, 1008, 789, 746, 936, 796),
            ),
          ),
          Field(
            name: "rcCommand[2]",
            unit: Unitless,
            history: FieldSnapshot(
              min: -131,
              max: 355,
              unique: 393,
              histogram: (6229, 2227, 2575, 899, 608, 646, 584, 527, 1027, 452, 725, 3268, 649, 748, 612, 392),
            ),
          ),
          Field(
            name: "rcCommand[3]",
            unit: Unitless,
            history: FieldSnapshot(
              min: 0,
              max: 2007,
              unique: 876,
              histogram: (1198, 1288, 813, 1140, 1395, 995, 1069, 1492, 4359, 1084, 1424, 951, 953, 1507, 1301, 1199),
            ),
          ),
          Field(
            name: "setpoint[0]",
            unit: Unitless,
            history: FieldSnapshot(
              min: -238,
              max: 69,
              unique: 278,
              histogram: (9383, 1755, 1007, 912, 945, 922, 907, 683, 815, 697, 837, 909, 668, 697, 577, 454),
            ),
          ),
          Field(
            name: "setpoint[1]",
            unit: Unitless,
            history: FieldSnapshot(
              min: -185,
              max: 692,
              unique: 649,
              histogram: (7393, 2696, 1276, 1034, 1056, 940, 972, 911, 748, 648, 985, 1227, 592, 689, 489, 512),
            ),
          ),
          Field(
            name: "setpoint[2]",
            unit: Unitless,
            history: FieldSnapshot(
              min: -65,
              max: 285,
              unique: 250,
              histogram: (7898, 3358, 778, 1061, 3459, 1307, 675, 531, 420, 475, 442, 455, 255, 330, 354, 370),
            ),
          ),
          Field(
            name: "setpoint[3]",
            unit: Unitless,
            history: FieldSnapshot(
              min: 0,
              max: 1000,
              unique: 851,
              histogram: (4447, 1153, 1399, 959, 1004, 1446, 1337, 1166, 1237, 1261, 786, 1118, 1303, 1053, 1034, 1465),
            ),
          ),
          Field(
            name: "vbatLatest",
            unit: Voltage,
            history: FieldSnapshot(
              min: 0,
              max: 23980,
              unique: 374,
              histogram: (2894, 0, 2560, 0, 2673, 0, 2787, 0, 2752, 0, 2787, 0, 2834, 0, 2881, 0),
            ),
          ),
          Field(
            name: "amperageLatest",
            unit: Amperage,
            history: FieldSnapshot(
              min: 0,
              max: 147650,
              unique: 547,
              histogram: (4295, 0, 2643, 0, 2941, 0, 1628, 0, 2621, 0, 2740, 0, 2579, 0, 2721, 0),
            ),
          ),
          Field(
            name: "rssi",
            unit: Unitless,
            history: FieldSnapshot(
              min: 0,
              max: 469,
              unique: 290,
              histogram: (1299, 1461, 1493, 1491, 1764, 1275, 1319, 1289, 1602, 1279, 1000, 1298, 1319, 1380, 1395, 1504),
            ),
          ),
          Field(
            name: "gyroADC[0]",
            unit: Rotation,
            history: FieldSnapshot(
              min: -464,
              max: 2000,
              unique: 379,
              histogram: (3824, 4704, 2293, 1522, 1220, 1085, 962, 839, 788, 799, 829, 766, 710, 619, 637, 571),
            ),
          ),
          Field(
            name: "gyroADC[1]",
            unit: Rotation,
            history: FieldSnapshot(
              min: -2014,
              max: 1997,
              unique: 819,
              histogram: (3395, 4028, 2230, 1548, 1297, 1199, 1056, 932, 908, 875, 957, 930, 816, 736, 625, 636),
            ),
          ),
          Field(
            name: "gyroADC[2]",
            unit: Rotation,
            history: FieldSnapshot(
              min: -1993,
              max: 313,
              unique: 342,
              histogram: (2731, 4422, 3236, 2423, 1960, 1527, 1166, 878, 678, 612, 496, 467, 423, 430, 360, 359),
            ),
          ),
          Field(
            name: "accSmooth[0]",
            unit: Acceleration,
            history: FieldSnapshot(
              min: -8169,
              max: 8358,
              unique: 1711,
              histogram: (1420, 1401, 1418, 1333, 1403, 1381, 1380, 1356, 1384, 1419, 1331, 1405, 1388, 1414, 1412, 1323),
            ),
          ),
          Field(
            name: "accSmooth[1]",
            unit: Acceleration,
            history: FieldSnapshot(
              min: -4927,
              max: 3193,
              unique: 1337,
              histogram: (1392, 1412, 1478, 1455, 1432, 1342, 1405, 1443, 1303, 1414, 1287, 1469, 1342, 1433, 1281, 1280),
            ),
          ),
          Field(
            name: "accSmooth[2]",
            unit: Acceleration,
            history: FieldSnapshot(
              min: -1064,
              max: 14055,
              unique: 4229,
              histogram: (1395, 1459, 1415, 1370, 1380, 1317, 1326, 1341, 1381, 1330, 1452, 1458, 1354, 1380, 1424, 1386),
            ),
          ),
          Field(
            name: "debug[0]",
            unit: Unitless,
            history: FieldSnapshot(
              min: -488,
              max: 1997,
              unique: 478,
              histogram: (1532, 2029, 1900, 1634, 1630, 1460, 1410, 1455, 1286, 1223, 1234, 1120, 1110, 1103, 1048, 994),
            ),
          ),
          Field(
            name: "debug[1]",
            unit: Unitless,
            history: FieldSnapshot(
              min: -1999,
              max: 1997,
              unique: 850,
              histogram: (1482, 1860, 1700, 1673, 1617, 1516, 1472, 1358, 1291, 1291, 1243, 1247, 1166, 1086, 1113, 1053),
            ),
          ),
          Field(
            name: "debug[2]",
            unit: Unitless,
            history: FieldSnapshot(
              min: -1998,
              max: 322,
              unique: 388,
              histogram: (1417, 1875, 1906, 1931, 1791, 1716, 1568, 1439, 1321, 1184, 1172, 1097, 1025, 937, 949, 840),
            ),
          ),
          Field(
            name: "debug[3]",
            unit: Unitless,
            history: FieldSnapshot(
              min: 0,
              max: 0,
              unique: 1,
            ),
          ),
          Field(
            name: "motor[0]",
            unit: Unitless,
            history: FieldSnapshot(
              min: 0,
              max: 4294967269,
              unique: 1656,
              histogram: (1404, 1278, 1380, 1376, 1403, 1320, 1347, 1326, 1396, 1330, 1375, 1435, 1357, 1385, 1686, 1370),
            ),
          ),
          Field(
            name: "motor[1]",
            unit: Unitless,
            history: FieldSnapshot(
              min: 0,
              max: 4294967293,
              unique: 1571,
              histogram: (1468, 1362, 1329, 1380, 1282, 1382, 1338, 1344, 1396, 1284, 1404, 1337, 1401, 1750, 1314, 1397),
            ),
          ),
          Field(
            name: "motor[2]",
            unit: Unitless,
            history: FieldSnapshot(
              min: 0,
              max: 4294967295,
              unique: 1700,
              histogram: (1377, 1349, 1264, 1292, 1388, 1331, 1357, 1431, 1349, 1389, 1349, 1276, 1608, 1577, 1418, 1413),
            ),
          ),
          Field(
            name: "motor[3]",
            unit: Unitless,
            history: FieldSnapshot(
              min: 0,
              max: 4294967284,
              unique: 1568,
              histogram: (1328, 1362, 1344, 1293, 1364, 1305, 1413, 1328, 1318, 1389, 1395, 1398, 1456, 1772, 1374, 1329),
            ),
          ),
        ]),
      ),
      slow: SlowFrame(
        count: 12,
        fields: Fields([
          Field(
            name: "flightModeFlags",
            unit: FlightMode,
            history: {
              "ARM": 11,
            },
          ),
          Field(
            name: "stateFlags",
            unit: State,
            history: {
              "GPS_FIX": 12,
              "GPS_FIX_HOME": 12,
            },
          ),
          Field(
            name: "failsafePhase",
            unit: FailsafePhase,
            history: {
              "IDLE": 12,
            },
          ),
          Field(
            name: "rxSignalReceived",
            unit: Boolean,
            history: History(
              yes: 12,
              no: 0,
            ),
          ),
          Field(
            name: "rxFlightChannelsValid",
            unit: Boolean,
            history: History(
              yes: 12,
              no: 0,
            ),
          ),
        ]),
      ),
      gps: GpsFrame(
        count: 457,
        time: FieldSnapshot(
          min: 0,
          max: 381772759,
          unique: 457,
          histogram: (29, 11, 34, 31, 25, 29, 35, 32, 22, 22, 33, 45, 26, 30, 28, 25),
        ),
        fields: Fields([
          Field(
            name: "GPS_numSat",
            unit: Unitless,
            history: FieldSnapshot(
              min: 0,
              max: 15,
              unique: 5,
              histogram: (0, 0, 0, 0, 0, 0, 0, 0, 0, 0, 0, 12, 4, 29, 83, 329),
            ),
          ),
          Field(
            name: "GPS_coord[0]",
            unit: GpsCoordinate,
            history: FieldSnapshot(
              min: 0,
              max: 298136528,
              unique: 419,
              histogram: (29, 22, 35, 29, 24, 28, 29, 42, 21, 28, 24, 40, 23, 27, 23, 33),
            ),
          ),
          Field(
            name: "GPS_coord[1]",
            unit: GpsCoordinate,
            history: FieldSnapshot(
              min: -957833585,
              max: 0,
              unique: 440,
              histogram: (32, 30, 25, 31, 23, 25, 30, 25, 34, 25, 31, 31, 29, 35, 29, 22),
            ),
          ),
          Field(
            name: "GPS_altitude",
            unit: Altitude,
            history: FieldSnapshot(
              min: 0,
              max: 588,
              unique: 174,
              histogram: (21, 25, 29, 28, 28, 31, 28, 30, 27, 30, 34, 32, 31, 32, 19, 32),
            ),
          ),
          Field(
            name: "GPS_speed",
            unit: Velocity,
            history: FieldSnapshot(
              min: 0,
              max: 2774,
              unique: 322,
              histogram: (26, 30, 30, 33, 31, 27, 31, 23, 26, 40, 27, 37, 27, 17, 24, 28),
            ),
          ),
          Field(
            name: "GPS_ground_course",
            unit: GpsHeading,
            history: FieldSnapshot(
              min: 0,
              max: 3534,
              unique: 270,
              histogram: (27, 33, 19, 36, 32, 26, 29, 23, 25, 48, 20, 21, 32, 31, 35, 20),
            ),
          ),
        ]),
      ),
    )),
  ],
)
