---
source: tests/snapshots.rs
expression: snapshot
input_file: ".modules/gimbal-ghost/test/btfl_002.bbl"
---
File(
  count: 3,
  logs: [
    Ok(Log(
      headers: Headers(
        firmware_revision: "Betaflight 4.2.9 (e097f4ab7) STM32F7X2",
        firmware: Betaflight("4.2.9"),
        firmware_date: Some(Ok("2021-04-27 19:34:29.0")),
        board_info: Some("MAMBA F722 I2C"),
        craft_name: Some("DIATONE ROMA F5"),
        debug_mode: GyroScaled,
        disabled_fields: [],
        features: [
          RxSerial,
          SoftSerial,
          Gps,
          Telemetry,
          LedStrip,
          Osd,
          AirMode,
          AntiGravity,
          DynamicFilter,
        ],
        pwm_protocol: Dshot600,
        unknown: {
          "I interval": "128",
          "Log start datetime": "2022-02-05T21:44:46.932+00:00",
          "P interval": "16",
          "P ratio": "8",
          "abs_control_gain": "0",
          "acc_hardware": "0",
          "acc_limit": "0",
          "acc_limit_yaw": "0",
          "acc_lpf_hz": "1000",
          "airmode_activate_throttle": "25",
          "anti_gravity_gain": "3500",
          "anti_gravity_mode": "0",
          "anti_gravity_threshold": "250",
          "baro_hardware": "1",
          "d_min": "23,25,0",
          "d_min_advance": "20",
          "d_min_gain": "37",
          "deadband": "2",
          "dshot_bidir": "1",
          "dshot_idle_value": "550",
          "dterm_filter2_type": "0",
          "dterm_filter_type": "0",
          "dterm_lowpass2_hz": "150",
          "dterm_lowpass_dyn_hz": "70,170",
          "dterm_lowpass_hz": "150",
          "dterm_notch_cutoff": "0",
          "dterm_notch_hz": "0",
          "dterm_rpm_notch_harmonics": "0",
          "dterm_rpm_notch_min": "100",
          "dterm_rpm_notch_q": "500",
          "dyn_notch_max_hz": "600",
          "dyn_notch_min_hz": "150",
          "dyn_notch_q": "120",
          "dyn_notch_width_percent": "8",
          "feedforward_transition": "0",
          "feedforward_weight": "90,95,90",
          "ff_boost": "15",
          "ff_interpolate_sp": "2",
          "ff_max_rate_limit": "100",
          "ff_spike_limit": "60",
          "gyro_cal_on_first_arm": "0",
          "gyro_hardware_lpf": "0",
          "gyro_lowpass2_hz": "238",
          "gyro_lowpass2_type": "0",
          "gyro_lowpass_dyn_hz": "190,475",
          "gyro_lowpass_hz": "200",
          "gyro_lowpass_type": "0",
          "gyro_notch_cutoff": "0,0",
          "gyro_notch_hz": "0,0",
          "gyro_rpm_notch_harmonics": "3",
          "gyro_rpm_notch_min": "100",
          "gyro_rpm_notch_q": "500",
          "gyro_sync_denom": "1",
          "iterm_relax": "1",
          "iterm_relax_cutoff": "15",
          "iterm_relax_type": "1",
          "iterm_windup": "100",
          "levelPID": "50,50,75",
          "looptime": "125",
          "magPID": "40",
          "mag_hardware": "0",
          "maxthrottle": "2000",
          "motor_pwm_rate": "480",
          "pidAtMinThrottle": "1",
          "pid_process_denom": "2",
          "pidsum_limit": "500",
          "pidsum_limit_yaw": "400",
          "pitchPID": "49,90,40",
          "rate_limits": "1998,1998,1998",
          "rates": "70,70,70",
          "rates_type": "0",
          "rc_expo": "0,0,0",
          "rc_interpolation": "2",
          "rc_interpolation_channels": "2",
          "rc_interpolation_interval": "19",
          "rc_rates": "100,100,100",
          "rc_smoothing_active_cutoffs": "23, 90",
          "rc_smoothing_auto_factor": "10",
          "rc_smoothing_cutoffs": "0, 0",
          "rc_smoothing_debug_axis": "0",
          "rc_smoothing_filter_type": "1, 1",
          "rc_smoothing_rx_average": "19969",
          "rc_smoothing_type": "1",
          "rollPID": "47,85,38",
          "rpm_notch_lpf": "150",
          "serialrx_provider": "9",
          "thr_expo": "0",
          "thr_mid": "50",
          "tpa_breakpoint": "1350",
          "tpa_rate": "65",
          "use_integrated_yaw": "0",
          "use_unsynced_pwm": "0",
          "vbat_pid_gain": "0",
          "vbatcellvoltage": "330,350,430",
          "yawPID": "32,90,0",
          "yaw_deadband": "2",
          "yaw_lowpass_hz": "0",
        },
      ),
      stats: Stats(
        counts: FrameCounts(
          event: 4,
          main: 1136,
          slow: 2,
          gps: 24,
          gps_home: 1,
        ),
        progress: 1.0,
      ),
      capped: false,
      events: [
        SyncBeep(151401930),
        FlightMode(
          flags: 0,
          last_flags: 1,
        ),
        Disarm(4),
        End(
          disarm_reason: None,
        ),
      ],
      main: MainFrame(
        count: 1136,
        time: FieldSnapshot(
          min: 0,
          max: 156085384,
          unique: 1136,
          histogram: (103, 21, 148, 133, 137, 38, 34, 34, 131, 19, 84, 76, 41, 19, 41, 77),
        ),
        fields: Fields([
          Field(
            name: "loopIteration",
            unit: Unitless,
            history: FieldSnapshot(
              min: 0,
              max: 18055,
              unique: 1136,
              histogram: (142, 142, 142, 142, 142, 142, 142, 142, 0, 0, 0, 0, 0, 0, 0, 0),
            ),
          ),
          Field(
            name: "axisP[0]",
            unit: Unitless,
            history: FieldSnapshot(
              min: -6,
              max: 2,
              unique: 9,
              histogram: (697, 391, 38, 3, 4, 1, 2, 0, 0, 0, 0, 0, 0, 0, 0, 0),
            ),
          ),
          Field(
            name: "axisP[1]",
            unit: Unitless,
            history: FieldSnapshot(
              min: -4,
              max: 6,
              unique: 11,
              histogram: (338, 294, 234, 127, 101, 39, 3, 0, 0, 0, 0, 0, 0, 0, 0, 0),
            ),
          ),
          Field(
            name: "axisP[2]",
            unit: Unitless,
            history: FieldSnapshot(
              min: -7,
              max: 0,
              unique: 7,
              histogram: (0, 45, 184, 242, 306, 201, 151, 7, 0, 0, 0, 0, 0, 0, 0, 0),
            ),
          ),
          Field(
            name: "axisI[0]",
            unit: Unitless,
            history: FieldSnapshot(
              min: 0,
              max: 0,
              unique: 1,
            ),
          ),
          Field(
            name: "axisI[1]",
            unit: Unitless,
            history: FieldSnapshot(
              min: 0,
              max: 0,
              unique: 1,
            ),
          ),
          Field(
            name: "axisI[2]",
            unit: Unitless,
            history: FieldSnapshot(
              min: 0,
              max: 0,
              unique: 1,
            ),
          ),
          Field(
            name: "axisD[0]",
            unit: Unitless,
            history: FieldSnapshot(
              min: -5,
              max: 5,
              unique: 11,
              histogram: (342, 418, 235, 108, 30, 3, 0, 0, 0, 0, 0, 0, 0, 0, 0, 0),
            ),
          ),
          Field(
            name: "axisD[1]",
            unit: Unitless,
            history: FieldSnapshot(
              min: -11,
              max: 10,
              unique: 22,
              histogram: (173, 183, 182, 109, 117, 88, 96, 91, 60, 27, 9, 1, 0, 0, 0, 0),
            ),
          ),
          Field(
            name: "axisF[0]",
            unit: Unitless,
            history: FieldSnapshot(
              min: -1,
              max: 2,
              unique: 4,
              histogram: (1116, 10, 10, 0, 0, 0, 0, 0, 0, 0, 0, 0, 0, 0, 0, 0),
            ),
          ),
          Field(
            name: "axisF[1]",
            unit: Unitless,
            history: FieldSnapshot(
              min: 0,
              max: 0,
              unique: 1,
            ),
          ),
          Field(
            name: "axisF[2]",
            unit: Unitless,
            history: FieldSnapshot(
              min: 0,
              max: 0,
              unique: 1,
            ),
          ),
          Field(
            name: "rcCommand[0]",
            unit: Unitless,
            history: FieldSnapshot(
              min: -10,
              max: 0,
              unique: 11,
              histogram: (1112, 11, 2, 1, 1, 1, 1, 2, 1, 2, 2, 0, 0, 0, 0, 0),
            ),
          ),
          Field(
            name: "rcCommand[1]",
            unit: Unitless,
            history: FieldSnapshot(
              min: 0,
              max: 1,
              unique: 2,
              histogram: (872, 264, 0, 0, 0, 0, 0, 0, 0, 0, 0, 0, 0, 0, 0, 0),
            ),
          ),
          Field(
            name: "rcCommand[2]",
            unit: Unitless,
            history: FieldSnapshot(
              min: -13,
              max: 0,
              unique: 4,
              histogram: (0, 0, 0, 0, 0, 0, 0, 0, 0, 0, 46, 1028, 33, 29, 0, 0),
            ),
          ),
          Field(
            name: "rcCommand[3]",
            unit: Unitless,
            history: FieldSnapshot(
              min: 0,
              max: 1000,
              unique: 1,
            ),
          ),
          Field(
            name: "setpoint[0]",
            unit: Unitless,
            history: FieldSnapshot(
              min: -4,
              max: 0,
              unique: 5,
              histogram: (1123, 3, 2, 5, 3, 0, 0, 0, 0, 0, 0, 0, 0, 0, 0, 0),
            ),
          ),
          Field(
            name: "setpoint[1]",
            unit: Unitless,
            history: FieldSnapshot(
              min: 0,
              max: 0,
              unique: 1,
            ),
          ),
          Field(
            name: "setpoint[2]",
            unit: Unitless,
            history: FieldSnapshot(
              min: -5,
              max: 0,
              unique: 2,
              histogram: (0, 0, 0, 0, 1035, 101, 0, 0, 0, 0, 0, 0, 0, 0, 0, 0),
            ),
          ),
          Field(
            name: "setpoint[3]",
            unit: Unitless,
            history: FieldSnapshot(
              min: 0,
              max: 0,
              unique: 1,
            ),
          ),
          Field(
            name: "vbatLatest",
            unit: Voltage,
            history: FieldSnapshot(
              min: 0,
              max: 24980,
              unique: 23,
              histogram: (135, 0, 135, 0, 240, 0, 120, 0, 140, 0, 150, 0, 150, 0, 66, 0),
            ),
          ),
          Field(
            name: "amperageLatest",
            unit: Amperage,
            history: FieldSnapshot(
              min: 0,
              max: 5130,
              unique: 43,
              histogram: (375, 0, 131, 0, 175, 0, 55, 0, 80, 0, 95, 0, 70, 0, 155, 0),
            ),
          ),
          Field(
            name: "rssi",
            unit: Unitless,
            history: FieldSnapshot(
              min: 0,
              max: 416,
              unique: 33,
              histogram: (140, 50, 50, 25, 104, 75, 25, 43, 50, 100, 50, 25, 50, 100, 99, 150),
            ),
          ),
          Field(
            name: "gyroADC[0]",
            unit: Rotation,
            history: FieldSnapshot(
              min: -2,
              max: 2,
              unique: 5,
              histogram: (512, 571, 53, 0, 0, 0, 0, 0, 0, 0, 0, 0, 0, 0, 0, 0),
            ),
          ),
          Field(
            name: "gyroADC[1]",
            unit: Rotation,
            history: FieldSnapshot(
              min: -5,
              max: 4,
              unique: 10,
              histogram: (279, 461, 246, 106, 37, 7, 0, 0, 0, 0, 0, 0, 0, 0, 0, 0),
            ),
          ),
          Field(
            name: "gyroADC[2]",
            unit: Rotation,
            history: FieldSnapshot(
              min: -4,
              max: 3,
              unique: 8,
              histogram: (321, 458, 264, 82, 11, 0, 0, 0, 0, 0, 0, 0, 0, 0, 0, 0),
            ),
          ),
          Field(
            name: "accSmooth[0]",
            unit: Acceleration,
            history: FieldSnapshot(
              min: -36,
              max: 0,
              unique: 17,
              histogram: (29, 15, 8, 1, 2, 2, 2, 11, 9, 34, 59, 153, 242, 297, 184, 88),
            ),
          ),
          Field(
            name: "accSmooth[1]",
            unit: Acceleration,
            history: FieldSnapshot(
              min: -6,
              max: 15,
              unique: 22,
              histogram: (28, 35, 73, 106, 178, 204, 203, 167, 79, 30, 21, 7, 2, 1, 1, 1),
            ),
          ),
          Field(
            name: "accSmooth[2]",
            unit: Acceleration,
            history: FieldSnapshot(
              min: 0,
              max: 977,
              unique: 28,
              histogram: (115, 106, 120, 43, 21, 30, 33, 15, 29, 44, 61, 70, 89, 114, 118, 128),
            ),
          ),
          Field(
            name: "debug[0]",
            unit: Unitless,
            history: FieldSnapshot(
              min: -6,
              max: 6,
              unique: 13,
              histogram: (226, 436, 283, 132, 46, 9, 4, 0, 0, 0, 0, 0, 0, 0, 0, 0),
            ),
          ),
          Field(
            name: "debug[1]",
            unit: Unitless,
            history: FieldSnapshot(
              min: -7,
              max: 7,
              unique: 15,
              histogram: (180, 324, 259, 204, 102, 44, 20, 3, 0, 0, 0, 0, 0, 0, 0, 0),
            ),
          ),
          Field(
            name: "debug[2]",
            unit: Unitless,
            history: FieldSnapshot(
              min: -6,
              max: 6,
              unique: 13,
              histogram: (242, 369, 257, 162, 79, 22, 5, 0, 0, 0, 0, 0, 0, 0, 0, 0),
            ),
          ),
          Field(
            name: "debug[3]",
            unit: Unitless,
            history: FieldSnapshot(
              min: 0,
              max: 0,
              unique: 1,
            ),
          ),
          Field(
            name: "motor[0]",
            unit: Unitless,
            history: FieldSnapshot(
              min: 0,
              max: 253,
              unique: 85,
              histogram: (70, 70, 80, 69, 77, 85, 55, 64, 66, 61, 75, 59, 90, 77, 56, 82),
            ),
          ),
          Field(
            name: "motor[1]",
            unit: Unitless,
            history: FieldSnapshot(
              min: 0,
              max: 245,
              unique: 109,
              histogram: (49, 51, 55, 55, 48, 64, 71, 59, 67, 77, 67, 109, 97, 154, 63, 50),
            ),
          ),
          Field(
            name: "motor[2]",
            unit: Unitless,
            history: FieldSnapshot(
              min: 0,
              max: 266,
              unique: 114,
              histogram: (56, 54, 69, 70, 62, 74, 62, 61, 67, 76, 70, 79, 70, 140, 57, 69),
            ),
          ),
          Field(
            name: "motor[3]",
            unit: Unitless,
            history: FieldSnapshot(
              min: 0,
              max: 231,
              unique: 75,
              histogram: (73, 69, 71, 80, 71, 60, 69, 77, 57, 66, 80, 79, 79, 64, 76, 65),
            ),
          ),
        ]),
      ),
      slow: SlowFrame(
        count: 2,
        fields: Fields([
          Field(
            name: "flightModeFlags",
            unit: FlightMode,
            history: {
              "ARM": 1,
            },
          ),
          Field(
            name: "stateFlags",
            unit: State,
            history: {
              "GPS_FIX": 2,
              "GPS_FIX_HOME": 2,
            },
          ),
          Field(
            name: "failsafePhase",
            unit: FailsafePhase,
            history: {
              "IDLE": 2,
            },
          ),
          Field(
            name: "rxSignalReceived",
            unit: Boolean,
            history: History(
              yes: 2,
              no: 0,
            ),
          ),
          Field(
            name: "rxFlightChannelsValid",
            unit: Boolean,
            history: History(
              yes: 2,
              no: 0,
            ),
          ),
        ]),
      ),
      gps: GpsFrame(
        count: 24,
        time: FieldSnapshot(
          min: 0,
          max: 156056168,
          unique: 24,
          histogram: (3, 0, 2, 0, 1, 1, 2, 2, 3, 1, 3, 2, 0, 1, 1, 2),
        ),
        fields: Fields([
          Field(
            name: "GPS_numSat",
            unit: Unitless,
            history: FieldSnapshot(
              min: 0,
              max: 12,
              unique: 1,
            ),
          ),
          Field(
            name: "GPS_coord[0]",
            unit: GpsCoordinate,
            history: FieldSnapshot(
              min: 0,
              max: 298132142,
              unique: 24,
              histogram: (2, 2, 1, 1, 1, 4, 1, 2, 2, 1, 2, 1, 2, 0, 2, 0),
            ),
          ),
          Field(
            name: "GPS_coord[1]",
            unit: GpsCoordinate,
            history: FieldSnapshot(
              min: -957820525,
              max: 0,
              unique: 19,
              histogram: (3, 0, 1, 1, 1, 3, 1, 1, 1, 0, 2, 2, 1, 2, 4, 1),
            ),
          ),
          Field(
            name: "GPS_altitude",
            unit: Altitude,
            history: FieldSnapshot(
              min: 0,
              max: 326,
              unique: 8,
              histogram: (6, 3, 2, 3, 6, 2, 1, 0, 0, 0, 0, 0, 0, 0, 0, 1),
            ),
          ),
          Field(
            name: "GPS_speed",
            unit: Velocity,
            history: FieldSnapshot(
              min: 0,
              max: 26,
              unique: 13,
              histogram: (0, 1, 1, 6, 1, 5, 1, 0, 0, 2, 2, 2, 1, 2, 0, 0),
            ),
          ),
          Field(
            name: "GPS_ground_course",
            unit: GpsHeading,
            history: FieldSnapshot(
              min: 0,
              max: 1076,
              unique: 1,
            ),
          ),
        ]),
      ),
    )),
    Ok(Log(
      headers: Headers(
        firmware_revision: "Betaflight 4.2.9 (e097f4ab7) STM32F7X2",
        firmware: Betaflight("4.2.9"),
        firmware_date: Some(Ok("2021-04-27 19:34:29.0")),
        board_info: Some("MAMBA F722 I2C"),
        craft_name: Some("DIATONE ROMA F5"),
        debug_mode: GyroScaled,
        disabled_fields: [],
        features: [
          RxSerial,
          SoftSerial,
          Gps,
          Telemetry,
          LedStrip,
          Osd,
          AirMode,
          AntiGravity,
          DynamicFilter,
        ],
        pwm_protocol: Dshot600,
        unknown: {
          "I interval": "128",
          "Log start datetime": "2022-02-05T21:44:53.024+00:00",
          "P interval": "16",
          "P ratio": "8",
          "abs_control_gain": "0",
          "acc_hardware": "0",
          "acc_limit": "0",
          "acc_limit_yaw": "0",
          "acc_lpf_hz": "1000",
          "airmode_activate_throttle": "25",
          "anti_gravity_gain": "3500",
          "anti_gravity_mode": "0",
          "anti_gravity_threshold": "250",
          "baro_hardware": "1",
          "d_min": "23,25,0",
          "d_min_advance": "20",
          "d_min_gain": "37",
          "deadband": "2",
          "dshot_bidir": "1",
          "dshot_idle_value": "550",
          "dterm_filter2_type": "0",
          "dterm_filter_type": "0",
          "dterm_lowpass2_hz": "150",
          "dterm_lowpass_dyn_hz": "70,170",
          "dterm_lowpass_hz": "150",
          "dterm_notch_cutoff": "0",
          "dterm_notch_hz": "0",
          "dterm_rpm_notch_harmonics": "0",
          "dterm_rpm_notch_min": "100",
          "dterm_rpm_notch_q": "500",
          "dyn_notch_max_hz": "600",
          "dyn_notch_min_hz": "150",
          "dyn_notch_q": "120",
          "dyn_notch_width_percent": "8",
          "feedforward_transition": "0",
          "feedforward_weight": "90,95,90",
          "ff_boost": "15",
          "ff_interpolate_sp": "2",
          "ff_max_rate_limit": "100",
          "ff_spike_limit": "60",
          "gyro_cal_on_first_arm": "0",
          "gyro_hardware_lpf": "0",
          "gyro_lowpass2_hz": "238",
          "gyro_lowpass2_type": "0",
          "gyro_lowpass_dyn_hz": "190,475",
          "gyro_lowpass_hz": "200",
          "gyro_lowpass_type": "0",
          "gyro_notch_cutoff": "0,0",
          "gyro_notch_hz": "0,0",
          "gyro_rpm_notch_harmonics": "3",
          "gyro_rpm_notch_min": "100",
          "gyro_rpm_notch_q": "500",
          "gyro_sync_denom": "1",
          "iterm_relax": "1",
          "iterm_relax_cutoff": "15",
          "iterm_relax_type": "1",
          "iterm_windup": "100",
          "levelPID": "50,50,75",
          "looptime": "125",
          "magPID": "40",
          "mag_hardware": "0",
          "maxthrottle": "2000",
          "motor_pwm_rate": "480",
          "pidAtMinThrottle": "1",
          "pid_process_denom": "2",
          "pidsum_limit": "500",
          "pidsum_limit_yaw": "400",
          "pitchPID": "49,90,40",
          "rate_limits": "1998,1998,1998",
          "rates": "70,70,70",
          "rates_type": "0",
          "rc_expo": "0,0,0",
          "rc_interpolation": "2",
          "rc_interpolation_channels": "2",
          "rc_interpolation_interval": "19",
          "rc_rates": "100,100,100",
          "rc_smoothing_active_cutoffs": "23, 90",
          "rc_smoothing_auto_factor": "10",
          "rc_smoothing_cutoffs": "0, 0",
          "rc_smoothing_debug_axis": "0",
          "rc_smoothing_filter_type": "1, 1",
          "rc_smoothing_rx_average": "19969",
          "rc_smoothing_type": "1",
          "rollPID": "47,85,38",
          "rpm_notch_lpf": "150",
          "serialrx_provider": "9",
          "thr_expo": "0",
          "thr_mid": "50",
          "tpa_breakpoint": "1350",
          "tpa_rate": "65",
          "use_integrated_yaw": "0",
          "use_unsynced_pwm": "0",
          "vbat_pid_gain": "0",
          "vbatcellvoltage": "330,350,430",
          "yawPID": "32,90,0",
          "yaw_deadband": "2",
          "yaw_lowpass_hz": "0",
        },
      ),
      stats: Stats(
        counts: FrameCounts(
          event: 4,
          main: 38,
          slow: 2,
          gps: 2,
          gps_home: 1,
        ),
        progress: 1.0,
      ),
      capped: false,
      events: [
        SyncBeep(157487681),
        FlightMode(
          flags: 0,
          last_flags: 1,
        ),
        Disarm(4),
        End(
          disarm_reason: None,
        ),
      ],
      main: MainFrame(
        count: 38,
        time: FieldSnapshot(
          min: 0,
          max: 157782259,
          unique: 38,
          histogram: (0, 0, 0, 34, 3, 1, 0, 0, 0, 0, 0, 0, 0, 0, 0, 0),
        ),
        fields: Fields([
          Field(
            name: "loopIteration",
            unit: Unitless,
            history: FieldSnapshot(
              min: 0,
              max: 517,
              unique: 38,
              histogram: (5, 5, 5, 5, 5, 5, 4, 4, 0, 0, 0, 0, 0, 0, 0, 0),
            ),
          ),
          Field(
            name: "axisP[0]",
            unit: Unitless,
            history: FieldSnapshot(
              min: -2,
              max: 1,
              unique: 4,
              histogram: (21, 13, 4, 0, 0, 0, 0, 0, 0, 0, 0, 0, 0, 0, 0, 0),
            ),
          ),
          Field(
            name: "axisP[1]",
            unit: Unitless,
            history: FieldSnapshot(
              min: -3,
              max: 4,
              unique: 8,
              histogram: (15, 8, 3, 10, 2, 0, 0, 0, 0, 0, 0, 0, 0, 0, 0, 0),
            ),
          ),
          Field(
            name: "axisP[2]",
            unit: Unitless,
            history: FieldSnapshot(
              min: -6,
              max: 0,
              unique: 5,
              histogram: (0, 0, 9, 6, 9, 9, 5, 0, 0, 0, 0, 0, 0, 0, 0, 0),
            ),
          ),
          Field(
            name: "axisI[0]",
            unit: Unitless,
            history: FieldSnapshot(
              min: 0,
              max: 0,
              unique: 1,
            ),
          ),
          Field(
            name: "axisI[1]",
            unit: Unitless,
            history: FieldSnapshot(
              min: 0,
              max: 0,
              unique: 1,
            ),
          ),
          Field(
            name: "axisI[2]",
            unit: Unitless,
            history: FieldSnapshot(
              min: 0,
              max: 0,
              unique: 1,
            ),
          ),
          Field(
            name: "axisD[0]",
            unit: Unitless,
            history: FieldSnapshot(
              min: -4,
              max: 3,
              unique: 8,
              histogram: (14, 12, 9, 2, 1, 0, 0, 0, 0, 0, 0, 0, 0, 0, 0, 0),
            ),
          ),
          Field(
            name: "axisD[1]",
            unit: Unitless,
            history: FieldSnapshot(
              min: -8,
              max: 7,
              unique: 14,
              histogram: (7, 3, 6, 5, 7, 5, 2, 2, 1, 0, 0, 0, 0, 0, 0, 0),
            ),
          ),
          Field(
            name: "axisF[0]",
            unit: Unitless,
            history: FieldSnapshot(
              min: 0,
              max: 0,
              unique: 1,
            ),
          ),
          Field(
            name: "axisF[1]",
            unit: Unitless,
            history: FieldSnapshot(
              min: 0,
              max: 0,
              unique: 1,
            ),
          ),
          Field(
            name: "axisF[2]",
            unit: Unitless,
            history: FieldSnapshot(
              min: 0,
              max: 0,
              unique: 1,
            ),
          ),
          Field(
            name: "rcCommand[0]",
            unit: Unitless,
            history: FieldSnapshot(
              min: 0,
              max: 0,
              unique: 1,
            ),
          ),
          Field(
            name: "rcCommand[1]",
            unit: Unitless,
            history: FieldSnapshot(
              min: 0,
              max: 1,
              unique: 2,
              histogram: (32, 6, 0, 0, 0, 0, 0, 0, 0, 0, 0, 0, 0, 0, 0, 0),
            ),
          ),
          Field(
            name: "rcCommand[2]",
            unit: Unitless,
            history: FieldSnapshot(
              min: -11,
              max: 0,
              unique: 1,
            ),
          ),
          Field(
            name: "rcCommand[3]",
            unit: Unitless,
            history: FieldSnapshot(
              min: 0,
              max: 1000,
              unique: 1,
            ),
          ),
          Field(
            name: "setpoint[0]",
            unit: Unitless,
            history: FieldSnapshot(
              min: 0,
              max: 0,
              unique: 1,
            ),
          ),
          Field(
            name: "setpoint[1]",
            unit: Unitless,
            history: FieldSnapshot(
              min: 0,
              max: 0,
              unique: 1,
            ),
          ),
          Field(
            name: "setpoint[2]",
            unit: Unitless,
            history: FieldSnapshot(
              min: -4,
              max: 0,
              unique: 1,
            ),
          ),
          Field(
            name: "setpoint[3]",
            unit: Unitless,
            history: FieldSnapshot(
              min: 0,
              max: 0,
              unique: 1,
            ),
          ),
          Field(
            name: "vbatLatest",
            unit: Voltage,
            history: FieldSnapshot(
              min: 0,
              max: 24870,
              unique: 5,
              histogram: (0, 0, 5, 0, 15, 0, 8, 0, 0, 0, 5, 0, 0, 0, 5, 0),
            ),
          ),
          Field(
            name: "amperageLatest",
            unit: Amperage,
            history: FieldSnapshot(
              min: 0,
              max: 1730,
              unique: 5,
              histogram: (14, 0, 5, 0, 0, 0, 0, 0, 0, 0, 0, 0, 9, 0, 10, 0),
            ),
          ),
          Field(
            name: "rssi",
            unit: Unitless,
            history: FieldSnapshot(
              min: 0,
              max: 417,
              unique: 1,
            ),
          ),
          Field(
            name: "gyroADC[0]",
            unit: Rotation,
            history: FieldSnapshot(
              min: -1,
              max: 2,
              unique: 4,
              histogram: (17, 19, 2, 0, 0, 0, 0, 0, 0, 0, 0, 0, 0, 0, 0, 0),
            ),
          ),
          Field(
            name: "gyroADC[1]",
            unit: Rotation,
            history: FieldSnapshot(
              min: -3,
              max: 2,
              unique: 6,
              histogram: (10, 17, 10, 1, 0, 0, 0, 0, 0, 0, 0, 0, 0, 0, 0, 0),
            ),
          ),
          Field(
            name: "gyroADC[2]",
            unit: Rotation,
            history: FieldSnapshot(
              min: -3,
              max: 2,
              unique: 6,
              histogram: (11, 11, 14, 2, 0, 0, 0, 0, 0, 0, 0, 0, 0, 0, 0, 0),
            ),
          ),
          Field(
            name: "accSmooth[0]",
            unit: Acceleration,
            history: FieldSnapshot(
              min: -35,
              max: 0,
              unique: 15,
              histogram: (3, 3, 1, 1, 1, 1, 0, 3, 1, 1, 4, 5, 5, 3, 2, 4),
            ),
          ),
          Field(
            name: "accSmooth[1]",
            unit: Acceleration,
            history: FieldSnapshot(
              min: 0,
              max: 17,
              unique: 15,
              histogram: (1, 1, 3, 2, 7, 4, 5, 1, 6, 1, 3, 1, 1, 1, 0, 1),
            ),
          ),
          Field(
            name: "accSmooth[2]",
            unit: Acceleration,
            history: FieldSnapshot(
              min: 0,
              max: 971,
              unique: 17,
              histogram: (2, 1, 5, 2, 4, 2, 1, 0, 2, 2, 1, 5, 3, 3, 4, 1),
            ),
          ),
          Field(
            name: "debug[0]",
            unit: Unitless,
            history: FieldSnapshot(
              min: -2,
              max: 3,
              unique: 6,
              histogram: (5, 17, 11, 5, 0, 0, 0, 0, 0, 0, 0, 0, 0, 0, 0, 0),
            ),
          ),
          Field(
            name: "debug[1]",
            unit: Unitless,
            history: FieldSnapshot(
              min: -5,
              max: 7,
              unique: 11,
              histogram: (7, 8, 10, 6, 5, 1, 0, 1, 0, 0, 0, 0, 0, 0, 0, 0),
            ),
          ),
          Field(
            name: "debug[2]",
            unit: Unitless,
            history: FieldSnapshot(
              min: -4,
              max: 4,
              unique: 9,
              histogram: (6, 15, 9, 6, 2, 0, 0, 0, 0, 0, 0, 0, 0, 0, 0, 0),
            ),
          ),
          Field(
            name: "debug[3]",
            unit: Unitless,
            history: FieldSnapshot(
              min: 0,
              max: 0,
              unique: 1,
            ),
          ),
          Field(
            name: "motor[0]",
            unit: Unitless,
            history: FieldSnapshot(
              min: 0,
              max: 216,
              unique: 21,
              histogram: (6, 1, 4, 0, 1, 3, 1, 0, 5, 1, 4, 4, 2, 2, 1, 3),
            ),
          ),
          Field(
            name: "motor[1]",
            unit: Unitless,
            history: FieldSnapshot(
              min: 0,
              max: 233,
              unique: 22,
              histogram: (3, 1, 1, 0, 2, 0, 3, 2, 0, 4, 2, 2, 1, 15, 0, 2),
            ),
          ),
          Field(
            name: "motor[2]",
            unit: Unitless,
            history: FieldSnapshot(
              min: 0,
              max: 207,
              unique: 28,
              histogram: (2, 3, 7, 3, 3, 1, 1, 2, 2, 4, 1, 3, 0, 5, 0, 1),
            ),
          ),
          Field(
            name: "motor[3]",
            unit: Unitless,
            history: FieldSnapshot(
              min: 0,
              max: 223,
              unique: 24,
              histogram: (3, 3, 2, 1, 1, 1, 3, 3, 4, 6, 2, 2, 4, 0, 2, 1),
            ),
          ),
        ]),
      ),
      slow: SlowFrame(
        count: 2,
        fields: Fields([
          Field(
            name: "flightModeFlags",
            unit: FlightMode,
            history: {
              "ARM": 1,
            },
          ),
          Field(
            name: "stateFlags",
            unit: State,
            history: {
              "GPS_FIX": 2,
              "GPS_FIX_HOME": 2,
            },
          ),
          Field(
            name: "failsafePhase",
            unit: FailsafePhase,
            history: {
              "IDLE": 2,
            },
          ),
          Field(
            name: "rxSignalReceived",
            unit: Boolean,
            history: History(
              yes: 2,
              no: 0,
            ),
          ),
          Field(
            name: "rxFlightChannelsValid",
            unit: Boolean,
            history: History(
              yes: 2,
              no: 0,
            ),
          ),
        ]),
      ),
      gps: GpsFrame(
        count: 2,
        time: FieldSnapshot(
          min: 0,
          max: 157657760,
          unique: 2,
          histogram: (1, 0, 0, 0, 0, 0, 0, 0, 0, 0, 0, 1, 0, 0, 0, 0),
        ),
        fields: Fields([
          Field(
            name: "GPS_numSat",
            unit: Unitless,
            history: FieldSnapshot(
              min: 0,
              max: 12,
              unique: 1,
            ),
          ),
          Field(
            name: "GPS_coord[0]",
            unit: GpsCoordinate,
            history: FieldSnapshot(
              min: 0,
              max: 298132062,
              unique: 2,
              histogram: (0, 0, 0, 0, 0, 0, 0, 0, 0, 0, 1, 0, 0, 0, 1, 0),
            ),
          ),
          Field(
            name: "GPS_coord[1]",
            unit: GpsCoordinate,
            history: FieldSnapshot(
              min: -957820541,
              max: 0,
              unique: 2,
              histogram: (0, 0, 0, 0, 0, 0, 0, 0, 0, 0, 0, 1, 0, 1, 0, 0),
            ),
          ),
          Field(
            name: "GPS_altitude",
            unit: Altitude,
            history: FieldSnapshot(
              min: 0,
              max: 316,
              unique: 2,
              histogram: (0, 0, 0, 0, 0, 0, 0, 0, 0, 0, 0, 1, 1, 0, 0, 0),
            ),
          ),
          Field(
            name: "GPS_speed",
            unit: Velocity,
            history: FieldSnapshot(
              min: 0,
              max: 24,
              unique: 2,
              histogram: (0, 0, 0, 0, 0, 0, 0, 0, 2, 0, 0, 0, 0, 0, 0, 0),
            ),
          ),
          Field(
            name: "GPS_ground_course",
            unit: GpsHeading,
            history: FieldSnapshot(
              min: 0,
              max: 1076,
              unique: 1,
            ),
          ),
        ]),
      ),
    )),
  ],
)
